Archive member included to satisfy reference by file (symbol)

../../../../../lib/mcu/stm32f769//libpv_porcupine.a(picovoice.o)
                              Src/main_multi.o (pv_status_to_string)
../../../../../lib/mcu/stm32f769//libpv_porcupine.a(pv_porcupine.o)
                              Src/main_multi.o (pv_porcupine_init)
../../../../../lib/mcu/stm32f769//libpv_porcupine.a(pv_porcupine_internal.o)
                              ../../../../../lib/mcu/stm32f769//libpv_porcupine.a(pv_porcupine.o) (taabe184)
../../../../../lib/mcu/stm32f769//libpv_porcupine.a(pv_cipher.o)
                              ../../../../../lib/mcu/stm32f769//libpv_porcupine.a(pv_porcupine_internal.o) (taabe303)
../../../../../lib/mcu/stm32f769//libpv_porcupine.a(pv_language.o)
                              ../../../../../lib/mcu/stm32f769//libpv_porcupine.a(pv_porcupine_internal.o) (taabe252)
../../../../../lib/mcu/stm32f769//libpv_porcupine.a(pv_memory.o)
                              ../../../../../lib/mcu/stm32f769//libpv_porcupine.a(pv_porcupine.o) (taabe245)
../../../../../lib/mcu/stm32f769//libpv_porcupine.a(pv_filterbank.o)
                              ../../../../../lib/mcu/stm32f769//libpv_porcupine.a(pv_porcupine_internal.o) (taabe158)
../../../../../lib/mcu/stm32f769//libpv_porcupine.a(pv_stft.o)
                              ../../../../../lib/mcu/stm32f769//libpv_porcupine.a(pv_filterbank.o) (taabe163)
../../../../../lib/mcu/stm32f769//libpv_porcupine.a(pv_log.o)
                              ../../../../../lib/mcu/stm32f769//libpv_porcupine.a(pv_porcupine.o) (taabe218)
../../../../../lib/mcu/stm32f769//libpv_porcupine.a(pv_fft.o)
                              ../../../../../lib/mcu/stm32f769//libpv_porcupine.a(pv_stft.o) (taabe134)
../../../../../lib/mcu/stm32f769//libpv_porcupine.a(pv_math.o)
                              ../../../../../lib/mcu/stm32f769//libpv_porcupine.a(pv_porcupine_internal.o) (taabe154)
../../../../../lib/mcu/stm32f769//libpv_porcupine.a(pv_online_token_classifier.o)
                              ../../../../../lib/mcu/stm32f769//libpv_porcupine.a(pv_porcupine_internal.o) (taabe233)
../../../../../lib/mcu/stm32f769//libpv_porcupine.a(pv_fc.o)
                              ../../../../../lib/mcu/stm32f769//libpv_porcupine.a(pv_online_token_classifier.o) (taabe14)
../../../../../lib/mcu/stm32f769//libpv_porcupine.a(pv_rnn.o)
                              ../../../../../lib/mcu/stm32f769//libpv_porcupine.a(pv_online_token_classifier.o) (taabe3)
../../../../../lib/mcu/stm32f769//libpv_porcupine.a(pv_softmax.o)
                              ../../../../../lib/mcu/stm32f769//libpv_porcupine.a(pv_online_token_classifier.o) (taabe17)
../../../../../lib/mcu/stm32f769//libpv_porcupine.a(pv_classifier_168_cortexm.o)
                              ../../../../../lib/mcu/stm32f769//libpv_porcupine.a(pv_porcupine_internal.o) (PV_PORCUPINE_CLASSIFIER_PARAM)
../../../../../lib/mcu/stm32f769//libpv_porcupine.a(pv_porcupine_decoder.o)
                              ../../../../../lib/mcu/stm32f769//libpv_porcupine.a(pv_porcupine_internal.o) (taabe180)
/opt/st/stm32cubeide_1.5.0/plugins/com.st.stm32cube.ide.mcu.externaltools.gnu-tools-for-stm32.7-2018-q2-update.linux64_1.5.0.202011040924/tools/bin/../lib/gcc/arm-none-eabi/7.3.1/../../../../arm-none-eabi/lib/thumb/v7e-m/fpv5/hard/libc_nano.a(lib_a-errno.o)
                              Src/syscalls.o (__errno)
/opt/st/stm32cubeide_1.5.0/plugins/com.st.stm32cube.ide.mcu.externaltools.gnu-tools-for-stm32.7-2018-q2-update.linux64_1.5.0.202011040924/tools/bin/../lib/gcc/arm-none-eabi/7.3.1/../../../../arm-none-eabi/lib/thumb/v7e-m/fpv5/hard/libc_nano.a(lib_a-exit.o)
                              /opt/st/stm32cubeide_1.5.0/plugins/com.st.stm32cube.ide.mcu.externaltools.gnu-tools-for-stm32.7-2018-q2-update.linux64_1.5.0.202011040924/tools/bin/../lib/gcc/arm-none-eabi/7.3.1/../../../../arm-none-eabi/lib/thumb/v7e-m/fpv5/hard/crt0.o (exit)
/opt/st/stm32cubeide_1.5.0/plugins/com.st.stm32cube.ide.mcu.externaltools.gnu-tools-for-stm32.7-2018-q2-update.linux64_1.5.0.202011040924/tools/bin/../lib/gcc/arm-none-eabi/7.3.1/../../../../arm-none-eabi/lib/thumb/v7e-m/fpv5/hard/libc_nano.a(lib_a-impure.o)
                              /opt/st/stm32cubeide_1.5.0/plugins/com.st.stm32cube.ide.mcu.externaltools.gnu-tools-for-stm32.7-2018-q2-update.linux64_1.5.0.202011040924/tools/bin/../lib/gcc/arm-none-eabi/7.3.1/../../../../arm-none-eabi/lib/thumb/v7e-m/fpv5/hard/libc_nano.a(lib_a-exit.o) (_global_impure_ptr)
/opt/st/stm32cubeide_1.5.0/plugins/com.st.stm32cube.ide.mcu.externaltools.gnu-tools-for-stm32.7-2018-q2-update.linux64_1.5.0.202011040924/tools/bin/../lib/gcc/arm-none-eabi/7.3.1/../../../../arm-none-eabi/lib/thumb/v7e-m/fpv5/hard/libc_nano.a(lib_a-init.o)
[...]
Memory Configuration

Name             Origin             Length             Attributes
RAM              0x0000000020000000 0x0000000000080000 xrw
FLASH            0x0000000008000000 0x0000000000200000 xr
*default*        0x0000000000000000 0xffffffffffffffff

Linker script and memory map

LOAD /opt/st/stm32cubeide_1.5.0/plugins/com.st.stm32cube.ide.mcu.externaltools.gnu-tools-for-stm32.7-2018-q2-update.linux64_1.5.0.202011040924/tools/bin/../lib/gcc/arm-none-eabi/7.3.1/thumb/v7e-m/fpv5/hard/crti.o
LOAD /opt/st/stm32cubeide_1.5.0/plugins/com.st.stm32cube.ide.mcu.externaltools.gnu-tools-for-stm32.7-2018-q2-update.linux64_1.5.0.202011040924/tools/bin/../lib/gcc/arm-none-eabi/7.3.1/thumb/v7e-m/fpv5/hard/crtbegin.o
LOAD /opt/st/stm32cubeide_1.5.0/plugins/com.st.stm32cube.ide.mcu.externaltools.gnu-tools-for-stm32.7-2018-q2-update.linux64_1.5.0.202011040924/tools/bin/../lib/gcc/arm-none-eabi/7.3.1/../../../../arm-none-eabi/lib/thumb/v7e-m/fpv5/hard/crt0.o
LOAD Drivers/BSP/Components/wm8994/wm8994.o
LOAD Drivers/BSP/STM32F769I-Discovery/stm32f769i_discovery.o
LOAD Drivers/BSP/STM32F769I-Discovery/stm32f769i_discovery_audio.o
LOAD Drivers/BSP/STM32F769I-Discovery/stm32f769i_discovery_eeprom.o
LOAD Drivers/BSP/STM32F769I-Discovery/stm32f769i_discovery_sd.o
LOAD Drivers/BSP/STM32F769I-Discovery/stm32f769i_discovery_sdram.o
LOAD Drivers/STM32F7xx_HAL_Driver/Src/stm32f7xx_hal.o
LOAD Drivers/STM32F7xx_HAL_Driver/Src/stm32f7xx_hal_cortex.o
LOAD Drivers/STM32F7xx_HAL_Driver/Src/stm32f7xx_hal_dfsdm.o
LOAD Drivers/STM32F7xx_HAL_Driver/Src/stm32f7xx_hal_dma.o
LOAD Drivers/STM32F7xx_HAL_Driver/Src/stm32f7xx_hal_dma2d.o
LOAD Drivers/STM32F7xx_HAL_Driver/Src/stm32f7xx_hal_dma_ex.o
LOAD Drivers/STM32F7xx_HAL_Driver/Src/stm32f7xx_hal_gpio.o
LOAD Drivers/STM32F7xx_HAL_Driver/Src/stm32f7xx_hal_i2c.o
LOAD Drivers/STM32F7xx_HAL_Driver/Src/stm32f7xx_hal_i2c_ex.o
LOAD Drivers/STM32F7xx_HAL_Driver/Src/stm32f7xx_hal_i2s.o
LOAD Drivers/STM32F7xx_HAL_Driver/Src/stm32f7xx_hal_pwr.o
LOAD Drivers/STM32F7xx_HAL_Driver/Src/stm32f7xx_hal_pwr_ex.o
LOAD Drivers/STM32F7xx_HAL_Driver/Src/stm32f7xx_hal_rcc.o
LOAD Drivers/STM32F7xx_HAL_Driver/Src/stm32f7xx_hal_rcc_ex.o
LOAD Drivers/STM32F7xx_HAL_Driver/Src/stm32f7xx_hal_sai.o
LOAD Drivers/STM32F7xx_HAL_Driver/Src/stm32f7xx_hal_sai_ex.o
LOAD Drivers/STM32F7xx_HAL_Driver/Src/stm32f7xx_hal_sd.o
LOAD Drivers/STM32F7xx_HAL_Driver/Src/stm32f7xx_hal_uart.o
LOAD Drivers/STM32F7xx_HAL_Driver/Src/stm32f7xx_hal_uart_ex.o
LOAD Drivers/STM32F7xx_HAL_Driver/Src/stm32f7xx_ll_fmc.o
LOAD Drivers/STM32F7xx_HAL_Driver/Src/stm32f7xx_ll_sdmmc.o
LOAD Src/main_multi.o
LOAD Src/pv_audio_rec.o
LOAD Src/pv_st_f769.o
LOAD Src/stm32f7xx_it.o
LOAD Src/syscalls.o
LOAD Src/system_stm32f7xx.o
LOAD Startup/startup_stm32f769xx.o
LOAD ../../../../../lib/mcu/stm32f769//libpv_porcupine.a
START GROUP
LOAD /opt/st/stm32cubeide_1.5.0/plugins/com.st.stm32cube.ide.mcu.externaltools.gnu-tools-for-stm32.7-2018-q2-update.linux64_1.5.0.202011040924/tools/bin/../lib/gcc/arm-none-eabi/7.3.1/../../../../arm-none-eabi/lib/thumb/v7e-m/fpv5/hard/libc_nano.a
LOAD /opt/st/stm32cubeide_1.5.0/plugins/com.st.stm32cube.ide.mcu.externaltools.gnu-tools-for-stm32.7-2018-q2-update.linux64_1.5.0.202011040924/tools/bin/../lib/gcc/arm-none-eabi/7.3.1/../../../../arm-none-eabi/lib/thumb/v7e-m/fpv5/hard/libm.a
END GROUP
START GROUP
LOAD /opt/st/stm32cubeide_1.5.0/plugins/com.st.stm32cube.ide.mcu.externaltools.gnu-tools-for-stm32.7-2018-q2-update.linux64_1.5.0.202011040924/tools/bin/../lib/gcc/arm-none-eabi/7.3.1/thumb/v7e-m/fpv5/hard/libgcc.a
LOAD /opt/st/stm32cubeide_1.5.0/plugins/com.st.stm32cube.ide.mcu.externaltools.gnu-tools-for-stm32.7-2018-q2-update.linux64_1.5.0.202011040924/tools/bin/../lib/gcc/arm-none-eabi/7.3.1/../../../../arm-none-eabi/lib/thumb/v7e-m/fpv5/hard/libc_nano.a
END GROUP
START GROUP
LOAD /opt/st/stm32cubeide_1.5.0/plugins/com.st.stm32cube.ide.mcu.externaltools.gnu-tools-for-stm32.7-2018-q2-update.linux64_1.5.0.202011040924/tools/bin/../lib/gcc/arm-none-eabi/7.3.1/thumb/v7e-m/fpv5/hard/libgcc.a
LOAD /opt/st/stm32cubeide_1.5.0/plugins/com.st.stm32cube.ide.mcu.externaltools.gnu-tools-for-stm32.7-2018-q2-update.linux64_1.5.0.202011040924/tools/bin/../lib/gcc/arm-none-eabi/7.3.1/../../../../arm-none-eabi/lib/thumb/v7e-m/fpv5/hard/libc_nano.a
LOAD /opt/st/stm32cubeide_1.5.0/plugins/com.st.stm32cube.ide.mcu.externaltools.gnu-tools-for-stm32.7-2018-q2-update.linux64_1.5.0.202011040924/tools/bin/../lib/gcc/arm-none-eabi/7.3.1/../../../../arm-none-eabi/lib/thumb/v7e-m/fpv5/hard/libnosys.a
END GROUP
START GROUP
LOAD /opt/st/stm32cubeide_1.5.0/plugins/com.st.stm32cube.ide.mcu.externaltools.gnu-tools-for-stm32.7-2018-q2-update.linux64_1.5.0.202011040924/tools/bin/../lib/gcc/arm-none-eabi/7.3.1/thumb/v7e-m/fpv5/hard/libgcc.a
LOAD /opt/st/stm32cubeide_1.5.0/plugins/com.st.stm32cube.ide.mcu.externaltools.gnu-tools-for-stm32.7-2018-q2-update.linux64_1.5.0.202011040924/tools/bin/../lib/gcc/arm-none-eabi/7.3.1/../../../../arm-none-eabi/lib/thumb/v7e-m/fpv5/hard/libc_nano.a
LOAD /opt/st/stm32cubeide_1.5.0/plugins/com.st.stm32cube.ide.mcu.externaltools.gnu-tools-for-stm32.7-2018-q2-update.linux64_1.5.0.202011040924/tools/bin/../lib/gcc/arm-none-eabi/7.3.1/../../../../arm-none-eabi/lib/thumb/v7e-m/fpv5/hard/libnosys.a
END GROUP
LOAD /opt/st/stm32cubeide_1.5.0/plugins/com.st.stm32cube.ide.mcu.externaltools.gnu-tools-for-stm32.7-2018-q2-update.linux64_1.5.0.202011040924/tools/bin/../lib/gcc/arm-none-eabi/7.3.1/thumb/v7e-m/fpv5/hard/crtend.o
LOAD /opt/st/stm32cubeide_1.5.0/plugins/com.st.stm32cube.ide.mcu.externaltools.gnu-tools-for-stm32.7-2018-q2-update.linux64_1.5.0.202011040924/tools/bin/../lib/gcc/arm-none-eabi/7.3.1/thumb/v7e-m/fpv5/hard/crtn.o
                0x0000000020080000                _estack = (ORIGIN (RAM) + LENGTH (RAM))
                0x0000000000000200                _Min_Heap_Size = 0x200
                0x0000000000000400                _Min_Stack_Size = 0x400

.isr_vector     0x0000000008000000      0x1f8
                0x0000000008000000                . = ALIGN (0x4)
 *(.isr_vector)
 .isr_vector    0x0000000008000000      0x1f8 Startup/startup_stm32f769xx.o
                0x0000000008000000                g_pfnVectors
                0x00000000080001f8                . = ALIGN (0x4)

.text           0x0000000008000200     0x9384
                0x0000000008000200                . = ALIGN (0x4)
 *(.text)
 .text          0x0000000008000200       0x40 /opt/st/stm32cubeide_1.5.0/plugins/com.st.stm32cube.ide.mcu.externaltools.gnu-tools-for-stm32.7-2018-q2-update.linux64_1.5.0.202011040924/tools/bin/../lib/gcc/arm-none-eabi/7.3.1/thumb/v7e-m/fpv5/hard/crtbegin.o
 .text          0x0000000008000240       0xa0 /opt/st/stm32cubeide_1.5.0/plugins/com.st.stm32cube.ide.mcu.externaltools.gnu-tools-for-stm32.7-2018-q2-update.linux64_1.5.0.202011040924/tools/bin/../lib/gcc/arm-none-eabi/7.3.1/../../../../arm-none-eabi/lib/thumb/v7e-m/fpv5/hard/libc_nano.a(lib_a-memchr.o)
                0x0000000008000240                memchr
 .text          0x00000000080002e0      0x378 /opt/st/stm32cubeide_1.5.0/plugins/com.st.stm32cube.ide.mcu.externaltools.gnu-tools-for-stm32.7-2018-q2-update.linux64_1.5.0.202011040924/tools/bin/../lib/gcc/arm-none-eabi/7.3.1/thumb/v7e-m/fpv5/hard/libgcc.a(_arm_addsubdf3.o)
                0x00000000080002e0                __aeabi_drsub
                0x00000000080002e8                __aeabi_dsub
                0x00000000080002e8                __subdf3
                0x00000000080002ec                __adddf3
                0x00000000080002ec                __aeabi_dadd
                0x0000000008000564                __aeabi_ui2d
                0x0000000008000564                __floatunsidf
                0x0000000008000584                __floatsidf
                0x0000000008000584                __aeabi_i2d
                0x00000000080005a8                __extendsfdf2
                0x00000000080005a8                __aeabi_f2d
                0x00000000080005ec                __aeabi_ul2d
                0x00000000080005ec                __floatundidf
                0x00000000080005fc                __floatdidf
                0x00000000080005fc                __aeabi_l2d
 .text          0x0000000008000658       0xa0 /opt/st/stm32cubeide_1.5.0/plugins/com.st.stm32cube.ide.mcu.externaltools.gnu-tools-for-stm32.7-2018-q2-update.linux64_1.5.0.202011040924/tools/bin/../lib/gcc/arm-none-eabi/7.3.1/thumb/v7e-m/fpv5/hard/libgcc.a(_aeabi_ldivmod.o)
                0x0000000008000658                __aeabi_ldivmod
 .text          0x00000000080006f8       0x30 /opt/st/stm32cubeide_1.5.0/plugins/com.st.stm32cube.ide.mcu.externaltools.gnu-tools-for-stm32.7-2018-q2-update.linux64_1.5.0.202011040924/tools/bin/../lib/gcc/arm-none-eabi/7.3.1/thumb/v7e-m/fpv5/hard/libgcc.a(_aeabi_uldivmod.o)
                0x00000000080006f8                __aeabi_uldivmod
 .text          0x0000000008000728       0x24 /opt/st/stm32cubeide_1.5.0/plugins/com.st.stm32cube.ide.mcu.externaltools.gnu-tools-for-stm32.7-2018-q2-update.linux64_1.5.0.202011040924/tools/bin/../lib/gcc/arm-none-eabi/7.3.1/thumb/v7e-m/fpv5/hard/libgcc.a(_fixsfdi.o)
                0x0000000008000728                __aeabi_f2lz
                0x0000000008000728                __fixsfdi
 *fill*         0x000000000800074c        0x4 
 .text          0x0000000008000750       0x50 /opt/st/stm32cubeide_1.5.0/plugins/com.st.stm32cube.ide.mcu.externaltools.gnu-tools-for-stm32.7-2018-q2-update.linux64_1.5.0.202011040924/tools/bin/../lib/gcc/arm-none-eabi/7.3.1/thumb/v7e-m/fpv5/hard/libgcc.a(_fixunssfdi.o)
                0x0000000008000750                __aeabi_f2ulz
                0x0000000008000750                __fixunssfdi
 .text          0x00000000080007a0      0x2cc /opt/st/stm32cubeide_1.5.0/plugins/com.st.stm32cube.ide.mcu.externaltools.gnu-tools-for-stm32.7-2018-q2-update.linux64_1.5.0.202011040924/tools/bin/../lib/gcc/arm-none-eabi/7.3.1/thumb/v7e-m/fpv5/hard/libgcc.a(_udivmoddi4.o)
                0x00000000080007a0                __udivmoddi4
 .text          0x0000000008000a6c        0x4 /opt/st/stm32cubeide_1.5.0/plugins/com.st.stm32cube.ide.mcu.externaltools.gnu-tools-for-stm32.7-2018-q2-update.linux64_1.5.0.202011040924/tools/bin/../lib/gcc/arm-none-eabi/7.3.1/thumb/v7e-m/fpv5/hard/libgcc.a(_dvmd_tls.o)
                0x0000000008000a6c                __aeabi_ldiv0
                0x0000000008000a6c                __aeabi_idiv0
 *(.text*)
 .text.wm8994_SetOutputMode
                0x0000000008000a70       0xa8 Drivers/BSP/Components/wm8994/wm8994.o
                0x0000000008000a70                wm8994_SetOutputMode
 .text.wm8994_SetFrequency
                0x0000000008000b18       0xac Drivers/BSP/Components/wm8994/wm8994.o
                0x0000000008000b18                wm8994_SetFrequency
 .text.wm8994_Reset
                0x0000000008000bc4       0x24 Drivers/BSP/Components/wm8994/wm8994.o
                0x0000000008000bc4                wm8994_Reset
 .text.wm8994_DeInit
                0x0000000008000be8        0x4 Drivers/BSP/Components/wm8994/wm8994.o
                0x0000000008000be8                wm8994_DeInit
 .text.wm8994_ReadID
                0x0000000008000bec       0x14 Drivers/BSP/Components/wm8994/wm8994.o
                0x0000000008000bec                wm8994_ReadID
 .text.wm8994_SetMute.part.0
                0x0000000008000c00       0x24 Drivers/BSP/Components/wm8994/wm8994.o
 .text.wm8994_SetMute
                0x0000000008000c24       0x3c Drivers/BSP/Components/wm8994/wm8994.o
                0x0000000008000c24                wm8994_SetMute
 .text.wm8994_Play
                0x0000000008000c60        0x8 Drivers/BSP/Components/wm8994/wm8994.o
                0x0000000008000c60                wm8994_Play
 .text.wm8994_Resume
                0x0000000008000c68        0x8 Drivers/BSP/Components/wm8994/wm8994.o
                0x0000000008000c68                wm8994_Resume
 .text.wm8994_Pause
                0x0000000008000c70       0x20 Drivers/BSP/Components/wm8994/wm8994.o
                0x0000000008000c70                wm8994_Pause
 .text.wm8994_SetVolume
                0x0000000008000c90      0x120 Drivers/BSP/Components/wm8994/wm8994.o
                0x0000000008000c90                wm8994_SetVolume
 .text.wm8994_Init
                0x0000000008000db0      0x6d4 Drivers/BSP/Components/wm8994/wm8994.o
                0x0000000008000db0                wm8994_Init
 .text.wm8994_Stop
                0x0000000008001484       0x6c Drivers/BSP/Components/wm8994/wm8994.o
                0x0000000008001484                wm8994_Stop
 .text.I2Cx_Init
                0x00000000080014f0      0x174 Drivers/BSP/STM32F769I-Discovery/stm32f769i_discovery.o
 .text.I2Cx_WriteMultiple
                0x0000000008001664       0x30 Drivers/BSP/STM32F769I-Discovery/stm32f769i_discovery.o
 .text.I2Cx_ReadMultiple
                0x0000000008001694       0x30 Drivers/BSP/STM32F769I-Discovery/stm32f769i_discovery.o
 .text.BSP_LED_Init
                0x00000000080016c4       0x48 Drivers/BSP/STM32F769I-Discovery/stm32f769i_discovery.o
                0x00000000080016c4                BSP_LED_Init
 .text.BSP_LED_On
                0x000000000800170c       0x1c Drivers/BSP/STM32F769I-Discovery/stm32f769i_discovery.o
                0x000000000800170c                BSP_LED_On
 .text.BSP_LED_Off
                0x0000000008001728       0x1c Drivers/BSP/STM32F769I-Discovery/stm32f769i_discovery.o
                0x0000000008001728                BSP_LED_Off
 .text.AUDIO_IO_Init
                0x0000000008001744        0xc Drivers/BSP/STM32F769I-Discovery/stm32f769i_discovery.o
                0x0000000008001744                AUDIO_IO_Init
 .text.AUDIO_IO_DeInit
                0x0000000008001750        0x4 Drivers/BSP/STM32F769I-Discovery/stm32f769i_discovery.o
                0x0000000008001750                AUDIO_IO_DeInit
 .text.AUDIO_IO_Write
                0x0000000008001754       0x28 Drivers/BSP/STM32F769I-Discovery/stm32f769i_discovery.o
                0x0000000008001754                AUDIO_IO_Write
 .text.AUDIO_IO_Read
                0x000000000800177c       0x30 Drivers/BSP/STM32F769I-Discovery/stm32f769i_discovery.o
                0x000000000800177c                AUDIO_IO_Read
 .text.AUDIO_IO_Delay
                0x00000000080017ac        0x4 Drivers/BSP/STM32F769I-Discovery/stm32f769i_discovery.o
                0x00000000080017ac                AUDIO_IO_Delay
 .text.SAIx_In_DeInit
                0x00000000080017b0       0x38 Drivers/BSP/STM32F769I-Discovery/stm32f769i_discovery_audio.o
 .text.BSP_AUDIO_OUT_Error_CallBack
                0x00000000080017e8        0x4 Drivers/BSP/STM32F769I-Discovery/stm32f769i_discovery_audio.o
                0x00000000080017e8                BSP_AUDIO_OUT_Error_CallBack
 .text.BSP_AUDIO_OUT_MspInit
                0x00000000080017ec       0xfc Drivers/BSP/STM32F769I-Discovery/stm32f769i_discovery_audio.o
                0x00000000080017ec                BSP_AUDIO_OUT_MspInit
 .text.BSP_AUDIO_OUT_ClockConfig
                0x00000000080018e8       0x58 Drivers/BSP/STM32F769I-Discovery/stm32f769i_discovery_audio.o
                0x00000000080018e8                BSP_AUDIO_OUT_ClockConfig
 .text.BSP_AUDIO_IN_AllocScratch
                0x0000000008001940       0x38 Drivers/BSP/STM32F769I-Discovery/stm32f769i_discovery_audio.o
                0x0000000008001940                BSP_AUDIO_IN_AllocScratch
 .text.BSP_AUDIO_IN_Record
                0x0000000008001978       0xa4 Drivers/BSP/STM32F769I-Discovery/stm32f769i_discovery_audio.o
                0x0000000008001978                BSP_AUDIO_IN_Record
 .text.HAL_SAI_RxCpltCallback
                0x0000000008001a1c        0x8 Drivers/BSP/STM32F769I-Discovery/stm32f769i_discovery_audio.o
                0x0000000008001a1c                HAL_SAI_RxCpltCallback
 .text.HAL_DFSDM_FilterRegConvCpltCallback
                0x0000000008001a24      0x2b4 Drivers/BSP/STM32F769I-Discovery/stm32f769i_discovery_audio.o
                0x0000000008001a24                HAL_DFSDM_FilterRegConvCpltCallback
 .text.HAL_DFSDM_FilterRegConvHalfCpltCallback
                0x0000000008001cd8      0x2b0 Drivers/BSP/STM32F769I-Discovery/stm32f769i_discovery_audio.o
                0x0000000008001cd8                HAL_DFSDM_FilterRegConvHalfCpltCallback
 .text.HAL_SAI_RxHalfCpltCallback
                0x0000000008001f88        0x8 Drivers/BSP/STM32F769I-Discovery/stm32f769i_discovery_audio.o
                0x0000000008001f88                HAL_SAI_RxHalfCpltCallback
 .text.HAL_SAI_ErrorCallback
                0x0000000008001f90       0x1c Drivers/BSP/STM32F769I-Discovery/stm32f769i_discovery_audio.o
                0x0000000008001f90                HAL_SAI_ErrorCallback
 .text.BSP_AUDIO_IN_MspInit
                0x0000000008001fac      0x304 Drivers/BSP/STM32F769I-Discovery/stm32f769i_discovery_audio.o
                0x0000000008001fac                BSP_AUDIO_IN_MspInit
 .text.BSP_AUDIO_IN_ClockConfig
                0x00000000080022b0       0x68 Drivers/BSP/STM32F769I-Discovery/stm32f769i_discovery_audio.o
                0x00000000080022b0                BSP_AUDIO_IN_ClockConfig
 .text.BSP_AUDIO_IN_InitEx
                0x0000000008002318      0x590 Drivers/BSP/STM32F769I-Discovery/stm32f769i_discovery_audio.o
                0x0000000008002318                BSP_AUDIO_IN_InitEx
 .text.BSP_AUDIO_IN_Init
                0x00000000080028a8        0xc Drivers/BSP/STM32F769I-Discovery/stm32f769i_discovery_audio.o
                0x00000000080028a8                BSP_AUDIO_IN_Init
 .text.BSP_SD_AbortCallback
                0x00000000080028b4        0x4 Drivers/BSP/STM32F769I-Discovery/stm32f769i_discovery_sd.o
                0x00000000080028b4                BSP_SD_AbortCallback
 .text.HAL_SD_AbortCallback
                0x00000000080028b8        0x8 Drivers/BSP/STM32F769I-Discovery/stm32f769i_discovery_sd.o
                0x00000000080028b8                HAL_SD_AbortCallback
 .text.BSP_SD_WriteCpltCallback
                0x00000000080028c0        0x4 Drivers/BSP/STM32F769I-Discovery/stm32f769i_discovery_sd.o
                0x00000000080028c0                BSP_SD_WriteCpltCallback
 .text.HAL_SD_TxCpltCallback
                0x00000000080028c4        0x8 Drivers/BSP/STM32F769I-Discovery/stm32f769i_discovery_sd.o
                0x00000000080028c4                HAL_SD_TxCpltCallback
 .text.BSP_SD_ReadCpltCallback
                0x00000000080028cc        0x4 Drivers/BSP/STM32F769I-Discovery/stm32f769i_discovery_sd.o
                0x00000000080028cc                BSP_SD_ReadCpltCallback
 .text.HAL_SD_RxCpltCallback
                0x00000000080028d0        0x8 Drivers/BSP/STM32F769I-Discovery/stm32f769i_discovery_sd.o
                0x00000000080028d0                HAL_SD_RxCpltCallback
 .text.HAL_MspInit
                0x00000000080028d8        0x4 Drivers/STM32F7xx_HAL_Driver/Src/stm32f7xx_hal.o
                0x00000000080028d8                HAL_MspInit
 .text.HAL_InitTick
                0x00000000080028dc       0x48 Drivers/STM32F7xx_HAL_Driver/Src/stm32f7xx_hal.o
                0x00000000080028dc                HAL_InitTick
 .text.HAL_Init
                0x0000000008002924       0x24 Drivers/STM32F7xx_HAL_Driver/Src/stm32f7xx_hal.o
                0x0000000008002924                HAL_Init
 .text.HAL_IncTick
                0x0000000008002948       0x18 Drivers/STM32F7xx_HAL_Driver/Src/stm32f7xx_hal.o
                0x0000000008002948                HAL_IncTick
 .text.HAL_GetTick
                0x0000000008002960        0xc Drivers/STM32F7xx_HAL_Driver/Src/stm32f7xx_hal.o
                0x0000000008002960                HAL_GetTick
 .text.HAL_Delay
                0x000000000800296c       0x24 Drivers/STM32F7xx_HAL_Driver/Src/stm32f7xx_hal.o
                0x000000000800296c                HAL_Delay
 .text.HAL_NVIC_SetPriorityGrouping
                0x0000000008002990       0x28 Drivers/STM32F7xx_HAL_Driver/Src/stm32f7xx_hal_cortex.o
                0x0000000008002990                HAL_NVIC_SetPriorityGrouping
 .text.HAL_NVIC_SetPriority
                0x00000000080029b8       0x6c Drivers/STM32F7xx_HAL_Driver/Src/stm32f7xx_hal_cortex.o
                0x00000000080029b8                HAL_NVIC_SetPriority
 .text.HAL_NVIC_EnableIRQ
                0x0000000008002a24       0x1c Drivers/STM32F7xx_HAL_Driver/Src/stm32f7xx_hal_cortex.o
                0x0000000008002a24                HAL_NVIC_EnableIRQ
 .text.HAL_SYSTICK_Config
                0x0000000008002a40       0x30 Drivers/STM32F7xx_HAL_Driver/Src/stm32f7xx_hal_cortex.o
                0x0000000008002a40                HAL_SYSTICK_Config
 .text.DFSDM_RegConvStart
                0x0000000008002a70       0x60 Drivers/STM32F7xx_HAL_Driver/Src/stm32f7xx_hal_dfsdm.o
 .text.DFSDM_GetChannelFromInstance
                0x0000000008002ad0       0x58 Drivers/STM32F7xx_HAL_Driver/Src/stm32f7xx_hal_dfsdm.o
 .text.HAL_DFSDM_ChannelMspInit
                0x0000000008002b28        0x4 Drivers/STM32F7xx_HAL_Driver/Src/stm32f7xx_hal_dfsdm.o
                0x0000000008002b28                HAL_DFSDM_ChannelMspInit
 .text.HAL_DFSDM_ChannelInit
                0x0000000008002b2c       0xf8 Drivers/STM32F7xx_HAL_Driver/Src/stm32f7xx_hal_dfsdm.o
                0x0000000008002b2c                HAL_DFSDM_ChannelInit
 .text.HAL_DFSDM_FilterMspInit
                0x0000000008002c24        0x4 Drivers/STM32F7xx_HAL_Driver/Src/stm32f7xx_hal_dfsdm.o
                0x0000000008002c24                HAL_DFSDM_FilterMspInit
 .text.HAL_DFSDM_FilterInit
                0x0000000008002c28       0xec Drivers/STM32F7xx_HAL_Driver/Src/stm32f7xx_hal_dfsdm.o
                0x0000000008002c28                HAL_DFSDM_FilterInit
 .text.HAL_DFSDM_FilterConfigRegChannel
                0x0000000008002d14       0x3c Drivers/STM32F7xx_HAL_Driver/Src/stm32f7xx_hal_dfsdm.o
                0x0000000008002d14                HAL_DFSDM_FilterConfigRegChannel
 .text.HAL_DFSDM_FilterRegularStart_DMA
                0x0000000008002d50       0x9c Drivers/STM32F7xx_HAL_Driver/Src/stm32f7xx_hal_dfsdm.o
                0x0000000008002d50                HAL_DFSDM_FilterRegularStart_DMA
 .text.DFSDM_DMARegularConvCplt
                0x0000000008002dec        0xc Drivers/STM32F7xx_HAL_Driver/Src/stm32f7xx_hal_dfsdm.o
 .text.DFSDM_DMARegularHalfConvCplt
                0x0000000008002df8        0xc Drivers/STM32F7xx_HAL_Driver/Src/stm32f7xx_hal_dfsdm.o
 .text.HAL_DFSDM_FilterErrorCallback
                0x0000000008002e04        0x4 Drivers/STM32F7xx_HAL_Driver/Src/stm32f7xx_hal_dfsdm.o
                0x0000000008002e04                HAL_DFSDM_FilterErrorCallback
 .text.DFSDM_DMAError
                0x0000000008002e08       0x10 Drivers/STM32F7xx_HAL_Driver/Src/stm32f7xx_hal_dfsdm.o
 .text.HAL_DMA_Init
                0x0000000008002e18      0x138 Drivers/STM32F7xx_HAL_Driver/Src/stm32f7xx_hal_dma.o
                0x0000000008002e18                HAL_DMA_Init
 .text.HAL_DMA_DeInit
                0x0000000008002f50       0x84 Drivers/STM32F7xx_HAL_Driver/Src/stm32f7xx_hal_dma.o
                0x0000000008002f50                HAL_DMA_DeInit
 .text.HAL_DMA_Start_IT
                0x0000000008002fd4       0x8c Drivers/STM32F7xx_HAL_Driver/Src/stm32f7xx_hal_dma.o
                0x0000000008002fd4                HAL_DMA_Start_IT
 .text.HAL_DMA_Abort_IT
                0x0000000008003060       0x28 Drivers/STM32F7xx_HAL_Driver/Src/stm32f7xx_hal_dma.o
                0x0000000008003060                HAL_DMA_Abort_IT
 .text.HAL_DMA_IRQHandler
                0x0000000008003088      0x1ac Drivers/STM32F7xx_HAL_Driver/Src/stm32f7xx_hal_dma.o
                0x0000000008003088                HAL_DMA_IRQHandler
 .text.HAL_GPIO_Init
                0x0000000008003234      0x20c Drivers/STM32F7xx_HAL_Driver/Src/stm32f7xx_hal_gpio.o
                0x0000000008003234                HAL_GPIO_Init
 .text.HAL_GPIO_WritePin
                0x0000000008003440        0x8 Drivers/STM32F7xx_HAL_Driver/Src/stm32f7xx_hal_gpio.o
                0x0000000008003440                HAL_GPIO_WritePin
 .text.I2C_IsAcknowledgeFailed.part.1
                0x0000000008003448       0x88 Drivers/STM32F7xx_HAL_Driver/Src/stm32f7xx_hal_i2c.o
 .text.I2C_WaitOnTXISFlagUntilTimeout
                0x00000000080034d0       0x5c Drivers/STM32F7xx_HAL_Driver/Src/stm32f7xx_hal_i2c.o
 .text.I2C_WaitOnSTOPFlagUntilTimeout
                0x000000000800352c       0x54 Drivers/STM32F7xx_HAL_Driver/Src/stm32f7xx_hal_i2c.o
 .text.I2C_WaitOnFlagUntilTimeout
                0x0000000008003580       0x5c Drivers/STM32F7xx_HAL_Driver/Src/stm32f7xx_hal_i2c.o
 .text.I2C_RequestMemoryWrite
                0x00000000080035dc       0x84 Drivers/STM32F7xx_HAL_Driver/Src/stm32f7xx_hal_i2c.o
 .text.I2C_RequestMemoryRead
                0x0000000008003660       0x84 Drivers/STM32F7xx_HAL_Driver/Src/stm32f7xx_hal_i2c.o
 .text.HAL_I2C_MspInit
                0x00000000080036e4        0x4 Drivers/STM32F7xx_HAL_Driver/Src/stm32f7xx_hal_i2c.o
                0x00000000080036e4                HAL_I2C_MspInit
 .text.HAL_I2C_Init
                0x00000000080036e8       0xa8 Drivers/STM32F7xx_HAL_Driver/Src/stm32f7xx_hal_i2c.o
                0x00000000080036e8                HAL_I2C_Init
 .text.HAL_I2C_MspDeInit
                0x0000000008003790        0x4 Drivers/STM32F7xx_HAL_Driver/Src/stm32f7xx_hal_i2c.o
                0x0000000008003790                HAL_I2C_MspDeInit
 .text.HAL_I2C_DeInit
                0x0000000008003794       0x34 Drivers/STM32F7xx_HAL_Driver/Src/stm32f7xx_hal_i2c.o
                0x0000000008003794                HAL_I2C_DeInit
 .text.HAL_I2C_Mem_Write
                0x00000000080037c8      0x1ac Drivers/STM32F7xx_HAL_Driver/Src/stm32f7xx_hal_i2c.o
                0x00000000080037c8                HAL_I2C_Mem_Write
 .text.HAL_I2C_Mem_Read
                0x0000000008003974      0x1b8 Drivers/STM32F7xx_HAL_Driver/Src/stm32f7xx_hal_i2c.o
                0x0000000008003974                HAL_I2C_Mem_Read
 .text.HAL_I2C_GetState
                0x0000000008003b2c        0x8 Drivers/STM32F7xx_HAL_Driver/Src/stm32f7xx_hal_i2c.o
                0x0000000008003b2c                HAL_I2C_GetState
 .text.HAL_PWREx_EnableOverDrive
                0x0000000008003b34       0x78 Drivers/STM32F7xx_HAL_Driver/Src/stm32f7xx_hal_pwr_ex.o
                0x0000000008003b34                HAL_PWREx_EnableOverDrive
 .text.HAL_RCC_OscConfig
                0x0000000008003bac      0x404 Drivers/STM32F7xx_HAL_Driver/Src/stm32f7xx_hal_rcc.o
                0x0000000008003bac                HAL_RCC_OscConfig
 .text.HAL_RCC_GetSysClockFreq
                0x0000000008003fb0       0x68 Drivers/STM32F7xx_HAL_Driver/Src/stm32f7xx_hal_rcc.o
                0x0000000008003fb0                HAL_RCC_GetSysClockFreq
 .text.HAL_RCC_ClockConfig
                0x0000000008004018      0x140 Drivers/STM32F7xx_HAL_Driver/Src/stm32f7xx_hal_rcc.o
                0x0000000008004018                HAL_RCC_ClockConfig
 .text.HAL_RCC_GetPCLK1Freq
                0x0000000008004158       0x20 Drivers/STM32F7xx_HAL_Driver/Src/stm32f7xx_hal_rcc.o
                0x0000000008004158                HAL_RCC_GetPCLK1Freq
 .text.HAL_RCC_GetPCLK2Freq
                0x0000000008004178       0x20 Drivers/STM32F7xx_HAL_Driver/Src/stm32f7xx_hal_rcc.o
                0x0000000008004178                HAL_RCC_GetPCLK2Freq
 .text.HAL_RCCEx_PeriphCLKConfig
                0x0000000008004198      0x588 Drivers/STM32F7xx_HAL_Driver/Src/stm32f7xx_hal_rcc_ex.o
                0x0000000008004198                HAL_RCCEx_PeriphCLKConfig
 .text.HAL_RCCEx_GetPeriphCLKConfig
                0x0000000008004720      0x180 Drivers/STM32F7xx_HAL_Driver/Src/stm32f7xx_hal_rcc_ex.o
                0x0000000008004720                HAL_RCCEx_GetPeriphCLKConfig
 .text.HAL_RCCEx_GetPeriphCLKFreq
                0x00000000080048a0       0xf8 Drivers/STM32F7xx_HAL_Driver/Src/stm32f7xx_hal_rcc_ex.o
                0x00000000080048a0                HAL_RCCEx_GetPeriphCLKFreq
 .text.HAL_SAI_MspInit
                0x0000000008004998        0x4 Drivers/STM32F7xx_HAL_Driver/Src/stm32f7xx_hal_sai.o
                0x0000000008004998                HAL_SAI_MspInit
 .text.HAL_SAI_Init
                0x000000000800499c      0x234 Drivers/STM32F7xx_HAL_Driver/Src/stm32f7xx_hal_sai.o
                0x000000000800499c                HAL_SAI_Init
 .text.HAL_SAI_MspDeInit
                0x0000000008004bd0        0x4 Drivers/STM32F7xx_HAL_Driver/Src/stm32f7xx_hal_sai.o
                0x0000000008004bd0                HAL_SAI_MspDeInit
 .text.HAL_SAI_DeInit
                0x0000000008004bd4       0x74 Drivers/STM32F7xx_HAL_Driver/Src/stm32f7xx_hal_sai.o
                0x0000000008004bd4                HAL_SAI_DeInit
 .text.HAL_SAI_Receive_DMA
                0x0000000008004c48       0xd8 Drivers/STM32F7xx_HAL_Driver/Src/stm32f7xx_hal_sai.o
                0x0000000008004c48                HAL_SAI_Receive_DMA
 .text.SAI_DMARxCplt
                0x0000000008004d20       0x58 Drivers/STM32F7xx_HAL_Driver/Src/stm32f7xx_hal_sai.o
 .text.SAI_DMARxHalfCplt
                0x0000000008004d78        0xc Drivers/STM32F7xx_HAL_Driver/Src/stm32f7xx_hal_sai.o
 .text.SAI_DMAError
                0x0000000008004d84       0x7c Drivers/STM32F7xx_HAL_Driver/Src/stm32f7xx_hal_sai.o
 .text.HAL_SAI_GetState
                0x0000000008004e00        0x8 Drivers/STM32F7xx_HAL_Driver/Src/stm32f7xx_hal_sai.o
                0x0000000008004e00                HAL_SAI_GetState
 .text.HAL_SD_ErrorCallback
                0x0000000008004e08        0x4 Drivers/STM32F7xx_HAL_Driver/Src/stm32f7xx_hal_sd.o
                0x0000000008004e08                HAL_SD_ErrorCallback
 .text.HAL_SD_GetCardState
                0x0000000008004e0c       0x28 Drivers/STM32F7xx_HAL_Driver/Src/stm32f7xx_hal_sd.o
                0x0000000008004e0c                HAL_SD_GetCardState
 .text.SD_DMATxAbort
                0x0000000008004e34       0x44 Drivers/STM32F7xx_HAL_Driver/Src/stm32f7xx_hal_sd.o
 .text.HAL_SD_IRQHandler
                0x0000000008004e78      0x264 Drivers/STM32F7xx_HAL_Driver/Src/stm32f7xx_hal_sd.o
                0x0000000008004e78                HAL_SD_IRQHandler
 .text.SD_DMARxAbort
                0x00000000080050dc        0x4 Drivers/STM32F7xx_HAL_Driver/Src/stm32f7xx_hal_sd.o
 .text.HAL_UART_MspInit
                0x00000000080050e0        0x4 Drivers/STM32F7xx_HAL_Driver/Src/stm32f7xx_hal_uart.o
                0x00000000080050e0                HAL_UART_MspInit
 .text.HAL_UART_TxCpltCallback
                0x00000000080050e4        0x4 Drivers/STM32F7xx_HAL_Driver/Src/stm32f7xx_hal_uart.o
                0x00000000080050e4                HAL_UART_TxCpltCallback
 .text.HAL_UART_ErrorCallback
                0x00000000080050e8        0x4 Drivers/STM32F7xx_HAL_Driver/Src/stm32f7xx_hal_uart.o
                0x00000000080050e8                HAL_UART_ErrorCallback
 .text.UART_DMAAbortOnError
                0x00000000080050ec       0x18 Drivers/STM32F7xx_HAL_Driver/Src/stm32f7xx_hal_uart.o
 .text.HAL_UARTEx_WakeupCallback
                0x0000000008005104        0x4 Drivers/STM32F7xx_HAL_Driver/Src/stm32f7xx_hal_uart.o
                0x0000000008005104                HAL_UARTEx_WakeupCallback
 .text.HAL_UART_IRQHandler
                0x0000000008005108      0x170 Drivers/STM32F7xx_HAL_Driver/Src/stm32f7xx_hal_uart.o
                0x0000000008005108                HAL_UART_IRQHandler
 .text.UART_SetConfig
                0x0000000008005278      0x2f8 Drivers/STM32F7xx_HAL_Driver/Src/stm32f7xx_hal_uart.o
                0x0000000008005278                UART_SetConfig
 .text.UART_AdvFeatureConfig
                0x0000000008005570       0xb0 Drivers/STM32F7xx_HAL_Driver/Src/stm32f7xx_hal_uart.o
                0x0000000008005570                UART_AdvFeatureConfig
 .text.UART_WaitOnFlagUntilTimeout
                0x0000000008005620       0xa8 Drivers/STM32F7xx_HAL_Driver/Src/stm32f7xx_hal_uart.o
                0x0000000008005620                UART_WaitOnFlagUntilTimeout
 .text.HAL_UART_Transmit
                0x00000000080056c8       0xd8 Drivers/STM32F7xx_HAL_Driver/Src/stm32f7xx_hal_uart.o
                0x00000000080056c8                HAL_UART_Transmit
 .text.UART_CheckIdleState
                0x00000000080057a0       0x6c Drivers/STM32F7xx_HAL_Driver/Src/stm32f7xx_hal_uart.o
                0x00000000080057a0                UART_CheckIdleState
 .text.HAL_UART_Init
                0x000000000800580c       0x64 Drivers/STM32F7xx_HAL_Driver/Src/stm32f7xx_hal_uart.o
                0x000000000800580c                HAL_UART_Init
 .text.SDMMC_GetCmdResp1
                0x0000000008005870      0x128 Drivers/STM32F7xx_HAL_Driver/Src/stm32f7xx_ll_sdmmc.o
 .text.SDMMC_ReadFIFO
                0x0000000008005998        0x8 Drivers/STM32F7xx_HAL_Driver/Src/stm32f7xx_ll_sdmmc.o
                0x0000000008005998                SDMMC_ReadFIFO
 .text.SDMMC_WriteFIFO
                0x00000000080059a0        0xc Drivers/STM32F7xx_HAL_Driver/Src/stm32f7xx_ll_sdmmc.o
                0x00000000080059a0                SDMMC_WriteFIFO
 .text.SDMMC_GetResponse
                0x00000000080059ac        0x8 Drivers/STM32F7xx_HAL_Driver/Src/stm32f7xx_ll_sdmmc.o
                0x00000000080059ac                SDMMC_GetResponse
 .text.SDMMC_CmdStopTransfer
                0x00000000080059b4       0x28 Drivers/STM32F7xx_HAL_Driver/Src/stm32f7xx_ll_sdmmc.o
                0x00000000080059b4                SDMMC_CmdStopTransfer
 .text.SDMMC_CmdSendStatus
                0x00000000080059dc       0x24 Drivers/STM32F7xx_HAL_Driver/Src/stm32f7xx_ll_sdmmc.o
                0x00000000080059dc                SDMMC_CmdSendStatus
 .text.startup.main
                0x0000000008005a00      0x12c Src/main_multi.o
                0x0000000008005a00                main
 .text.pv_audio_rec_init
                0x0000000008005b2c       0x44 Src/pv_audio_rec.o
                0x0000000008005b2c                pv_audio_rec_init
 .text.pv_audio_rec_start
                0x0000000008005b70       0x28 Src/pv_audio_rec.o
                0x0000000008005b70                pv_audio_rec_start
 .text.pv_audio_rec_get_new_buffer
                0x0000000008005b98       0x2c Src/pv_audio_rec.o
                0x0000000008005b98                pv_audio_rec_get_new_buffer
 .text.BSP_AUDIO_IN_TransferComplete_CallBack
                0x0000000008005bc4       0x5c Src/pv_audio_rec.o
                0x0000000008005bc4                BSP_AUDIO_IN_TransferComplete_CallBack
 .text.BSP_AUDIO_IN_HalfTransfer_CallBack
                0x0000000008005c20       0x58 Src/pv_audio_rec.o
                0x0000000008005c20                BSP_AUDIO_IN_HalfTransfer_CallBack
 .text.BSP_AUDIO_IN_Error_CallBack
                0x0000000008005c78        0x4 Src/pv_audio_rec.o
                0x0000000008005c78                BSP_AUDIO_IN_Error_CallBack
 .text.pv_message_init
                0x0000000008005c7c       0x98 Src/pv_st_f769.o
                0x0000000008005c7c                pv_message_init
 .text.pv_get_uuid
                0x0000000008005d14        0x8 Src/pv_st_f769.o
                0x0000000008005d14                pv_get_uuid
 .text.pv_get_uuid_size
                0x0000000008005d1c        0x4 Src/pv_st_f769.o
                0x0000000008005d1c                pv_get_uuid_size
 .text.pv_board_init
                0x0000000008005d20      0x10c Src/pv_st_f769.o
                0x0000000008005d20                pv_board_init
 .text.__io_putchar
                0x0000000008005e2c       0x24 Src/pv_st_f769.o
                0x0000000008005e2c                __io_putchar
 .text.NMI_Handler
                0x0000000008005e50        0x4 Src/stm32f7xx_it.o
                0x0000000008005e50                NMI_Handler
 .text.HardFault_Handler
                0x0000000008005e54        0x4 Src/stm32f7xx_it.o
                0x0000000008005e54                HardFault_Handler
 .text.MemManage_Handler
                0x0000000008005e58        0x4 Src/stm32f7xx_it.o
                0x0000000008005e58                MemManage_Handler
 .text.BusFault_Handler
                0x0000000008005e5c        0x4 Src/stm32f7xx_it.o
                0x0000000008005e5c                BusFault_Handler
 .text.UsageFault_Handler
                0x0000000008005e60        0x4 Src/stm32f7xx_it.o
                0x0000000008005e60                UsageFault_Handler
 .text.SVC_Handler
                0x0000000008005e64        0x4 Src/stm32f7xx_it.o
                0x0000000008005e64                SVC_Handler
 .text.DebugMon_Handler
                0x0000000008005e68        0x4 Src/stm32f7xx_it.o
                0x0000000008005e68                DebugMon_Handler
 .text.PendSV_Handler
                0x0000000008005e6c        0x4 Src/stm32f7xx_it.o
                0x0000000008005e6c                PendSV_Handler
 .text.SysTick_Handler
                0x0000000008005e70        0x4 Src/stm32f7xx_it.o
                0x0000000008005e70                SysTick_Handler
 .text.DMA2_Stream0_IRQHandler
                0x0000000008005e74       0x3c Src/stm32f7xx_it.o
                0x0000000008005e74                DMA2_Stream0_IRQHandler
 .text.DMA2_Stream5_IRQHandler
                0x0000000008005eb0       0x24 Src/stm32f7xx_it.o
                0x0000000008005eb0                DMA2_Stream5_IRQHandler
 .text.DMA2_Stream1_IRQHandler
                0x0000000008005ed4        0xc Src/stm32f7xx_it.o
                0x0000000008005ed4                DMA2_Stream1_IRQHandler
 .text.DMA2_Stream6_IRQHandler
                0x0000000008005ee0        0xc Src/stm32f7xx_it.o
                0x0000000008005ee0                DMA2_Stream6_IRQHandler
 .text.DMA2_Stream7_IRQHandler
                0x0000000008005eec        0xc Src/stm32f7xx_it.o
                0x0000000008005eec                DMA2_Stream7_IRQHandler
 .text.SDMMC2_IRQHandler
                0x0000000008005ef8        0xc Src/stm32f7xx_it.o
                0x0000000008005ef8                SDMMC2_IRQHandler
 .text.USART1_IRQHandler
                0x0000000008005f04        0xc Src/stm32f7xx_it.o
                0x0000000008005f04                USART1_IRQHandler
 .text._sbrk    0x0000000008005f10       0x44 Src/syscalls.o
                0x0000000008005f10                _sbrk
 .text._gettimeofday
                0x0000000008005f54        0xc Src/syscalls.o
                0x0000000008005f54                _gettimeofday
 .text._write   0x0000000008005f60       0x1c Src/syscalls.o
                0x0000000008005f60                _write
 .text._close   0x0000000008005f7c        0x8 Src/syscalls.o
                0x0000000008005f7c                _close
 .text._fstat   0x0000000008005f84        0xc Src/syscalls.o
                0x0000000008005f84                _fstat
 .text._isatty  0x0000000008005f90        0x4 Src/syscalls.o
                0x0000000008005f90                _isatty
 .text._lseek   0x0000000008005f94        0x4 Src/syscalls.o
                0x0000000008005f94                _lseek
 .text._read    0x0000000008005f98       0x1c Src/syscalls.o
                0x0000000008005f98                _read
 .text.SystemInit
                0x0000000008005fb4       0x50 Src/system_stm32f7xx.o
                0x0000000008005fb4                SystemInit
 .text.Reset_Handler
                0x0000000008006004       0x50 Startup/startup_stm32f769xx.o
                0x0000000008006004                Reset_Handler
 .text.Default_Handler
                0x0000000008006054        0x2 Startup/startup_stm32f769xx.o
                0x0000000008006054                RTC_Alarm_IRQHandler
                0x0000000008006054                EXTI2_IRQHandler
                0x0000000008006054                TIM8_CC_IRQHandler
                0x0000000008006054                UART8_IRQHandler
                0x0000000008006054                SPI4_IRQHandler
                0x0000000008006054                TIM1_CC_IRQHandler
                0x0000000008006054                JPEG_IRQHandler
                0x0000000008006054                DMA1_Stream5_IRQHandler
                0x0000000008006054                CAN3_RX1_IRQHandler
                0x0000000008006054                PVD_IRQHandler
                0x0000000008006054                TAMP_STAMP_IRQHandler
                0x0000000008006054                CAN2_RX1_IRQHandler
                0x0000000008006054                EXTI3_IRQHandler
                0x0000000008006054                TIM8_TRG_COM_TIM14_IRQHandler
                0x0000000008006054                DFSDM1_FLT1_IRQHandler
                0x0000000008006054                TIM1_UP_TIM10_IRQHandler
                0x0000000008006054                TIM8_UP_TIM13_IRQHandler
                0x0000000008006054                I2C3_ER_IRQHandler
                0x0000000008006054                DFSDM1_FLT2_IRQHandler
                0x0000000008006054                EXTI0_IRQHandler
                0x0000000008006054                I2C2_EV_IRQHandler
                0x0000000008006054                DMA1_Stream2_IRQHandler
                0x0000000008006054                CAN1_RX0_IRQHandler
                0x0000000008006054                FPU_IRQHandler
                0x0000000008006054                OTG_HS_WKUP_IRQHandler
                0x0000000008006054                CAN3_SCE_IRQHandler
                0x0000000008006054                LTDC_ER_IRQHandler
                0x0000000008006054                CAN2_SCE_IRQHandler
                0x0000000008006054                DMA2_Stream2_IRQHandler
                0x0000000008006054                SPI1_IRQHandler
                0x0000000008006054                TIM6_DAC_IRQHandler
                0x0000000008006054                TIM1_BRK_TIM9_IRQHandler
                0x0000000008006054                DCMI_IRQHandler
                0x0000000008006054                CAN2_RX0_IRQHandler
                0x0000000008006054                DMA2_Stream3_IRQHandler
                0x0000000008006054                SAI2_IRQHandler
                0x0000000008006054                DFSDM1_FLT3_IRQHandler
                0x0000000008006054                USART6_IRQHandler
                0x0000000008006054                CAN3_RX0_IRQHandler
                0x0000000008006054                USART3_IRQHandler
                0x0000000008006054                CAN1_RX1_IRQHandler
                0x0000000008006054                UART5_IRQHandler
                0x0000000008006054                TIM4_IRQHandler
                0x0000000008006054                QUADSPI_IRQHandler
                0x0000000008006054                I2C1_EV_IRQHandler
                0x0000000008006054                DMA1_Stream6_IRQHandler
                0x0000000008006054                DMA1_Stream1_IRQHandler
                0x0000000008006054                UART4_IRQHandler
                0x0000000008006054                TIM3_IRQHandler
                0x0000000008006054                RCC_IRQHandler
                0x0000000008006054                TIM8_BRK_TIM12_IRQHandler
                0x0000000008006054                Default_Handler
                0x0000000008006054                CEC_IRQHandler
                0x0000000008006054                EXTI15_10_IRQHandler
                0x0000000008006054                ADC_IRQHandler
                0x0000000008006054                DMA1_Stream7_IRQHandler
                0x0000000008006054                SPI5_IRQHandler
                0x0000000008006054                TIM7_IRQHandler
                0x0000000008006054                SDMMC1_IRQHandler
                0x0000000008006054                CAN2_TX_IRQHandler
                0x0000000008006054                TIM5_IRQHandler
                0x0000000008006054                I2C3_EV_IRQHandler
                0x0000000008006054                EXTI9_5_IRQHandler
                0x0000000008006054                RTC_WKUP_IRQHandler
                0x0000000008006054                LTDC_IRQHandler
                0x0000000008006054                ETH_WKUP_IRQHandler
                0x0000000008006054                SPDIF_RX_IRQHandler
                0x0000000008006054                SPI2_IRQHandler
                0x0000000008006054                OTG_HS_EP1_IN_IRQHandler
                0x0000000008006054                DMA1_Stream0_IRQHandler
                0x0000000008006054                CAN1_TX_IRQHandler
                0x0000000008006054                EXTI4_IRQHandler
                0x0000000008006054                RNG_IRQHandler
                0x0000000008006054                DSI_IRQHandler
                0x0000000008006054                ETH_IRQHandler
                0x0000000008006054                OTG_HS_EP1_OUT_IRQHandler
                0x0000000008006054                WWDG_IRQHandler
                0x0000000008006054                SPI6_IRQHandler
                0x0000000008006054                MDIOS_IRQHandler
                0x0000000008006054                I2C4_EV_IRQHandler
                0x0000000008006054                CAN3_TX_IRQHandler
                0x0000000008006054                TIM2_IRQHandler
                0x0000000008006054                OTG_FS_WKUP_IRQHandler
                0x0000000008006054                TIM1_TRG_COM_TIM11_IRQHandler
                0x0000000008006054                OTG_HS_IRQHandler
                0x0000000008006054                DMA2D_IRQHandler
                0x0000000008006054                EXTI1_IRQHandler
                0x0000000008006054                UART7_IRQHandler
                0x0000000008006054                USART2_IRQHandler
                0x0000000008006054                DFSDM1_FLT0_IRQHandler
                0x0000000008006054                I2C2_ER_IRQHandler
                0x0000000008006054                CAN1_SCE_IRQHandler
                0x0000000008006054                FLASH_IRQHandler
                0x0000000008006054                DMA2_Stream4_IRQHandler
                0x0000000008006054                OTG_FS_IRQHandler
                0x0000000008006054                SPI3_IRQHandler
                0x0000000008006054                DMA1_Stream4_IRQHandler
                0x0000000008006054                I2C1_ER_IRQHandler
                0x0000000008006054                FMC_IRQHandler
                0x0000000008006054                LPTIM1_IRQHandler
                0x0000000008006054                I2C4_ER_IRQHandler
                0x0000000008006054                SAI1_IRQHandler
                0x0000000008006054                DMA1_Stream3_IRQHandler
 *fill*         0x0000000008006056        0x2 
 .text.pv_status_to_string
                0x0000000008006058       0x14 ../../../../../lib/mcu/stm32f769//libpv_porcupine.a(picovoice.o)
                0x0000000008006058                pv_status_to_string
 .text.pv_porcupine_delete.part.0
                0x000000000800606c       0x84 ../../../../../lib/mcu/stm32f769//libpv_porcupine.a(pv_porcupine.o)
 .text.pv_porcupine_init
                0x00000000080060f0      0x408 ../../../../../lib/mcu/stm32f769//libpv_porcupine.a(pv_porcupine.o)
                0x00000000080060f0                pv_porcupine_init
 .text.pv_porcupine_process
                0x00000000080064f8       0x80 ../../../../../lib/mcu/stm32f769//libpv_porcupine.a(pv_porcupine.o)
                0x00000000080064f8                pv_porcupine_process
 .text.taabe185.part.0
                0x0000000008006578       0x98 ../../../../../lib/mcu/stm32f769//libpv_porcupine.a(pv_porcupine_internal.o)
 .text.taabe184
                0x0000000008006610      0x1c0 ../../../../../lib/mcu/stm32f769//libpv_porcupine.a(pv_porcupine_internal.o)
                0x0000000008006610                taabe184
 .text.taabe185
                0x00000000080067d0        0x8 ../../../../../lib/mcu/stm32f769//libpv_porcupine.a(pv_porcupine_internal.o)
                0x00000000080067d0                taabe185
 .text.taabe187
                0x00000000080067d8       0x7c ../../../../../lib/mcu/stm32f769//libpv_porcupine.a(pv_porcupine_internal.o)
                0x00000000080067d8                taabe187
 .text.taabe186
                0x0000000008006854      0x204 ../../../../../lib/mcu/stm32f769//libpv_porcupine.a(pv_porcupine_internal.o)
                0x0000000008006854                taabe186
 .text.taabe188
                0x0000000008006a58        0x8 ../../../../../lib/mcu/stm32f769//libpv_porcupine.a(pv_porcupine_internal.o)
                0x0000000008006a58                taabe188
 .text.taabe191
                0x0000000008006a60      0x4d8 ../../../../../lib/mcu/stm32f769//libpv_porcupine.a(pv_porcupine_internal.o)
                0x0000000008006a60                taabe191
 .text.taabe303
                0x0000000008006f38      0x140 ../../../../../lib/mcu/stm32f769//libpv_porcupine.a(pv_cipher.o)
                0x0000000008006f38                taabe303
 .text.taabe252
                0x0000000008007078       0x14 ../../../../../lib/mcu/stm32f769//libpv_porcupine.a(pv_language.o)
                0x0000000008007078                taabe252
 .text.taabe253
                0x000000000800708c       0x20 ../../../../../lib/mcu/stm32f769//libpv_porcupine.a(pv_language.o)
                0x000000000800708c                taabe253
 .text.taabe255
                0x00000000080070ac       0x20 ../../../../../lib/mcu/stm32f769//libpv_porcupine.a(pv_language.o)
                0x00000000080070ac                taabe255
 .text.taabe245
                0x00000000080070cc       0x44 ../../../../../lib/mcu/stm32f769//libpv_porcupine.a(pv_memory.o)
                0x00000000080070cc                taabe245
 .text.taabe247
                0x0000000008007110       0x60 ../../../../../lib/mcu/stm32f769//libpv_porcupine.a(pv_memory.o)
                0x0000000008007110                taabe247
 .text.taabe248
                0x0000000008007170       0x2c ../../../../../lib/mcu/stm32f769//libpv_porcupine.a(pv_memory.o)
                0x0000000008007170                taabe248
 .text.taabe158
                0x000000000800719c       0x58 ../../../../../lib/mcu/stm32f769//libpv_porcupine.a(pv_filterbank.o)
                0x000000000800719c                taabe158
 .text.taabe159
                0x00000000080071f4       0x1c ../../../../../lib/mcu/stm32f769//libpv_porcupine.a(pv_filterbank.o)
                0x00000000080071f4                taabe159
 .text.taabe160
                0x0000000008007210      0x204 ../../../../../lib/mcu/stm32f769//libpv_porcupine.a(pv_filterbank.o)
                0x0000000008007210                taabe160
 .text.taabe161
                0x0000000008007414        0xc ../../../../../lib/mcu/stm32f769//libpv_porcupine.a(pv_filterbank.o)
                0x0000000008007414                taabe161
 .text.taabe162
                0x0000000008007420       0x54 ../../../../../lib/mcu/stm32f769//libpv_porcupine.a(pv_filterbank.o)
                0x0000000008007420                taabe162
 .text.taabe164.part.1
                0x0000000008007474       0x20 ../../../../../lib/mcu/stm32f769//libpv_porcupine.a(pv_stft.o)
 .text.taabe163
                0x0000000008007494       0x64 ../../../../../lib/mcu/stm32f769//libpv_porcupine.a(pv_stft.o)
                0x0000000008007494                taabe163
 .text.taabe164
                0x00000000080074f8        0x8 ../../../../../lib/mcu/stm32f769//libpv_porcupine.a(pv_stft.o)
                0x00000000080074f8                taabe164
 .text.taabe165
                0x0000000008007500      0x160 ../../../../../lib/mcu/stm32f769//libpv_porcupine.a(pv_stft.o)
                0x0000000008007500                taabe165
 .text.taabe166
                0x0000000008007660       0x18 ../../../../../lib/mcu/stm32f769//libpv_porcupine.a(pv_stft.o)
                0x0000000008007660                taabe166
 .text.taabe218
                0x0000000008007678       0x30 ../../../../../lib/mcu/stm32f769//libpv_porcupine.a(pv_log.o)
                0x0000000008007678                taabe218
 .text.taabe134
                0x00000000080076a8       0x24 ../../../../../lib/mcu/stm32f769//libpv_porcupine.a(pv_fft.o)
                0x00000000080076a8                taabe134
 .text.taabe135
                0x00000000080076cc        0xc ../../../../../lib/mcu/stm32f769//libpv_porcupine.a(pv_fft.o)
                0x00000000080076cc                taabe135
 .text.taabe136
                0x00000000080076d8      0x22c ../../../../../lib/mcu/stm32f769//libpv_porcupine.a(pv_fft.o)
                0x00000000080076d8                taabe136
 .text.taabe154
                0x0000000008007904       0x7c ../../../../../lib/mcu/stm32f769//libpv_porcupine.a(pv_math.o)
                0x0000000008007904                taabe154
 .text.taabe155
                0x0000000008007980       0x60 ../../../../../lib/mcu/stm32f769//libpv_porcupine.a(pv_math.o)
                0x0000000008007980                taabe155
 .text.taabe156
                0x00000000080079e0       0x6c ../../../../../lib/mcu/stm32f769//libpv_porcupine.a(pv_math.o)
                0x00000000080079e0                taabe156
 .text.taabe157
                0x0000000008007a4c       0x60 ../../../../../lib/mcu/stm32f769//libpv_porcupine.a(pv_math.o)
                0x0000000008007a4c                taabe157
 .text.taabe234.part.0
                0x0000000008007aac       0x44 ../../../../../lib/mcu/stm32f769//libpv_porcupine.a(pv_online_token_classifier.o)
 .text.taabe233
                0x0000000008007af0       0xa8 ../../../../../lib/mcu/stm32f769//libpv_porcupine.a(pv_online_token_classifier.o)
                0x0000000008007af0                taabe233
 .text.taabe234
                0x0000000008007b98        0x8 ../../../../../lib/mcu/stm32f769//libpv_porcupine.a(pv_online_token_classifier.o)
                0x0000000008007b98                taabe234
 .text.taabe235
                0x0000000008007ba0       0xa8 ../../../../../lib/mcu/stm32f769//libpv_porcupine.a(pv_online_token_classifier.o)
                0x0000000008007ba0                taabe235
 .text.taabe236
                0x0000000008007c48       0x24 ../../../../../lib/mcu/stm32f769//libpv_porcupine.a(pv_online_token_classifier.o)
                0x0000000008007c48                taabe236
 .text.taabe237
                0x0000000008007c6c        0x8 ../../../../../lib/mcu/stm32f769//libpv_porcupine.a(pv_online_token_classifier.o)
                0x0000000008007c6c                taabe237
 .text.taabe14  0x0000000008007c74       0x34 ../../../../../lib/mcu/stm32f769//libpv_porcupine.a(pv_fc.o)
                0x0000000008007c74                taabe14
 .text.taabe15  0x0000000008007ca8        0xc ../../../../../lib/mcu/stm32f769//libpv_porcupine.a(pv_fc.o)
                0x0000000008007ca8                taabe15
 .text.taabe16  0x0000000008007cb4      0x1e8 ../../../../../lib/mcu/stm32f769//libpv_porcupine.a(pv_fc.o)
                0x0000000008007cb4                taabe16
 .text.taabe4.part.0
                0x0000000008007e9c       0x30 ../../../../../lib/mcu/stm32f769//libpv_porcupine.a(pv_rnn.o)
 .text.taabe3   0x0000000008007ecc       0x7c ../../../../../lib/mcu/stm32f769//libpv_porcupine.a(pv_rnn.o)
                0x0000000008007ecc                taabe3
 .text.taabe4   0x0000000008007f48        0x8 ../../../../../lib/mcu/stm32f769//libpv_porcupine.a(pv_rnn.o)
                0x0000000008007f48                taabe4
 .text.taabe5   0x0000000008007f50      0x148 ../../../../../lib/mcu/stm32f769//libpv_porcupine.a(pv_rnn.o)
                0x0000000008007f50                taabe5
 .text.taabe6   0x0000000008008098       0x28 ../../../../../lib/mcu/stm32f769//libpv_porcupine.a(pv_rnn.o)
                0x0000000008008098                taabe6
 .text.taabe17  0x00000000080080c0       0x24 ../../../../../lib/mcu/stm32f769//libpv_porcupine.a(pv_softmax.o)
                0x00000000080080c0                taabe17
 .text.taabe18  0x00000000080080e4        0xc ../../../../../lib/mcu/stm32f769//libpv_porcupine.a(pv_softmax.o)
                0x00000000080080e4                taabe18
 .text.taabe19  0x00000000080080f0       0xe8 ../../../../../lib/mcu/stm32f769//libpv_porcupine.a(pv_softmax.o)
                0x00000000080080f0                taabe19
 .text.taabe181.part.0
                0x00000000080081d8       0x34 ../../../../../lib/mcu/stm32f769//libpv_porcupine.a(pv_porcupine_decoder.o)
 .text.taabe180
                0x000000000800820c      0x108 ../../../../../lib/mcu/stm32f769//libpv_porcupine.a(pv_porcupine_decoder.o)
                0x000000000800820c                taabe180
 .text.taabe181
                0x0000000008008314        0x8 ../../../../../lib/mcu/stm32f769//libpv_porcupine.a(pv_porcupine_decoder.o)
                0x0000000008008314                taabe181
 .text.taabe182
                0x000000000800831c      0x224 ../../../../../lib/mcu/stm32f769//libpv_porcupine.a(pv_porcupine_decoder.o)
                0x000000000800831c                taabe182
 .text.taabe183
                0x0000000008008540       0x94 ../../../../../lib/mcu/stm32f769//libpv_porcupine.a(pv_porcupine_decoder.o)
                0x0000000008008540                taabe183
 .text.__errno  0x00000000080085d4        0xc /opt/st/stm32cubeide_1.5.0/plugins/com.st.stm32cube.ide.mcu.externaltools.gnu-tools-for-stm32.7-2018-q2-update.linux64_1.5.0.202011040924/tools/bin/../lib/gcc/arm-none-eabi/7.3.1/../../../../arm-none-eabi/lib/thumb/v7e-m/fpv5/hard/libc_nano.a(lib_a-errno.o)
                0x00000000080085d4                __errno
 .text.__libc_init_array
                0x00000000080085e0       0x48 /opt/st/stm32cubeide_1.5.0/plugins/com.st.stm32cube.ide.mcu.externaltools.gnu-tools-for-stm32.7-2018-q2-update.linux64_1.5.0.202011040924/tools/bin/../lib/gcc/arm-none-eabi/7.3.1/../../../../arm-none-eabi/lib/thumb/v7e-m/fpv5/hard/libc_nano.a(lib_a-init.o)
                0x00000000080085e0                __libc_init_array
 .text.malloc   0x0000000008008628       0x10 /opt/st/stm32cubeide_1.5.0/plugins/com.st.stm32cube.ide.mcu.externaltools.gnu-tools-for-stm32.7-2018-q2-update.linux64_1.5.0.202011040924/tools/bin/../lib/gcc/arm-none-eabi/7.3.1/../../../../arm-none-eabi/lib/thumb/v7e-m/fpv5/hard/libc_nano.a(lib_a-malloc.o)
                0x0000000008008628                malloc
 .text.free     0x0000000008008638       0x10 /opt/st/stm32cubeide_1.5.0/plugins/com.st.stm32cube.ide.mcu.externaltools.gnu-tools-for-stm32.7-2018-q2-update.linux64_1.5.0.202011040924/tools/bin/../lib/gcc/arm-none-eabi/7.3.1/../../../../arm-none-eabi/lib/thumb/v7e-m/fpv5/hard/libc_nano.a(lib_a-malloc.o)
                0x0000000008008638                free
 .text.memcpy   0x0000000008008648       0x16 /opt/st/stm32cubeide_1.5.0/plugins/com.st.stm32cube.ide.mcu.externaltools.gnu-tools-for-stm32.7-2018-q2-update.linux64_1.5.0.202011040924/tools/bin/../lib/gcc/arm-none-eabi/7.3.1/../../../../arm-none-eabi/lib/thumb/v7e-m/fpv5/hard/libc_nano.a(lib_a-memcpy-stub.o)
                0x0000000008008648                memcpy
 .text.memset   0x000000000800865e       0x10 /opt/st/stm32cubeide_1.5.0/plugins/com.st.stm32cube.ide.mcu.externaltools.gnu-tools-for-stm32.7-2018-q2-update.linux64_1.5.0.202011040924/tools/bin/../lib/gcc/arm-none-eabi/7.3.1/../../../../arm-none-eabi/lib/thumb/v7e-m/fpv5/hard/libc_nano.a(lib_a-memset.o)
                0x000000000800865e                memset
 *fill*         0x000000000800866e        0x2 
 .text._free_r  0x0000000008008670       0x9c /opt/st/stm32cubeide_1.5.0/plugins/com.st.stm32cube.ide.mcu.externaltools.gnu-tools-for-stm32.7-2018-q2-update.linux64_1.5.0.202011040924/tools/bin/../lib/gcc/arm-none-eabi/7.3.1/../../../../arm-none-eabi/lib/thumb/v7e-m/fpv5/hard/libc_nano.a(lib_a-nano-freer.o)
                0x0000000008008670                _free_r
 .text._malloc_r
                0x000000000800870c       0xb4 /opt/st/stm32cubeide_1.5.0/plugins/com.st.stm32cube.ide.mcu.externaltools.gnu-tools-for-stm32.7-2018-q2-update.linux64_1.5.0.202011040924/tools/bin/../lib/gcc/arm-none-eabi/7.3.1/../../../../arm-none-eabi/lib/thumb/v7e-m/fpv5/hard/libc_nano.a(lib_a-nano-mallocr.o)
                0x000000000800870c                _malloc_r
 .text.__sfputc_r
                0x00000000080087c0       0x2e /opt/st/stm32cubeide_1.5.0/plugins/com.st.stm32cube.ide.mcu.externaltools.gnu-tools-for-stm32.7-2018-q2-update.linux64_1.5.0.202011040924/tools/bin/../lib/gcc/arm-none-eabi/7.3.1/../../../../arm-none-eabi/lib/thumb/v7e-m/fpv5/hard/libc_nano.a(lib_a-nano-vfprintf.o)
 .text.__sfputs_r
                0x00000000080087ee       0x24 /opt/st/stm32cubeide_1.5.0/plugins/com.st.stm32cube.ide.mcu.externaltools.gnu-tools-for-stm32.7-2018-q2-update.linux64_1.5.0.202011040924/tools/bin/../lib/gcc/arm-none-eabi/7.3.1/../../../../arm-none-eabi/lib/thumb/v7e-m/fpv5/hard/libc_nano.a(lib_a-nano-vfprintf.o)
                0x00000000080087ee                __sfputs_r
 *fill*         0x0000000008008812        0x2 
 .text._vfprintf_r
                0x0000000008008814      0x22c /opt/st/stm32cubeide_1.5.0/plugins/com.st.stm32cube.ide.mcu.externaltools.gnu-tools-for-stm32.7-2018-q2-update.linux64_1.5.0.202011040924/tools/bin/../lib/gcc/arm-none-eabi/7.3.1/../../../../arm-none-eabi/lib/thumb/v7e-m/fpv5/hard/libc_nano.a(lib_a-nano-vfprintf.o)
                0x0000000008008814                _vfiprintf_r
                0x0000000008008814                _vfprintf_r
 .text.vfprintf
                0x0000000008008a40       0x14 /opt/st/stm32cubeide_1.5.0/plugins/com.st.stm32cube.ide.mcu.externaltools.gnu-tools-for-stm32.7-2018-q2-update.linux64_1.5.0.202011040924/tools/bin/../lib/gcc/arm-none-eabi/7.3.1/../../../../arm-none-eabi/lib/thumb/v7e-m/fpv5/hard/libc_nano.a(lib_a-nano-vfprintf.o)
                0x0000000008008a40                vfiprintf
                0x0000000008008a40                vfprintf
 .text._printf_common
                0x0000000008008a54       0xea /opt/st/stm32cubeide_1.5.0/plugins/com.st.stm32cube.ide.mcu.externaltools.gnu-tools-for-stm32.7-2018-q2-update.linux64_1.5.0.202011040924/tools/bin/../lib/gcc/arm-none-eabi/7.3.1/../../../../arm-none-eabi/lib/thumb/v7e-m/fpv5/hard/libc_nano.a(lib_a-nano-vfprintf_i.o)
                0x0000000008008a54                _printf_common
 *fill*         0x0000000008008b3e        0x2 
 .text._printf_i
                0x0000000008008b40      0x224 /opt/st/stm32cubeide_1.5.0/plugins/com.st.stm32cube.ide.mcu.externaltools.gnu-tools-for-stm32.7-2018-q2-update.linux64_1.5.0.202011040924/tools/bin/../lib/gcc/arm-none-eabi/7.3.1/../../../../arm-none-eabi/lib/thumb/v7e-m/fpv5/hard/libc_nano.a(lib_a-nano-vfprintf_i.o)
                0x0000000008008b40                _printf_i
 .text.printf   0x0000000008008d64       0x30 /opt/st/stm32cubeide_1.5.0/plugins/com.st.stm32cube.ide.mcu.externaltools.gnu-tools-for-stm32.7-2018-q2-update.linux64_1.5.0.202011040924/tools/bin/../lib/gcc/arm-none-eabi/7.3.1/../../../../arm-none-eabi/lib/thumb/v7e-m/fpv5/hard/libc_nano.a(lib_a-printf.o)
                0x0000000008008d64                printf
                0x0000000008008d64                iprintf
 .text._puts_r  0x0000000008008d94       0xb8 /opt/st/stm32cubeide_1.5.0/plugins/com.st.stm32cube.ide.mcu.externaltools.gnu-tools-for-stm32.7-2018-q2-update.linux64_1.5.0.202011040924/tools/bin/../lib/gcc/arm-none-eabi/7.3.1/../../../../arm-none-eabi/lib/thumb/v7e-m/fpv5/hard/libc_nano.a(lib_a-puts.o)
                0x0000000008008d94                _puts_r
 .text.puts     0x0000000008008e4c       0x10 /opt/st/stm32cubeide_1.5.0/plugins/com.st.stm32cube.ide.mcu.externaltools.gnu-tools-for-stm32.7-2018-q2-update.linux64_1.5.0.202011040924/tools/bin/../lib/gcc/arm-none-eabi/7.3.1/../../../../arm-none-eabi/lib/thumb/v7e-m/fpv5/hard/libc_nano.a(lib_a-puts.o)
                0x0000000008008e4c                puts
 .text._sbrk_r  0x0000000008008e5c       0x20 /opt/st/stm32cubeide_1.5.0/plugins/com.st.stm32cube.ide.mcu.externaltools.gnu-tools-for-stm32.7-2018-q2-update.linux64_1.5.0.202011040924/tools/bin/../lib/gcc/arm-none-eabi/7.3.1/../../../../arm-none-eabi/lib/thumb/v7e-m/fpv5/hard/libc_nano.a(lib_a-sbrkr.o)
                0x0000000008008e5c                _sbrk_r
 .text.time     0x0000000008008e7c       0x34 /opt/st/stm32cubeide_1.5.0/plugins/com.st.stm32cube.ide.mcu.externaltools.gnu-tools-for-stm32.7-2018-q2-update.linux64_1.5.0.202011040924/tools/bin/../lib/gcc/arm-none-eabi/7.3.1/../../../../arm-none-eabi/lib/thumb/v7e-m/fpv5/hard/libc_nano.a(lib_a-time.o)
                0x0000000008008e7c                time
 .text.__swbuf_r
                0x0000000008008eb0       0xa4 /opt/st/stm32cubeide_1.5.0/plugins/com.st.stm32cube.ide.mcu.externaltools.gnu-tools-for-stm32.7-2018-q2-update.linux64_1.5.0.202011040924/tools/bin/../lib/gcc/arm-none-eabi/7.3.1/../../../../arm-none-eabi/lib/thumb/v7e-m/fpv5/hard/libc_nano.a(lib_a-wbuf.o)
                0x0000000008008eb0                __swbuf_r
 .text.__swsetup_r
                0x0000000008008f54       0xdc /opt/st/stm32cubeide_1.5.0/plugins/com.st.stm32cube.ide.mcu.externaltools.gnu-tools-for-stm32.7-2018-q2-update.linux64_1.5.0.202011040924/tools/bin/../lib/gcc/arm-none-eabi/7.3.1/../../../../arm-none-eabi/lib/thumb/v7e-m/fpv5/hard/libc_nano.a(lib_a-wsetup.o)
                0x0000000008008f54                __swsetup_r
 .text.__sflush_r
                0x0000000008009030      0x10c /opt/st/stm32cubeide_1.5.0/plugins/com.st.stm32cube.ide.mcu.externaltools.gnu-tools-for-stm32.7-2018-q2-update.linux64_1.5.0.202011040924/tools/bin/../lib/gcc/arm-none-eabi/7.3.1/../../../../arm-none-eabi/lib/thumb/v7e-m/fpv5/hard/libc_nano.a(lib_a-fflush.o)
                0x0000000008009030                __sflush_r
 .text._fflush_r
                0x000000000800913c       0x54 /opt/st/stm32cubeide_1.5.0/plugins/com.st.stm32cube.ide.mcu.externaltools.gnu-tools-for-stm32.7-2018-q2-update.linux64_1.5.0.202011040924/tools/bin/../lib/gcc/arm-none-eabi/7.3.1/../../../../arm-none-eabi/lib/thumb/v7e-m/fpv5/hard/libc_nano.a(lib_a-fflush.o)
                0x000000000800913c                _fflush_r
 .text.std      0x0000000008009190       0x48 /opt/st/stm32cubeide_1.5.0/plugins/com.st.stm32cube.ide.mcu.externaltools.gnu-tools-for-stm32.7-2018-q2-update.linux64_1.5.0.202011040924/tools/bin/../lib/gcc/arm-none-eabi/7.3.1/../../../../arm-none-eabi/lib/thumb/v7e-m/fpv5/hard/libc_nano.a(lib_a-findfp.o)
 .text._cleanup_r
                0x00000000080091d8        0xc /opt/st/stm32cubeide_1.5.0/plugins/com.st.stm32cube.ide.mcu.externaltools.gnu-tools-for-stm32.7-2018-q2-update.linux64_1.5.0.202011040924/tools/bin/../lib/gcc/arm-none-eabi/7.3.1/../../../../arm-none-eabi/lib/thumb/v7e-m/fpv5/hard/libc_nano.a(lib_a-findfp.o)
                0x00000000080091d8                _cleanup_r
 .text.__sfmoreglue
                0x00000000080091e4       0x2c /opt/st/stm32cubeide_1.5.0/plugins/com.st.stm32cube.ide.mcu.externaltools.gnu-tools-for-stm32.7-2018-q2-update.linux64_1.5.0.202011040924/tools/bin/../lib/gcc/arm-none-eabi/7.3.1/../../../../arm-none-eabi/lib/thumb/v7e-m/fpv5/hard/libc_nano.a(lib_a-findfp.o)
                0x00000000080091e4                __sfmoreglue
 .text.__sinit  0x0000000008009210       0x60 /opt/st/stm32cubeide_1.5.0/plugins/com.st.stm32cube.ide.mcu.externaltools.gnu-tools-for-stm32.7-2018-q2-update.linux64_1.5.0.202011040924/tools/bin/../lib/gcc/arm-none-eabi/7.3.1/../../../../arm-none-eabi/lib/thumb/v7e-m/fpv5/hard/libc_nano.a(lib_a-findfp.o)
                0x0000000008009210                __sinit
 .text.__sfp    0x0000000008009270       0x78 /opt/st/stm32cubeide_1.5.0/plugins/com.st.stm32cube.ide.mcu.externaltools.gnu-tools-for-stm32.7-2018-q2-update.linux64_1.5.0.202011040924/tools/bin/../lib/gcc/arm-none-eabi/7.3.1/../../../../arm-none-eabi/lib/thumb/v7e-m/fpv5/hard/libc_nano.a(lib_a-findfp.o)
                0x0000000008009270                __sfp
 .text._fwalk_reent
                0x00000000080092e8       0x3c /opt/st/stm32cubeide_1.5.0/plugins/com.st.stm32cube.ide.mcu.externaltools.gnu-tools-for-stm32.7-2018-q2-update.linux64_1.5.0.202011040924/tools/bin/../lib/gcc/arm-none-eabi/7.3.1/../../../../arm-none-eabi/lib/thumb/v7e-m/fpv5/hard/libc_nano.a(lib_a-fwalk.o)
                0x00000000080092e8                _fwalk_reent
 .text._gettimeofday_r
                0x0000000008009324       0x24 /opt/st/stm32cubeide_1.5.0/plugins/com.st.stm32cube.ide.mcu.externaltools.gnu-tools-for-stm32.7-2018-q2-update.linux64_1.5.0.202011040924/tools/bin/../lib/gcc/arm-none-eabi/7.3.1/../../../../arm-none-eabi/lib/thumb/v7e-m/fpv5/hard/libc_nano.a(lib_a-gettimeofdayr.o)
                0x0000000008009324                _gettimeofday_r
 .text.__swhatbuf_r
                0x0000000008009348       0x48 /opt/st/stm32cubeide_1.5.0/plugins/com.st.stm32cube.ide.mcu.externaltools.gnu-tools-for-stm32.7-2018-q2-update.linux64_1.5.0.202011040924/tools/bin/../lib/gcc/arm-none-eabi/7.3.1/../../../../arm-none-eabi/lib/thumb/v7e-m/fpv5/hard/libc_nano.a(lib_a-makebuf.o)
                0x0000000008009348                __swhatbuf_r
 .text.__smakebuf_r
                0x0000000008009390       0x80 /opt/st/stm32cubeide_1.5.0/plugins/com.st.stm32cube.ide.mcu.externaltools.gnu-tools-for-stm32.7-2018-q2-update.linux64_1.5.0.202011040924/tools/bin/../lib/gcc/arm-none-eabi/7.3.1/../../../../arm-none-eabi/lib/thumb/v7e-m/fpv5/hard/libc_nano.a(lib_a-makebuf.o)
                0x0000000008009390                __smakebuf_r
 .text.__malloc_lock
                0x0000000008009410        0x2 /opt/st/stm32cubeide_1.5.0/plugins/com.st.stm32cube.ide.mcu.externaltools.gnu-tools-for-stm32.7-2018-q2-update.linux64_1.5.0.202011040924/tools/bin/../lib/gcc/arm-none-eabi/7.3.1/../../../../arm-none-eabi/lib/thumb/v7e-m/fpv5/hard/libc_nano.a(lib_a-mlock.o)
                0x0000000008009410                __malloc_lock
 .text.__malloc_unlock
                0x0000000008009412        0x2 /opt/st/stm32cubeide_1.5.0/plugins/com.st.stm32cube.ide.mcu.externaltools.gnu-tools-for-stm32.7-2018-q2-update.linux64_1.5.0.202011040924/tools/bin/../lib/gcc/arm-none-eabi/7.3.1/../../../../arm-none-eabi/lib/thumb/v7e-m/fpv5/hard/libc_nano.a(lib_a-mlock.o)
                0x0000000008009412                __malloc_unlock
 .text.__sread  0x0000000008009414       0x22 /opt/st/stm32cubeide_1.5.0/plugins/com.st.stm32cube.ide.mcu.externaltools.gnu-tools-for-stm32.7-2018-q2-update.linux64_1.5.0.202011040924/tools/bin/../lib/gcc/arm-none-eabi/7.3.1/../../../../arm-none-eabi/lib/thumb/v7e-m/fpv5/hard/libc_nano.a(lib_a-stdio.o)
                0x0000000008009414                __sread
 .text.__swrite
                0x0000000008009436       0x38 /opt/st/stm32cubeide_1.5.0/plugins/com.st.stm32cube.ide.mcu.externaltools.gnu-tools-for-stm32.7-2018-q2-update.linux64_1.5.0.202011040924/tools/bin/../lib/gcc/arm-none-eabi/7.3.1/../../../../arm-none-eabi/lib/thumb/v7e-m/fpv5/hard/libc_nano.a(lib_a-stdio.o)
                0x0000000008009436                __swrite
 .text.__sseek  0x000000000800946e       0x24 /opt/st/stm32cubeide_1.5.0/plugins/com.st.stm32cube.ide.mcu.externaltools.gnu-tools-for-stm32.7-2018-q2-update.linux64_1.5.0.202011040924/tools/bin/../lib/gcc/arm-none-eabi/7.3.1/../../../../arm-none-eabi/lib/thumb/v7e-m/fpv5/hard/libc_nano.a(lib_a-stdio.o)
                0x000000000800946e                __sseek
 .text.__sclose
                0x0000000008009492        0x8 /opt/st/stm32cubeide_1.5.0/plugins/com.st.stm32cube.ide.mcu.externaltools.gnu-tools-for-stm32.7-2018-q2-update.linux64_1.5.0.202011040924/tools/bin/../lib/gcc/arm-none-eabi/7.3.1/../../../../arm-none-eabi/lib/thumb/v7e-m/fpv5/hard/libc_nano.a(lib_a-stdio.o)
                0x0000000008009492                __sclose
 *fill*         0x000000000800949a        0x2 
 .text._write_r
                0x000000000800949c       0x24 /opt/st/stm32cubeide_1.5.0/plugins/com.st.stm32cube.ide.mcu.externaltools.gnu-tools-for-stm32.7-2018-q2-update.linux64_1.5.0.202011040924/tools/bin/../lib/gcc/arm-none-eabi/7.3.1/../../../../arm-none-eabi/lib/thumb/v7e-m/fpv5/hard/libc_nano.a(lib_a-writer.o)
                0x000000000800949c                _write_r
 .text._close_r
                0x00000000080094c0       0x20 /opt/st/stm32cubeide_1.5.0/plugins/com.st.stm32cube.ide.mcu.externaltools.gnu-tools-for-stm32.7-2018-q2-update.linux64_1.5.0.202011040924/tools/bin/../lib/gcc/arm-none-eabi/7.3.1/../../../../arm-none-eabi/lib/thumb/v7e-m/fpv5/hard/libc_nano.a(lib_a-closer.o)
                0x00000000080094c0                _close_r
 .text._fstat_r
                0x00000000080094e0       0x24 /opt/st/stm32cubeide_1.5.0/plugins/com.st.stm32cube.ide.mcu.externaltools.gnu-tools-for-stm32.7-2018-q2-update.linux64_1.5.0.202011040924/tools/bin/../lib/gcc/arm-none-eabi/7.3.1/../../../../arm-none-eabi/lib/thumb/v7e-m/fpv5/hard/libc_nano.a(lib_a-fstatr.o)
                0x00000000080094e0                _fstat_r
 .text._isatty_r
                0x0000000008009504       0x20 /opt/st/stm32cubeide_1.5.0/plugins/com.st.stm32cube.ide.mcu.externaltools.gnu-tools-for-stm32.7-2018-q2-update.linux64_1.5.0.202011040924/tools/bin/../lib/gcc/arm-none-eabi/7.3.1/../../../../arm-none-eabi/lib/thumb/v7e-m/fpv5/hard/libc_nano.a(lib_a-isattyr.o)
                0x0000000008009504                _isatty_r
 .text._lseek_r
                0x0000000008009524       0x24 /opt/st/stm32cubeide_1.5.0/plugins/com.st.stm32cube.ide.mcu.externaltools.gnu-tools-for-stm32.7-2018-q2-update.linux64_1.5.0.202011040924/tools/bin/../lib/gcc/arm-none-eabi/7.3.1/../../../../arm-none-eabi/lib/thumb/v7e-m/fpv5/hard/libc_nano.a(lib_a-lseekr.o)
                0x0000000008009524                _lseek_r
 .text._read_r  0x0000000008009548       0x24 /opt/st/stm32cubeide_1.5.0/plugins/com.st.stm32cube.ide.mcu.externaltools.gnu-tools-for-stm32.7-2018-q2-update.linux64_1.5.0.202011040924/tools/bin/../lib/gcc/arm-none-eabi/7.3.1/../../../../arm-none-eabi/lib/thumb/v7e-m/fpv5/hard/libc_nano.a(lib_a-readr.o)
                0x0000000008009548                _read_r
 *(.glue_7)
 .glue_7        0x000000000800956c        0x0 linker stubs
 *(.glue_7t)
 .glue_7t       0x000000000800956c        0x0 linker stubs
 *(.eh_frame)
 .eh_frame      0x000000000800956c        0x0 /opt/st/stm32cubeide_1.5.0/plugins/com.st.stm32cube.ide.mcu.externaltools.gnu-tools-for-stm32.7-2018-q2-update.linux64_1.5.0.202011040924/tools/bin/../lib/gcc/arm-none-eabi/7.3.1/thumb/v7e-m/fpv5/hard/crtbegin.o
 *(.init)
 .init          0x000000000800956c        0x4 /opt/st/stm32cubeide_1.5.0/plugins/com.st.stm32cube.ide.mcu.externaltools.gnu-tools-for-stm32.7-2018-q2-update.linux64_1.5.0.202011040924/tools/bin/../lib/gcc/arm-none-eabi/7.3.1/thumb/v7e-m/fpv5/hard/crti.o
                0x000000000800956c                _init
 .init          0x0000000008009570        0x8 /opt/st/stm32cubeide_1.5.0/plugins/com.st.stm32cube.ide.mcu.externaltools.gnu-tools-for-stm32.7-2018-q2-update.linux64_1.5.0.202011040924/tools/bin/../lib/gcc/arm-none-eabi/7.3.1/thumb/v7e-m/fpv5/hard/crtn.o
 *(.fini)
 .fini          0x0000000008009578        0x4 /opt/st/stm32cubeide_1.5.0/plugins/com.st.stm32cube.ide.mcu.externaltools.gnu-tools-for-stm32.7-2018-q2-update.linux64_1.5.0.202011040924/tools/bin/../lib/gcc/arm-none-eabi/7.3.1/thumb/v7e-m/fpv5/hard/crti.o
                0x0000000008009578                _fini
 .fini          0x000000000800957c        0x8 /opt/st/stm32cubeide_1.5.0/plugins/com.st.stm32cube.ide.mcu.externaltools.gnu-tools-for-stm32.7-2018-q2-update.linux64_1.5.0.202011040924/tools/bin/../lib/gcc/arm-none-eabi/7.3.1/thumb/v7e-m/fpv5/hard/crtn.o
                0x0000000008009584                . = ALIGN (0x4)
                0x0000000008009584                _etext = .

.vfp11_veneer   0x0000000008009584        0x0
 .vfp11_veneer  0x0000000008009584        0x0 linker stubs

.v4_bx          0x0000000008009584        0x0
 .v4_bx         0x0000000008009584        0x0 linker stubs

.iplt           0x0000000008009584        0x0
 .iplt          0x0000000008009584        0x0 /opt/st/stm32cubeide_1.5.0/plugins/com.st.stm32cube.ide.mcu.externaltools.gnu-tools-for-stm32.7-2018-q2-update.linux64_1.5.0.202011040924/tools/bin/../lib/gcc/arm-none-eabi/7.3.1/thumb/v7e-m/fpv5/hard/crtbegin.o

.rodata         0x0000000008009584    0xf2f94
                0x0000000008009584                . = ALIGN (0x4)
 *(.rodata)
 *(.rodata*)
 .rodata.flagBitshiftOffset.10361
                0x0000000008009584        0x8 Drivers/STM32F7xx_HAL_Driver/Src/stm32f7xx_hal_dma.o
 .rodata.CSWTCH.53
                0x000000000800958c        0x4 Drivers/STM32F7xx_HAL_Driver/Src/stm32f7xx_hal_uart.o
 .rodata.CSWTCH.54
                0x0000000008009590        0xd Drivers/STM32F7xx_HAL_Driver/Src/stm32f7xx_hal_uart.o
 *fill*         0x000000000800959d        0x3 
 .rodata.DEFAULT_KEYWORD_ARRAY
                0x00000000080095a0      0x6cc Src/main_multi.o
 .rodata.KEYWORDS_NAME
                0x0000000008009c6c        0x8 Src/main_multi.o
 .rodata.KEYWORD_MODEL_SIZES
                0x0000000008009c74        0x8 Src/main_multi.o
 .rodata.PICOVOICE_KEYWORD_ARRAY
                0x0000000008009c7c      0x3ac Src/main_multi.o
 .rodata.SENSITIVITIES
                0x000000000800a028        0x8 Src/main_multi.o
 .rodata.main.str1.4
                0x000000000800a030       0xa8 Src/main_multi.o
 .rodata.str1.4
                0x000000000800a0d8       0x16 Src/main_multi.o
 *fill*         0x000000000800a0ee        0x2 
 .rodata.AHBPrescTable
                0x000000000800a0f0       0x10 Src/system_stm32f7xx.o
                0x000000000800a0f0                AHBPrescTable
 .rodata.APBPrescTable
                0x000000000800a100        0x8 Src/system_stm32f7xx.o
                0x000000000800a100                APBPrescTable
 .rodata.STRINGS.5311
                0x000000000800a108       0x1c ../../../../../lib/mcu/stm32f769//libpv_porcupine.a(picovoice.o)
 .rodata.str1.4
                0x000000000800a124       0x62 ../../../../../lib/mcu/stm32f769//libpv_porcupine.a(picovoice.o)
 *fill*         0x000000000800a186        0x2 
 .rodata.pv_porcupine_init.str1.4
                0x000000000800a188      0x1a0 ../../../../../lib/mcu/stm32f769//libpv_porcupine.a(pv_porcupine.o)
 .rodata.taabe191.str1.4
                0x000000000800a328      0x20a ../../../../../lib/mcu/stm32f769//libpv_porcupine.a(pv_porcupine_internal.o)
                                        0x20e (size before relaxing)
 *fill*         0x000000000800a532        0x2 
 .rodata.CSWTCH.5
                0x000000000800a534       0x14 ../../../../../lib/mcu/stm32f769//libpv_porcupine.a(pv_language.o)
 .rodata.CSWTCH.8
                0x000000000800a548       0x10 ../../../../../lib/mcu/stm32f769//libpv_porcupine.a(pv_language.o)
 .rodata.taabe254.str1.4
                0x000000000800a558       0x14 ../../../../../lib/mcu/stm32f769//libpv_porcupine.a(pv_language.o)
                                         0x13 (size before relaxing)
 .rodata.BINS.8849
                0x000000000800a56c       0x54 ../../../../../lib/mcu/stm32f769//libpv_porcupine.a(pv_filterbank.o)
 .rodata.MEAN.8883
                0x000000000800a5c0       0x50 ../../../../../lib/mcu/stm32f769//libpv_porcupine.a(pv_filterbank.o)
 .rodata.STD_RECIPROCAL.8884
                0x000000000800a610       0x50 ../../../../../lib/mcu/stm32f769//libpv_porcupine.a(pv_filterbank.o)
 .rodata.WEIGHT_DECREMENTS.8851
                0x000000000800a660       0xa0 ../../../../../lib/mcu/stm32f769//libpv_porcupine.a(pv_filterbank.o)
 .rodata.WEIGHT_INCREMENTS.8850
                0x000000000800a700       0xa0 ../../../../../lib/mcu/stm32f769//libpv_porcupine.a(pv_filterbank.o)
 .rodata.WINDOW.8770
                0x000000000800a7a0      0x400 ../../../../../lib/mcu/stm32f769//libpv_porcupine.a(pv_stft.o)
 .rodata.SIN_TABLE
                0x000000000800aba0      0x600 ../../../../../lib/mcu/stm32f769//libpv_porcupine.a(pv_fft.o)
 .rodata.TABLE.8757
                0x000000000800b1a0      0x200 ../../../../../lib/mcu/stm32f769//libpv_porcupine.a(pv_fft.o)
 .rodata.PV_EXP_LSB_TABLE
                0x000000000800b3a0      0x200 ../../../../../lib/mcu/stm32f769//libpv_porcupine.a(pv_math.o)
 .rodata.PV_EXP_MSB_TABLE
                0x000000000800b5a0      0x200 ../../../../../lib/mcu/stm32f769//libpv_porcupine.a(pv_math.o)
 .rodata.PV_LOG10_TABLE
                0x000000000800b7a0      0x402 ../../../../../lib/mcu/stm32f769//libpv_porcupine.a(pv_math.o)
 *fill*         0x000000000800bba2        0x2 
 .rodata.PV_SIGMOID_TABLE
                0x000000000800bba4      0x202 ../../../../../lib/mcu/stm32f769//libpv_porcupine.a(pv_math.o)
 *fill*         0x000000000800bda6        0x2 
 .rodata.PV_PORCUPINE_CLASSIFIER_PARAM
                0x000000000800bda8       0x10 ../../../../../lib/mcu/stm32f769//libpv_porcupine.a(pv_classifier_168_cortexm.o)
                0x000000000800bda8                PV_PORCUPINE_CLASSIFIER_PARAM
 .rodata.RNN_0_PARAM
                0x000000000800bdb8        0x8 ../../../../../lib/mcu/stm32f769//libpv_porcupine.a(pv_classifier_168_cortexm.o)
 .rodata.RNN_1_PARAM
                0x000000000800bdc0        0x8 ../../../../../lib/mcu/stm32f769//libpv_porcupine.a(pv_classifier_168_cortexm.o)
 .rodata.RNN_2_PARAM
                0x000000000800bdc8        0x8 ../../../../../lib/mcu/stm32f769//libpv_porcupine.a(pv_classifier_168_cortexm.o)
 .rodata.RNN_3_PARAM
                0x000000000800bdd0        0x8 ../../../../../lib/mcu/stm32f769//libpv_porcupine.a(pv_classifier_168_cortexm.o)
 .rodata.RNN_4_PARAM
                0x000000000800bdd8        0x8 ../../../../../lib/mcu/stm32f769//libpv_porcupine.a(pv_classifier_168_cortexm.o)
 .rodata.RNN_5_PARAM
                0x000000000800bde0        0x8 ../../../../../lib/mcu/stm32f769//libpv_porcupine.a(pv_classifier_168_cortexm.o)
 .rodata.SOFTMAX_BIAS
                0x000000000800bde8       0x28 ../../../../../lib/mcu/stm32f769//libpv_porcupine.a(pv_classifier_168_cortexm.o)
 .rodata.SOFTMAX_FC_PARAM
                0x000000000800be10       0x10 ../../../../../lib/mcu/stm32f769//libpv_porcupine.a(pv_classifier_168_cortexm.o)
 .rodata.SOFTMAX_WEIGHT
                0x000000000800be20     0x1a40 ../../../../../lib/mcu/stm32f769//libpv_porcupine.a(pv_classifier_168_cortexm.o)
 .rodata.TIED_LSTM_0_HIDDEN_BIAS
                0x000000000800d860      0x1f8 ../../../../../lib/mcu/stm32f769//libpv_porcupine.a(pv_classifier_168_cortexm.o)
 .rodata.TIED_LSTM_0_HIDDEN_FC_PARAM
                0x000000000800da58       0x10 ../../../../../lib/mcu/stm32f769//libpv_porcupine.a(pv_classifier_168_cortexm.o)
 .rodata.TIED_LSTM_0_HIDDEN_WEIGHT
                0x000000000800da68    0x14ac0 ../../../../../lib/mcu/stm32f769//libpv_porcupine.a(pv_classifier_168_cortexm.o)
 .rodata.TIED_LSTM_0_INPUT_BIAS
                0x0000000008022528      0x1f8 ../../../../../lib/mcu/stm32f769//libpv_porcupine.a(pv_classifier_168_cortexm.o)
 .rodata.TIED_LSTM_0_INPUT_FC_PARAM
                0x0000000008022720       0x10 ../../../../../lib/mcu/stm32f769//libpv_porcupine.a(pv_classifier_168_cortexm.o)
 .rodata.TIED_LSTM_0_INPUT_WEIGHT
                0x0000000008022730     0x9d80 ../../../../../lib/mcu/stm32f769//libpv_porcupine.a(pv_classifier_168_cortexm.o)
 .rodata.TIED_LSTM_1_HIDDEN_BIAS
                0x000000000802c4b0      0x1f8 ../../../../../lib/mcu/stm32f769//libpv_porcupine.a(pv_classifier_168_cortexm.o)
 .rodata.TIED_LSTM_1_HIDDEN_FC_PARAM
                0x000000000802c6a8       0x10 ../../../../../lib/mcu/stm32f769//libpv_porcupine.a(pv_classifier_168_cortexm.o)
 .rodata.TIED_LSTM_1_HIDDEN_WEIGHT
                0x000000000802c6b8    0x14ac0 ../../../../../lib/mcu/stm32f769//libpv_porcupine.a(pv_classifier_168_cortexm.o)
 .rodata.TIED_LSTM_1_INPUT_BIAS
                0x0000000008041178      0x1f8 ../../../../../lib/mcu/stm32f769//libpv_porcupine.a(pv_classifier_168_cortexm.o)
 .rodata.TIED_LSTM_1_INPUT_FC_PARAM
                0x0000000008041370       0x10 ../../../../../lib/mcu/stm32f769//libpv_porcupine.a(pv_classifier_168_cortexm.o)
 .rodata.TIED_LSTM_1_INPUT_WEIGHT
                0x0000000008041380    0x14ac0 ../../../../../lib/mcu/stm32f769//libpv_porcupine.a(pv_classifier_168_cortexm.o)
 .rodata.TIED_LSTM_2_HIDDEN_BIAS
                0x0000000008055e40      0x1f8 ../../../../../lib/mcu/stm32f769//libpv_porcupine.a(pv_classifier_168_cortexm.o)
 .rodata.TIED_LSTM_2_HIDDEN_FC_PARAM
                0x0000000008056038       0x10 ../../../../../lib/mcu/stm32f769//libpv_porcupine.a(pv_classifier_168_cortexm.o)
 .rodata.TIED_LSTM_2_HIDDEN_WEIGHT
                0x0000000008056048    0x14ac0 ../../../../../lib/mcu/stm32f769//libpv_porcupine.a(pv_classifier_168_cortexm.o)
 .rodata.TIED_LSTM_2_INPUT_BIAS
                0x000000000806ab08      0x1f8 ../../../../../lib/mcu/stm32f769//libpv_porcupine.a(pv_classifier_168_cortexm.o)
 .rodata.TIED_LSTM_2_INPUT_FC_PARAM
                0x000000000806ad00       0x10 ../../../../../lib/mcu/stm32f769//libpv_porcupine.a(pv_classifier_168_cortexm.o)
 .rodata.TIED_LSTM_2_INPUT_WEIGHT
                0x000000000806ad10    0x14ac0 ../../../../../lib/mcu/stm32f769//libpv_porcupine.a(pv_classifier_168_cortexm.o)
 .rodata.TIED_LSTM_3_HIDDEN_BIAS
                0x000000000807f7d0      0x1f8 ../../../../../lib/mcu/stm32f769//libpv_porcupine.a(pv_classifier_168_cortexm.o)
 .rodata.TIED_LSTM_3_HIDDEN_FC_PARAM
                0x000000000807f9c8       0x10 ../../../../../lib/mcu/stm32f769//libpv_porcupine.a(pv_classifier_168_cortexm.o)
 .rodata.TIED_LSTM_3_HIDDEN_WEIGHT
                0x000000000807f9d8    0x14ac0 ../../../../../lib/mcu/stm32f769//libpv_porcupine.a(pv_classifier_168_cortexm.o)
 .rodata.TIED_LSTM_3_INPUT_BIAS
                0x0000000008094498      0x1f8 ../../../../../lib/mcu/stm32f769//libpv_porcupine.a(pv_classifier_168_cortexm.o)
 .rodata.TIED_LSTM_3_INPUT_FC_PARAM
                0x0000000008094690       0x10 ../../../../../lib/mcu/stm32f769//libpv_porcupine.a(pv_classifier_168_cortexm.o)
 .rodata.TIED_LSTM_3_INPUT_WEIGHT
                0x00000000080946a0    0x14ac0 ../../../../../lib/mcu/stm32f769//libpv_porcupine.a(pv_classifier_168_cortexm.o)
 .rodata.TIED_LSTM_4_HIDDEN_BIAS
                0x00000000080a9160      0x1f8 ../../../../../lib/mcu/stm32f769//libpv_porcupine.a(pv_classifier_168_cortexm.o)
 .rodata.TIED_LSTM_4_HIDDEN_FC_PARAM
                0x00000000080a9358       0x10 ../../../../../lib/mcu/stm32f769//libpv_porcupine.a(pv_classifier_168_cortexm.o)
 .rodata.TIED_LSTM_4_HIDDEN_WEIGHT
                0x00000000080a9368    0x14ac0 ../../../../../lib/mcu/stm32f769//libpv_porcupine.a(pv_classifier_168_cortexm.o)
 .rodata.TIED_LSTM_4_INPUT_BIAS
                0x00000000080bde28      0x1f8 ../../../../../lib/mcu/stm32f769//libpv_porcupine.a(pv_classifier_168_cortexm.o)
 .rodata.TIED_LSTM_4_INPUT_FC_PARAM
                0x00000000080be020       0x10 ../../../../../lib/mcu/stm32f769//libpv_porcupine.a(pv_classifier_168_cortexm.o)
 .rodata.TIED_LSTM_4_INPUT_WEIGHT
                0x00000000080be030    0x14ac0 ../../../../../lib/mcu/stm32f769//libpv_porcupine.a(pv_classifier_168_cortexm.o)
 .rodata.TIED_LSTM_5_HIDDEN_BIAS
                0x00000000080d2af0      0x1f8 ../../../../../lib/mcu/stm32f769//libpv_porcupine.a(pv_classifier_168_cortexm.o)
 .rodata.TIED_LSTM_5_HIDDEN_FC_PARAM
                0x00000000080d2ce8       0x10 ../../../../../lib/mcu/stm32f769//libpv_porcupine.a(pv_classifier_168_cortexm.o)
 .rodata.TIED_LSTM_5_HIDDEN_WEIGHT
                0x00000000080d2cf8    0x14ac0 ../../../../../lib/mcu/stm32f769//libpv_porcupine.a(pv_classifier_168_cortexm.o)
 .rodata.TIED_LSTM_5_INPUT_BIAS
                0x00000000080e77b8      0x1f8 ../../../../../lib/mcu/stm32f769//libpv_porcupine.a(pv_classifier_168_cortexm.o)
 .rodata.TIED_LSTM_5_INPUT_FC_PARAM
                0x00000000080e79b0       0x10 ../../../../../lib/mcu/stm32f769//libpv_porcupine.a(pv_classifier_168_cortexm.o)
 .rodata.TIED_LSTM_5_INPUT_WEIGHT
                0x00000000080e79c0    0x14ac0 ../../../../../lib/mcu/stm32f769//libpv_porcupine.a(pv_classifier_168_cortexm.o)
 .rodata._global_impure_ptr
                0x00000000080fc480        0x4 /opt/st/stm32cubeide_1.5.0/plugins/com.st.stm32cube.ide.mcu.externaltools.gnu-tools-for-stm32.7-2018-q2-update.linux64_1.5.0.202011040924/tools/bin/../lib/gcc/arm-none-eabi/7.3.1/../../../../arm-none-eabi/lib/thumb/v7e-m/fpv5/hard/libc_nano.a(lib_a-impure.o)
                0x00000000080fc480                _global_impure_ptr
 .rodata._vfprintf_r.str1.1
                0x00000000080fc484       0x11 /opt/st/stm32cubeide_1.5.0/plugins/com.st.stm32cube.ide.mcu.externaltools.gnu-tools-for-stm32.7-2018-q2-update.linux64_1.5.0.202011040924/tools/bin/../lib/gcc/arm-none-eabi/7.3.1/../../../../arm-none-eabi/lib/thumb/v7e-m/fpv5/hard/libc_nano.a(lib_a-nano-vfprintf.o)
 .rodata._printf_i.str1.1
                0x00000000080fc495       0x22 /opt/st/stm32cubeide_1.5.0/plugins/com.st.stm32cube.ide.mcu.externaltools.gnu-tools-for-stm32.7-2018-q2-update.linux64_1.5.0.202011040924/tools/bin/../lib/gcc/arm-none-eabi/7.3.1/../../../../arm-none-eabi/lib/thumb/v7e-m/fpv5/hard/libc_nano.a(lib_a-nano-vfprintf_i.o)
 *fill*         0x00000000080fc4b7        0x1 
 .rodata.__sf_fake_stderr
                0x00000000080fc4b8       0x20 /opt/st/stm32cubeide_1.5.0/plugins/com.st.stm32cube.ide.mcu.externaltools.gnu-tools-for-stm32.7-2018-q2-update.linux64_1.5.0.202011040924/tools/bin/../lib/gcc/arm-none-eabi/7.3.1/../../../../arm-none-eabi/lib/thumb/v7e-m/fpv5/hard/libc_nano.a(lib_a-findfp.o)
                0x00000000080fc4b8                __sf_fake_stderr
 .rodata.__sf_fake_stdin
                0x00000000080fc4d8       0x20 /opt/st/stm32cubeide_1.5.0/plugins/com.st.stm32cube.ide.mcu.externaltools.gnu-tools-for-stm32.7-2018-q2-update.linux64_1.5.0.202011040924/tools/bin/../lib/gcc/arm-none-eabi/7.3.1/../../../../arm-none-eabi/lib/thumb/v7e-m/fpv5/hard/libc_nano.a(lib_a-findfp.o)
                0x00000000080fc4d8                __sf_fake_stdin
 .rodata.__sf_fake_stdout
                0x00000000080fc4f8       0x20 /opt/st/stm32cubeide_1.5.0/plugins/com.st.stm32cube.ide.mcu.externaltools.gnu-tools-for-stm32.7-2018-q2-update.linux64_1.5.0.202011040924/tools/bin/../lib/gcc/arm-none-eabi/7.3.1/../../../../arm-none-eabi/lib/thumb/v7e-m/fpv5/hard/libc_nano.a(lib_a-findfp.o)
                0x00000000080fc4f8                __sf_fake_stdout
                0x00000000080fc518                . = ALIGN (0x4)

.ARM.extab      0x00000000080fc518        0x0
                0x00000000080fc518                . = ALIGN (0x4)
 *(.ARM.extab* .gnu.linkonce.armextab.*)
                0x00000000080fc518                . = ALIGN (0x4)

.ARM            0x00000000080fc518        0x8
                0x00000000080fc518                . = ALIGN (0x4)
                0x00000000080fc518                __exidx_start = .
 *(.ARM.exidx*)
 .ARM.exidx     0x00000000080fc518        0x8 /opt/st/stm32cubeide_1.5.0/plugins/com.st.stm32cube.ide.mcu.externaltools.gnu-tools-for-stm32.7-2018-q2-update.linux64_1.5.0.202011040924/tools/bin/../lib/gcc/arm-none-eabi/7.3.1/thumb/v7e-m/fpv5/hard/libgcc.a(_udivmoddi4.o)
                0x00000000080fc520                __exidx_end = .
                0x00000000080fc520                . = ALIGN (0x4)

.rel.dyn        0x00000000080fc520        0x0
 .rel.iplt      0x00000000080fc520        0x0 /opt/st/stm32cubeide_1.5.0/plugins/com.st.stm32cube.ide.mcu.externaltools.gnu-tools-for-stm32.7-2018-q2-update.linux64_1.5.0.202011040924/tools/bin/../lib/gcc/arm-none-eabi/7.3.1/thumb/v7e-m/fpv5/hard/crtbegin.o

.preinit_array  0x00000000080fc520        0x0
                0x00000000080fc520                . = ALIGN (0x4)
                0x00000000080fc520                PROVIDE (__preinit_array_start = .)
 *(.preinit_array*)
                0x00000000080fc520                PROVIDE (__preinit_array_end = .)
                0x00000000080fc520                . = ALIGN (0x4)

.init_array     0x00000000080fc520        0x4
                0x00000000080fc520                . = ALIGN (0x4)
                0x00000000080fc520                PROVIDE (__init_array_start = .)
 *(SORT_BY_NAME(.init_array.*))
 *(.init_array*)
 .init_array    0x00000000080fc520        0x4 /opt/st/stm32cubeide_1.5.0/plugins/com.st.stm32cube.ide.mcu.externaltools.gnu-tools-for-stm32.7-2018-q2-update.linux64_1.5.0.202011040924/tools/bin/../lib/gcc/arm-none-eabi/7.3.1/thumb/v7e-m/fpv5/hard/crtbegin.o
                0x00000000080fc524                PROVIDE (__init_array_end = .)
                0x00000000080fc524                . = ALIGN (0x4)

.fini_array     0x00000000080fc524        0x4
                0x00000000080fc524                . = ALIGN (0x4)
                [!provide]                        PROVIDE (__fini_array_start = .)
 *(SORT_BY_NAME(.fini_array.*))
 *(.fini_array*)
 .fini_array    0x00000000080fc524        0x4 /opt/st/stm32cubeide_1.5.0/plugins/com.st.stm32cube.ide.mcu.externaltools.gnu-tools-for-stm32.7-2018-q2-update.linux64_1.5.0.202011040924/tools/bin/../lib/gcc/arm-none-eabi/7.3.1/thumb/v7e-m/fpv5/hard/crtbegin.o
                [!provide]                        PROVIDE (__fini_array_end = .)
                0x00000000080fc528                . = ALIGN (0x4)
                0x00000000080fc528                _sidata = LOADADDR (.data)

.data           0x0000000020000000       0xf0 load address 0x00000000080fc528
                0x0000000020000000                . = ALIGN (0x4)
                0x0000000020000000                _sdata = .
 *(.data)
 *(.data*)
 .data.ColdStartup
                0x0000000020000000        0x1 Drivers/BSP/Components/wm8994/wm8994.o
 *fill*         0x0000000020000001        0x3 
 .data.wm8994_drv
                0x0000000020000004       0x30 Drivers/BSP/Components/wm8994/wm8994.o
                0x0000000020000004                wm8994_drv
 .data.GPIO_PIN
                0x0000000020000034        0x8 Drivers/BSP/STM32F769I-Discovery/stm32f769i_discovery.o
                0x0000000020000034                GPIO_PIN
 .data.GPIO_PORT
                0x000000002000003c        0x8 Drivers/BSP/STM32F769I-Discovery/stm32f769i_discovery.o
                0x000000002000003c                GPIO_PORT
 .data.AudioIn_ChannelNumber
                0x0000000020000044        0x1 Drivers/BSP/STM32F769I-Discovery/stm32f769i_discovery_audio.o
 .data.uwTickFreq
                0x0000000020000045        0x1 Drivers/STM32F7xx_HAL_Driver/Src/stm32f7xx_hal.o
                0x0000000020000045                uwTickFreq
 *fill*         0x0000000020000046        0x2 