stm32469i_discovery.c:501:13:I2C2_Init	48	static
stm32469i_discovery.c:478:13:I2C1_Init	48	static
stm32469i_discovery.c:643:26:I2C1_WriteMultiple.part.4	8	static
stm32469i_discovery.c:167:10:BSP_GetVersion	0	static
stm32469i_discovery.c:181:6:BSP_LED_Init	56	static
stm32469i_discovery.c:232:6:BSP_LED_DeInit	16	static
stm32469i_discovery.c:257:6:BSP_LED_On	0	static
stm32469i_discovery.c:275:6:BSP_LED_Off	0	static
stm32469i_discovery.c:292:6:BSP_LED_Toggle	0	static
stm32469i_discovery.c:312:6:BSP_PB_Init	40	static
stm32469i_discovery.c:354:6:BSP_PB_DeInit	8	static
stm32469i_discovery.c:372:10:BSP_PB_GetState	8	static
stm32469i_discovery.c:740:6:AUDIO_IO_Init	0	static
stm32469i_discovery.c:748:6:AUDIO_IO_DeInit	0	static
stm32469i_discovery.c:759:6:AUDIO_IO_Write	40	static
stm32469i_discovery.c:770:9:AUDIO_IO_Read	40	static
stm32469i_discovery.c:783:6:AUDIO_IO_Delay	0	static
stm32469i_discovery.c:793:6:EEPROM_IO_Init	0	static
stm32469i_discovery.c:806:19:EEPROM_IO_WriteData	32	static
stm32469i_discovery.c:819:19:EEPROM_IO_ReadData	32	static
stm32469i_discovery.c:831:19:EEPROM_IO_IsDeviceReady	0	static
stm32469i_discovery.c:842:6:TS_IO_Init	0	static
stm32469i_discovery.c:854:6:TS_IO_Write	40	static
stm32469i_discovery.c:866:9:TS_IO_Read	40	static
stm32469i_discovery.c:880:10:TS_IO_ReadMultiple	32	static
stm32469i_discovery.c:893:6:TS_IO_WriteMultiple	24	static
stm32469i_discovery.c:902:6:TS_IO_Delay	0	static
stm32469i_discovery.c:912:6:OTM8009A_IO_Delay	0	static
