stm32469i_discovery_audio.c:295:9:BSP_AUDIO_OUT_Play	16	static
stm32469i_discovery_audio.c:322:6:BSP_AUDIO_OUT_ChangeBuffer	0	static
stm32469i_discovery_audio.c:335:9:BSP_AUDIO_OUT_Pause	8	static
stm32469i_discovery_audio.c:366:9:BSP_AUDIO_OUT_Resume	8	static
stm32469i_discovery_audio.c:398:9:BSP_AUDIO_OUT_Stop	8	static
stm32469i_discovery_audio.c:432:9:BSP_AUDIO_OUT_SetVolume	8	static
stm32469i_discovery_audio.c:452:9:BSP_AUDIO_OUT_SetMute	8	static
stm32469i_discovery_audio.c:473:9:BSP_AUDIO_OUT_SetOutputMode	8	static
stm32469i_discovery_audio.c:516:6:BSP_AUDIO_OUT_ChangeAudioConfig	16	static
stm32469i_discovery_audio.c:576:6:BSP_AUDIO_OUT_SetAudioFrameSlot	8	static
stm32469i_discovery_audio.c:636:13:BSP_AUDIO_OUT_TransferComplete_CallBack	0	static
stm32469i_discovery_audio.c:606:6:HAL_SAI_TxCpltCallback	8	static
stm32469i_discovery_audio.c:643:13:BSP_AUDIO_OUT_HalfTransfer_CallBack	0	static
stm32469i_discovery_audio.c:617:6:HAL_SAI_TxHalfCpltCallback	8	static
stm32469i_discovery_audio.c:650:13:BSP_AUDIO_OUT_Error_CallBack	0	static
stm32469i_discovery_audio.c:628:6:HAL_SAI_ErrorCallback	8	static
stm32469i_discovery_audio.c:659:13:BSP_AUDIO_OUT_MspInit	72	static
stm32469i_discovery_audio.c:737:13:BSP_AUDIO_OUT_MspDeInit	8	static
stm32469i_discovery_audio.c:592:6:BSP_AUDIO_OUT_DeInit	8	static
stm32469i_discovery_audio.c:783:13:BSP_AUDIO_OUT_ClockConfig	72	static
stm32469i_discovery_audio.c:235:9:BSP_AUDIO_OUT_Init	24	static
stm32469i_discovery_audio.c:493:6:BSP_AUDIO_OUT_SetFrequency	16	static
stm32469i_discovery_audio.c:959:9:BSP_AUDIO_IN_Record	8	static
stm32469i_discovery_audio.c:976:9:BSP_AUDIO_IN_Stop	8	static
stm32469i_discovery_audio.c:996:9:BSP_AUDIO_IN_Pause	8	static
stm32469i_discovery_audio.c:1009:9:BSP_AUDIO_IN_Resume	8	static
stm32469i_discovery_audio.c:1024:9:BSP_AUDIO_IN_SetVolume	0	static
stm32469i_discovery_audio.c:1050:9:BSP_AUDIO_IN_PDMToPCM	536	static
stm32469i_discovery_audio.c:1114:13:BSP_AUDIO_IN_ClockConfig	72	static
stm32469i_discovery_audio.c:1128:13:BSP_AUDIO_IN_TransferComplete_CallBack	0	static
stm32469i_discovery_audio.c:1079:6:HAL_I2S_RxCpltCallback	8	static
stm32469i_discovery_audio.c:1138:13:BSP_AUDIO_IN_HalfTransfer_CallBack	0	static
stm32469i_discovery_audio.c:1089:6:HAL_I2S_RxHalfCpltCallback	8	static
stm32469i_discovery_audio.c:1148:13:BSP_AUDIO_IN_Error_Callback	0	static
stm32469i_discovery_audio.c:1100:6:HAL_I2S_ErrorCallback	8	static
stm32469i_discovery_audio.c:1159:13:BSP_AUDIO_IN_MspInit	136	static
stm32469i_discovery_audio.c:928:9:BSP_AUDIO_IN_Init	56	static
stm32469i_discovery_audio.c:1238:13:BSP_AUDIO_IN_MspDeInit	8	static
stm32469i_discovery_audio.c:1036:6:BSP_AUDIO_IN_DeInit	16	static
