Archive member included to satisfy reference by file (symbol)

../../../../../lib/mcu/stm32f469//libpv_porcupine.a(picovoice.o)
                              Src/main.o (pv_status_to_string)
../../../../../lib/mcu/stm32f469//libpv_porcupine.a(pv_porcupine.o)
                              Src/main.o (pv_porcupine_init)
../../../../../lib/mcu/stm32f469//libpv_porcupine.a(pv_porcupine_internal.o)
                              ../../../../../lib/mcu/stm32f469//libpv_porcupine.a(pv_porcupine.o) (taabe229)
../../../../../lib/mcu/stm32f469//libpv_porcupine.a(pv_cipher.o)
                              ../../../../../lib/mcu/stm32f469//libpv_porcupine.a(pv_porcupine_internal.o) (taabe347)
../../../../../lib/mcu/stm32f469//libpv_porcupine.a(pv_language.o)
                              ../../../../../lib/mcu/stm32f469//libpv_porcupine.a(pv_porcupine_internal.o) (taabe296)
../../../../../lib/mcu/stm32f469//libpv_porcupine.a(pv_memory.o)
                              ../../../../../lib/mcu/stm32f469//libpv_porcupine.a(pv_porcupine.o) (taabe289)
../../../../../lib/mcu/stm32f469//libpv_porcupine.a(pv_filterbank.o)
                              ../../../../../lib/mcu/stm32f469//libpv_porcupine.a(pv_porcupine_internal.o) (taabe203)
../../../../../lib/mcu/stm32f469//libpv_porcupine.a(pv_stft.o)
                              ../../../../../lib/mcu/stm32f469//libpv_porcupine.a(pv_filterbank.o) (taabe208)
../../../../../lib/mcu/stm32f469//libpv_porcupine.a(pv_log.o)
                              ../../../../../lib/mcu/stm32f469//libpv_porcupine.a(pv_porcupine.o) (taabe263)
../../../../../lib/mcu/stm32f469//libpv_porcupine.a(pv_fft.o)
                              ../../../../../lib/mcu/stm32f469//libpv_porcupine.a(pv_stft.o) (taabe179)
../../../../../lib/mcu/stm32f469//libpv_porcupine.a(pv_math.o)
                              ../../../../../lib/mcu/stm32f469//libpv_porcupine.a(pv_porcupine_internal.o) (taabe199)
../../../../../lib/mcu/stm32f469//libpv_porcupine.a(pv_online_token_classifier.o)
                              ../../../../../lib/mcu/stm32f469//libpv_porcupine.a(pv_porcupine_internal.o) (taabe277)
../../../../../lib/mcu/stm32f469//libpv_porcupine.a(pv_fc.o)
                              ../../../../../lib/mcu/stm32f469//libpv_porcupine.a(pv_online_token_classifier.o) (taabe14)
../../../../../lib/mcu/stm32f469//libpv_porcupine.a(pv_rnn.o)
                              ../../../../../lib/mcu/stm32f469//libpv_porcupine.a(pv_online_token_classifier.o) (taabe3)
../../../../../lib/mcu/stm32f469//libpv_porcupine.a(pv_softmax.o)
                              ../../../../../lib/mcu/stm32f469//libpv_porcupine.a(pv_online_token_classifier.o) (taabe17)
../../../../../lib/mcu/stm32f469//libpv_porcupine.a(pv_classifier_168_cortexm.o)
                              ../../../../../lib/mcu/stm32f469//libpv_porcupine.a(pv_porcupine_internal.o) (PV_PORCUPINE_CLASSIFIER_PARAM)
../../../../../lib/mcu/stm32f469//libpv_porcupine.a(pv_porcupine_decoder.o)
                              ../../../../../lib/mcu/stm32f469//libpv_porcupine.a(pv_porcupine_internal.o) (taabe225)
../Middlewares/ST/STM32_Audio/Addons/PDM/Lib//libPDMFilter_CM4_GCC_wc32.a(pdm_filter.o)
                              Drivers/BSP/STM32469I-Discovery/stm32469i_discovery_audio.o (PDM_Filter_Init)
../Middlewares/ST/STM32_Audio/Addons/PDM/Lib//libPDMFilter_CM4_GCC_wc32.a(stm32_crc_lock.o)
                              ../Middlewares/ST/STM32_Audio/Addons/PDM/Lib//libPDMFilter_CM4_GCC_wc32.a(pdm_filter.o) (CRC_Lock)
/opt/st/stm32cubeide_1.5.0/plugins/com.st.stm32cube.ide.mcu.externaltools.gnu-tools-for-stm32.7-2018-q2-update.linux64_1.5.0.202011040924/tools/bin/../lib/gcc/arm-none-eabi/7.3.1/../../../../arm-none-eabi/lib/thumb/v7e-m/fpv4-sp/hard/libc_nano.a(lib_a-errno.o)
                              Src/syscalls.o (__errno)
/opt/st/stm32cubeide_1.5.0/plugins/com.st.stm32cube.ide.mcu.externaltools.gnu-tools-for-stm32.7-2018-q2-update.linux64_1.5.0.202011040924/tools/bin/../lib/gcc/arm-none-eabi/7.3.1/../../../../arm-none-eabi/lib/thumb/v7e-m/fpv4-sp/hard/libc_nano.a(lib_a-exit.o)
                              /opt/st/stm32cubeide_1.5.0/plugins/com.st.stm32cube.ide.mcu.externaltools.gnu-tools-for-stm32.7-2018-q2-update.linux64_1.5.0.202011040924/tools/bin/../lib/gcc/arm-none-eabi/7.3.1/../../../../arm-none-eabi/lib/thumb/v7e-m/fpv4-sp/hard/crt0.o (exit)
/opt/st/stm32cubeide_1.5.0/plugins/com.st.stm32cube.ide.mcu.externaltools.gnu-tools-for-stm32.7-2018-q2-update.linux64_1.5.0.202011040924/tools/bin/../lib/gcc/arm-none-eabi/7.3.1/../../../../arm-none-eabi/lib/thumb/v7e-m/fpv4-sp/hard/libc_nano.a(lib_a-impure.o)
                              /opt/st/stm32cubeide_1.5.0/plugins/com.st.stm32cube.ide.mcu.externaltools.gnu-tools-for-stm32.7-2018-q2-update.linux64_1.5.0.202011040924/tools/bin/../lib/gcc/arm-none-eabi/7.3.1/../../../../arm-none-eabi/lib/thumb/v7e-m/fpv4-sp/hard/libc_nano.a(lib_a-exit.o) (_global_impure_ptr)
[...]
Memory Configuration

Name             Origin             Length             Attributes
FLASH            0x0000000008000000 0x0000000000200000 xr
RAM              0x0000000020000000 0x0000000000050000 xrw
*default*        0x0000000000000000 0xffffffffffffffff

Linker script and memory map

LOAD /opt/st/stm32cubeide_1.5.0/plugins/com.st.stm32cube.ide.mcu.externaltools.gnu-tools-for-stm32.7-2018-q2-update.linux64_1.5.0.202011040924/tools/bin/../lib/gcc/arm-none-eabi/7.3.1/thumb/v7e-m/fpv4-sp/hard/crti.o
LOAD /opt/st/stm32cubeide_1.5.0/plugins/com.st.stm32cube.ide.mcu.externaltools.gnu-tools-for-stm32.7-2018-q2-update.linux64_1.5.0.202011040924/tools/bin/../lib/gcc/arm-none-eabi/7.3.1/thumb/v7e-m/fpv4-sp/hard/crtbegin.o
LOAD /opt/st/stm32cubeide_1.5.0/plugins/com.st.stm32cube.ide.mcu.externaltools.gnu-tools-for-stm32.7-2018-q2-update.linux64_1.5.0.202011040924/tools/bin/../lib/gcc/arm-none-eabi/7.3.1/../../../../arm-none-eabi/lib/thumb/v7e-m/fpv4-sp/hard/crt0.o
LOAD Drivers/BSP/Components/cs43l22/cs43l22.o
LOAD Drivers/BSP/STM32469I-Discovery/stm32469i_discovery.o
LOAD Drivers/BSP/STM32469I-Discovery/stm32469i_discovery_audio.o
LOAD Drivers/STM32F4xx_HAL_Driver/Src/Legacy/stm32f4xx_hal_can.o
LOAD Drivers/STM32F4xx_HAL_Driver/Src/stm32f4xx_hal.o
LOAD Drivers/STM32F4xx_HAL_Driver/Src/stm32f4xx_hal_cortex.o
LOAD Drivers/STM32F4xx_HAL_Driver/Src/stm32f4xx_hal_dma.o
LOAD Drivers/STM32F4xx_HAL_Driver/Src/stm32f4xx_hal_gpio.o
LOAD Drivers/STM32F4xx_HAL_Driver/Src/stm32f4xx_hal_i2s.o
LOAD Drivers/STM32F4xx_HAL_Driver/Src/stm32f4xx_hal_i2s_ex.o
LOAD Drivers/STM32F4xx_HAL_Driver/Src/stm32f4xx_hal_pwr.o
LOAD Drivers/STM32F4xx_HAL_Driver/Src/stm32f4xx_hal_pwr_ex.o
LOAD Drivers/STM32F4xx_HAL_Driver/Src/stm32f4xx_hal_rcc.o
LOAD Drivers/STM32F4xx_HAL_Driver/Src/stm32f4xx_hal_rcc_ex.o
LOAD Drivers/STM32F4xx_HAL_Driver/Src/stm32f4xx_hal_tim.o
LOAD Drivers/STM32F4xx_HAL_Driver/Src/stm32f4xx_hal_uart.o
LOAD Src/main.o
LOAD Src/pv_audio_rec.o
LOAD Src/pv_stm32f469.o
LOAD Src/stm32f4xx_it.o
LOAD Src/syscalls.o
LOAD Src/sysmem.o
LOAD Src/system_stm32f4xx.o
LOAD Startup/startup_stm32f469nihx.o
LOAD ../../../../../lib/mcu/stm32f469//libpv_porcupine.a
LOAD ../Middlewares/ST/STM32_Audio/Addons/PDM/Lib//libPDMFilter_CM4_GCC_wc32.a
START GROUP
LOAD /opt/st/stm32cubeide_1.5.0/plugins/com.st.stm32cube.ide.mcu.externaltools.gnu-tools-for-stm32.7-2018-q2-update.linux64_1.5.0.202011040924/tools/bin/../lib/gcc/arm-none-eabi/7.3.1/../../../../arm-none-eabi/lib/thumb/v7e-m/fpv4-sp/hard/libc_nano.a
LOAD /opt/st/stm32cubeide_1.5.0/plugins/com.st.stm32cube.ide.mcu.externaltools.gnu-tools-for-stm32.7-2018-q2-update.linux64_1.5.0.202011040924/tools/bin/../lib/gcc/arm-none-eabi/7.3.1/../../../../arm-none-eabi/lib/thumb/v7e-m/fpv4-sp/hard/libm.a
END GROUP
START GROUP
LOAD /opt/st/stm32cubeide_1.5.0/plugins/com.st.stm32cube.ide.mcu.externaltools.gnu-tools-for-stm32.7-2018-q2-update.linux64_1.5.0.202011040924/tools/bin/../lib/gcc/arm-none-eabi/7.3.1/thumb/v7e-m/fpv4-sp/hard/libgcc.a
LOAD /opt/st/stm32cubeide_1.5.0/plugins/com.st.stm32cube.ide.mcu.externaltools.gnu-tools-for-stm32.7-2018-q2-update.linux64_1.5.0.202011040924/tools/bin/../lib/gcc/arm-none-eabi/7.3.1/../../../../arm-none-eabi/lib/thumb/v7e-m/fpv4-sp/hard/libc_nano.a
END GROUP
START GROUP
LOAD /opt/st/stm32cubeide_1.5.0/plugins/com.st.stm32cube.ide.mcu.externaltools.gnu-tools-for-stm32.7-2018-q2-update.linux64_1.5.0.202011040924/tools/bin/../lib/gcc/arm-none-eabi/7.3.1/thumb/v7e-m/fpv4-sp/hard/libgcc.a
LOAD /opt/st/stm32cubeide_1.5.0/plugins/com.st.stm32cube.ide.mcu.externaltools.gnu-tools-for-stm32.7-2018-q2-update.linux64_1.5.0.202011040924/tools/bin/../lib/gcc/arm-none-eabi/7.3.1/../../../../arm-none-eabi/lib/thumb/v7e-m/fpv4-sp/hard/libc_nano.a
LOAD /opt/st/stm32cubeide_1.5.0/plugins/com.st.stm32cube.ide.mcu.externaltools.gnu-tools-for-stm32.7-2018-q2-update.linux64_1.5.0.202011040924/tools/bin/../lib/gcc/arm-none-eabi/7.3.1/../../../../arm-none-eabi/lib/thumb/v7e-m/fpv4-sp/hard/libnosys.a
END GROUP
START GROUP
LOAD /opt/st/stm32cubeide_1.5.0/plugins/com.st.stm32cube.ide.mcu.externaltools.gnu-tools-for-stm32.7-2018-q2-update.linux64_1.5.0.202011040924/tools/bin/../lib/gcc/arm-none-eabi/7.3.1/thumb/v7e-m/fpv4-sp/hard/libgcc.a
LOAD /opt/st/stm32cubeide_1.5.0/plugins/com.st.stm32cube.ide.mcu.externaltools.gnu-tools-for-stm32.7-2018-q2-update.linux64_1.5.0.202011040924/tools/bin/../lib/gcc/arm-none-eabi/7.3.1/../../../../arm-none-eabi/lib/thumb/v7e-m/fpv4-sp/hard/libc_nano.a
LOAD /opt/st/stm32cubeide_1.5.0/plugins/com.st.stm32cube.ide.mcu.externaltools.gnu-tools-for-stm32.7-2018-q2-update.linux64_1.5.0.202011040924/tools/bin/../lib/gcc/arm-none-eabi/7.3.1/../../../../arm-none-eabi/lib/thumb/v7e-m/fpv4-sp/hard/libnosys.a
END GROUP
LOAD /opt/st/stm32cubeide_1.5.0/plugins/com.st.stm32cube.ide.mcu.externaltools.gnu-tools-for-stm32.7-2018-q2-update.linux64_1.5.0.202011040924/tools/bin/../lib/gcc/arm-none-eabi/7.3.1/thumb/v7e-m/fpv4-sp/hard/crtend.o
LOAD /opt/st/stm32cubeide_1.5.0/plugins/com.st.stm32cube.ide.mcu.externaltools.gnu-tools-for-stm32.7-2018-q2-update.linux64_1.5.0.202011040924/tools/bin/../lib/gcc/arm-none-eabi/7.3.1/thumb/v7e-m/fpv4-sp/hard/crtn.o
                0x0000000020050000                _estack = (ORIGIN (RAM) + LENGTH (RAM))
                0x0000000000000200                _Min_Heap_Size = 0x200
                0x0000000000000400                _Min_Stack_Size = 0x400

.isr_vector     0x0000000008000000      0x1b0
                0x0000000008000000                . = ALIGN (0x4)
 *(.isr_vector)
 .isr_vector    0x0000000008000000      0x1b0 Startup/startup_stm32f469nihx.o
                0x0000000008000000                g_pfnVectors
                0x00000000080001b0                . = ALIGN (0x4)

.text           0x00000000080001b0     0xaf64
                0x00000000080001b0                . = ALIGN (0x4)
 *(.text)
 .text          0x00000000080001b0       0x40 /opt/st/stm32cubeide_1.5.0/plugins/com.st.stm32cube.ide.mcu.externaltools.gnu-tools-for-stm32.7-2018-q2-update.linux64_1.5.0.202011040924/tools/bin/../lib/gcc/arm-none-eabi/7.3.1/thumb/v7e-m/fpv4-sp/hard/crtbegin.o
 .text          0x00000000080001f0       0xa0 /opt/st/stm32cubeide_1.5.0/plugins/com.st.stm32cube.ide.mcu.externaltools.gnu-tools-for-stm32.7-2018-q2-update.linux64_1.5.0.202011040924/tools/bin/../lib/gcc/arm-none-eabi/7.3.1/../../../../arm-none-eabi/lib/thumb/v7e-m/fpv4-sp/hard/libc_nano.a(lib_a-memchr.o)
                0x00000000080001f0                memchr
 .text          0x0000000008000290      0x378 /opt/st/stm32cubeide_1.5.0/plugins/com.st.stm32cube.ide.mcu.externaltools.gnu-tools-for-stm32.7-2018-q2-update.linux64_1.5.0.202011040924/tools/bin/../lib/gcc/arm-none-eabi/7.3.1/thumb/v7e-m/fpv4-sp/hard/libgcc.a(_arm_addsubdf3.o)
                0x0000000008000290                __aeabi_drsub
                0x0000000008000298                __aeabi_dsub
                0x0000000008000298                __subdf3
                0x000000000800029c                __adddf3
                0x000000000800029c                __aeabi_dadd
                0x0000000008000514                __aeabi_ui2d
                0x0000000008000514                __floatunsidf
                0x0000000008000534                __floatsidf
                0x0000000008000534                __aeabi_i2d
                0x0000000008000558                __extendsfdf2
                0x0000000008000558                __aeabi_f2d
                0x000000000800059c                __aeabi_ul2d
                0x000000000800059c                __floatundidf
                0x00000000080005ac                __floatdidf
                0x00000000080005ac                __aeabi_l2d
 .text          0x0000000008000608      0x424 /opt/st/stm32cubeide_1.5.0/plugins/com.st.stm32cube.ide.mcu.externaltools.gnu-tools-for-stm32.7-2018-q2-update.linux64_1.5.0.202011040924/tools/bin/../lib/gcc/arm-none-eabi/7.3.1/thumb/v7e-m/fpv4-sp/hard/libgcc.a(_arm_muldivdf3.o)
                0x0000000008000608                __aeabi_dmul
                0x0000000008000608                __muldf3
                0x000000000800085c                __aeabi_ddiv
                0x000000000800085c                __divdf3
 .text          0x0000000008000a2c       0x50 /opt/st/stm32cubeide_1.5.0/plugins/com.st.stm32cube.ide.mcu.externaltools.gnu-tools-for-stm32.7-2018-q2-update.linux64_1.5.0.202011040924/tools/bin/../lib/gcc/arm-none-eabi/7.3.1/thumb/v7e-m/fpv4-sp/hard/libgcc.a(_arm_fixdfsi.o)
                0x0000000008000a2c                __fixdfsi
                0x0000000008000a2c                __aeabi_d2iz
 .text          0x0000000008000a7c       0xa0 /opt/st/stm32cubeide_1.5.0/plugins/com.st.stm32cube.ide.mcu.externaltools.gnu-tools-for-stm32.7-2018-q2-update.linux64_1.5.0.202011040924/tools/bin/../lib/gcc/arm-none-eabi/7.3.1/thumb/v7e-m/fpv4-sp/hard/libgcc.a(_arm_truncdfsf2.o)
                0x0000000008000a7c                __aeabi_d2f
                0x0000000008000a7c                __truncdfsf2
 .text          0x0000000008000b1c       0xa0 /opt/st/stm32cubeide_1.5.0/plugins/com.st.stm32cube.ide.mcu.externaltools.gnu-tools-for-stm32.7-2018-q2-update.linux64_1.5.0.202011040924/tools/bin/../lib/gcc/arm-none-eabi/7.3.1/thumb/v7e-m/fpv4-sp/hard/libgcc.a(_aeabi_ldivmod.o)
                0x0000000008000b1c                __aeabi_ldivmod
 .text          0x0000000008000bbc       0x30 /opt/st/stm32cubeide_1.5.0/plugins/com.st.stm32cube.ide.mcu.externaltools.gnu-tools-for-stm32.7-2018-q2-update.linux64_1.5.0.202011040924/tools/bin/../lib/gcc/arm-none-eabi/7.3.1/thumb/v7e-m/fpv4-sp/hard/libgcc.a(_aeabi_uldivmod.o)
                0x0000000008000bbc                __aeabi_uldivmod
 .text          0x0000000008000bec       0x24 /opt/st/stm32cubeide_1.5.0/plugins/com.st.stm32cube.ide.mcu.externaltools.gnu-tools-for-stm32.7-2018-q2-update.linux64_1.5.0.202011040924/tools/bin/../lib/gcc/arm-none-eabi/7.3.1/thumb/v7e-m/fpv4-sp/hard/libgcc.a(_fixsfdi.o)
                0x0000000008000bec                __aeabi_f2lz
                0x0000000008000bec                __fixsfdi
 .text          0x0000000008000c10       0x48 /opt/st/stm32cubeide_1.5.0/plugins/com.st.stm32cube.ide.mcu.externaltools.gnu-tools-for-stm32.7-2018-q2-update.linux64_1.5.0.202011040924/tools/bin/../lib/gcc/arm-none-eabi/7.3.1/thumb/v7e-m/fpv4-sp/hard/libgcc.a(_fixunssfdi.o)
                0x0000000008000c10                __aeabi_f2ulz
                0x0000000008000c10                __fixunssfdi
 .text          0x0000000008000c58      0x2cc /opt/st/stm32cubeide_1.5.0/plugins/com.st.stm32cube.ide.mcu.externaltools.gnu-tools-for-stm32.7-2018-q2-update.linux64_1.5.0.202011040924/tools/bin/../lib/gcc/arm-none-eabi/7.3.1/thumb/v7e-m/fpv4-sp/hard/libgcc.a(_udivmoddi4.o)
                0x0000000008000c58                __udivmoddi4
 .text          0x0000000008000f24        0x4 /opt/st/stm32cubeide_1.5.0/plugins/com.st.stm32cube.ide.mcu.externaltools.gnu-tools-for-stm32.7-2018-q2-update.linux64_1.5.0.202011040924/tools/bin/../lib/gcc/arm-none-eabi/7.3.1/thumb/v7e-m/fpv4-sp/hard/libgcc.a(_dvmd_tls.o)
                0x0000000008000f24                __aeabi_ldiv0
                0x0000000008000f24                __aeabi_idiv0
 .text          0x0000000008000f28       0x40 /opt/st/stm32cubeide_1.5.0/plugins/com.st.stm32cube.ide.mcu.externaltools.gnu-tools-for-stm32.7-2018-q2-update.linux64_1.5.0.202011040924/tools/bin/../lib/gcc/arm-none-eabi/7.3.1/thumb/v7e-m/fpv4-sp/hard/libgcc.a(_arm_fixunsdfsi.o)
                0x0000000008000f28                __fixunsdfsi
                0x0000000008000f28                __aeabi_d2uiz
 *(.text*)
 .text.BSP_LED_Init
                0x0000000008000f68       0xb8 Drivers/BSP/STM32469I-Discovery/stm32469i_discovery.o
                0x0000000008000f68                BSP_LED_Init
 .text.BSP_LED_On
                0x0000000008001020       0x20 Drivers/BSP/STM32469I-Discovery/stm32469i_discovery.o
                0x0000000008001020                BSP_LED_On
 .text.BSP_LED_Off
                0x0000000008001040       0x20 Drivers/BSP/STM32469I-Discovery/stm32469i_discovery.o
                0x0000000008001040                BSP_LED_Off
 .text.BSP_AUDIO_IN_Record
                0x0000000008001060       0x14 Drivers/BSP/STM32469I-Discovery/stm32469i_discovery_audio.o
                0x0000000008001060                BSP_AUDIO_IN_Record
 .text.BSP_AUDIO_IN_SetVolume
                0x0000000008001074        0xc Drivers/BSP/STM32469I-Discovery/stm32469i_discovery_audio.o
                0x0000000008001074                BSP_AUDIO_IN_SetVolume
 .text.BSP_AUDIO_IN_PDMToPCM
                0x0000000008001080       0x78 Drivers/BSP/STM32469I-Discovery/stm32469i_discovery_audio.o
                0x0000000008001080                BSP_AUDIO_IN_PDMToPCM
 .text.BSP_AUDIO_IN_ClockConfig
                0x00000000080010f8       0x24 Drivers/BSP/STM32469I-Discovery/stm32469i_discovery_audio.o
                0x00000000080010f8                BSP_AUDIO_IN_ClockConfig
 .text.HAL_I2S_RxCpltCallback
                0x000000000800111c        0x8 Drivers/BSP/STM32469I-Discovery/stm32469i_discovery_audio.o
                0x000000000800111c                HAL_I2S_RxCpltCallback
 .text.HAL_I2S_RxHalfCpltCallback
                0x0000000008001124        0x8 Drivers/BSP/STM32469I-Discovery/stm32469i_discovery_audio.o
                0x0000000008001124                HAL_I2S_RxHalfCpltCallback
 .text.BSP_AUDIO_IN_Error_Callback
                0x000000000800112c        0x4 Drivers/BSP/STM32469I-Discovery/stm32469i_discovery_audio.o
                0x000000000800112c                BSP_AUDIO_IN_Error_Callback
 .text.HAL_I2S_ErrorCallback
                0x0000000008001130        0x8 Drivers/BSP/STM32469I-Discovery/stm32469i_discovery_audio.o
                0x0000000008001130                HAL_I2S_ErrorCallback
 .text.BSP_AUDIO_IN_MspInit
                0x0000000008001138      0x1f0 Drivers/BSP/STM32469I-Discovery/stm32469i_discovery_audio.o
                0x0000000008001138                BSP_AUDIO_IN_MspInit
 .text.BSP_AUDIO_IN_Init
                0x0000000008001328      0x130 Drivers/BSP/STM32469I-Discovery/stm32469i_discovery_audio.o
                0x0000000008001328                BSP_AUDIO_IN_Init
 .text.HAL_MspInit
                0x0000000008001458        0x4 Drivers/STM32F4xx_HAL_Driver/Src/stm32f4xx_hal.o
                0x0000000008001458                HAL_MspInit
 .text.HAL_InitTick
                0x000000000800145c       0x48 Drivers/STM32F4xx_HAL_Driver/Src/stm32f4xx_hal.o
                0x000000000800145c                HAL_InitTick
 .text.HAL_Init
                0x00000000080014a4       0x34 Drivers/STM32F4xx_HAL_Driver/Src/stm32f4xx_hal.o
                0x00000000080014a4                HAL_Init
 .text.HAL_IncTick
                0x00000000080014d8       0x18 Drivers/STM32F4xx_HAL_Driver/Src/stm32f4xx_hal.o
                0x00000000080014d8                HAL_IncTick
 .text.HAL_GetTick
                0x00000000080014f0        0xc Drivers/STM32F4xx_HAL_Driver/Src/stm32f4xx_hal.o
                0x00000000080014f0                HAL_GetTick
 .text.HAL_NVIC_SetPriorityGrouping
                0x00000000080014fc       0x38 Drivers/STM32F4xx_HAL_Driver/Src/stm32f4xx_hal_cortex.o
                0x00000000080014fc                HAL_NVIC_SetPriorityGrouping
 .text.HAL_NVIC_SetPriority
                0x0000000008001534       0x8c Drivers/STM32F4xx_HAL_Driver/Src/stm32f4xx_hal_cortex.o
                0x0000000008001534                HAL_NVIC_SetPriority
 .text.HAL_NVIC_EnableIRQ
                0x00000000080015c0       0x28 Drivers/STM32F4xx_HAL_Driver/Src/stm32f4xx_hal_cortex.o
                0x00000000080015c0                HAL_NVIC_EnableIRQ
 .text.HAL_SYSTICK_Config
                0x00000000080015e8       0x34 Drivers/STM32F4xx_HAL_Driver/Src/stm32f4xx_hal_cortex.o
                0x00000000080015e8                HAL_SYSTICK_Config
 .text.HAL_DMA_Init
                0x000000000800161c      0x2ec Drivers/STM32F4xx_HAL_Driver/Src/stm32f4xx_hal_dma.o
                0x000000000800161c                HAL_DMA_Init
 .text.HAL_DMA_DeInit
                0x0000000008001908       0xf8 Drivers/STM32F4xx_HAL_Driver/Src/stm32f4xx_hal_dma.o
                0x0000000008001908                HAL_DMA_DeInit
 .text.HAL_DMA_Start_IT
                0x0000000008001a00       0xac Drivers/STM32F4xx_HAL_Driver/Src/stm32f4xx_hal_dma.o
                0x0000000008001a00                HAL_DMA_Start_IT
 .text.HAL_DMA_IRQHandler
                0x0000000008001aac      0x1ac Drivers/STM32F4xx_HAL_Driver/Src/stm32f4xx_hal_dma.o
                0x0000000008001aac                HAL_DMA_IRQHandler
 .text.HAL_GPIO_Init
                0x0000000008001c58      0x32c Drivers/STM32F4xx_HAL_Driver/Src/stm32f4xx_hal_gpio.o
                0x0000000008001c58                HAL_GPIO_Init
 .text.HAL_GPIO_WritePin
                0x0000000008001f84       0x34 Drivers/STM32F4xx_HAL_Driver/Src/stm32f4xx_hal_gpio.o
                0x0000000008001f84                HAL_GPIO_WritePin
 .text.HAL_I2S_MspInit
                0x0000000008001fb8        0x4 Drivers/STM32F4xx_HAL_Driver/Src/stm32f4xx_hal_i2s.o
                0x0000000008001fb8                HAL_I2S_MspInit
 .text.HAL_I2S_Init
                0x0000000008001fbc      0x268 Drivers/STM32F4xx_HAL_Driver/Src/stm32f4xx_hal_i2s.o
                0x0000000008001fbc                HAL_I2S_Init
 .text.HAL_I2S_MspDeInit
                0x0000000008002224        0x4 Drivers/STM32F4xx_HAL_Driver/Src/stm32f4xx_hal_i2s.o
                0x0000000008002224                HAL_I2S_MspDeInit
 .text.HAL_I2S_DeInit
                0x0000000008002228       0x54 Drivers/STM32F4xx_HAL_Driver/Src/stm32f4xx_hal_i2s.o
                0x0000000008002228                HAL_I2S_DeInit
 .text.HAL_I2S_Receive_DMA
                0x000000000800227c       0xe8 Drivers/STM32F4xx_HAL_Driver/Src/stm32f4xx_hal_i2s.o
                0x000000000800227c                HAL_I2S_Receive_DMA
 .text.HAL_I2S_TxCpltCallback
                0x0000000008002364        0x4 Drivers/STM32F4xx_HAL_Driver/Src/stm32f4xx_hal_i2s.o
                0x0000000008002364                HAL_I2S_TxCpltCallback
 .text.I2S_DMARxHalfCplt
                0x0000000008002368        0xc Drivers/STM32F4xx_HAL_Driver/Src/stm32f4xx_hal_i2s.o
 .text.I2S_DMARxCplt
                0x0000000008002374       0x20 Drivers/STM32F4xx_HAL_Driver/Src/stm32f4xx_hal_i2s.o
 .text.I2S_IRQHandler
                0x0000000008002394      0x108 Drivers/STM32F4xx_HAL_Driver/Src/stm32f4xx_hal_i2s.o
 .text.I2S_DMAError
                0x000000000800249c       0x28 Drivers/STM32F4xx_HAL_Driver/Src/stm32f4xx_hal_i2s.o
 .text.HAL_I2S_GetState
                0x00000000080024c4        0x8 Drivers/STM32F4xx_HAL_Driver/Src/stm32f4xx_hal_i2s.o
                0x00000000080024c4                HAL_I2S_GetState
 .text.HAL_I2SEx_TxRxCpltCallback
                0x00000000080024cc        0x4 Drivers/STM32F4xx_HAL_Driver/Src/stm32f4xx_hal_i2s_ex.o
                0x00000000080024cc                HAL_I2SEx_TxRxCpltCallback
 .text.HAL_I2SEx_FullDuplex_IRQHandler
                0x00000000080024d0      0x258 Drivers/STM32F4xx_HAL_Driver/Src/stm32f4xx_hal_i2s_ex.o
                0x00000000080024d0                HAL_I2SEx_FullDuplex_IRQHandler
 .text.HAL_PWREx_EnableOverDrive
                0x0000000008002728       0x7c Drivers/STM32F4xx_HAL_Driver/Src/stm32f4xx_hal_pwr_ex.o
                0x0000000008002728                HAL_PWREx_EnableOverDrive
 .text.HAL_RCC_GetSysClockFreq
                0x00000000080027a4       0x6c Drivers/STM32F4xx_HAL_Driver/Src/stm32f4xx_hal_rcc.o
                0x00000000080027a4                HAL_RCC_GetSysClockFreq
 .text.HAL_RCC_ClockConfig
                0x0000000008002810      0x21c Drivers/STM32F4xx_HAL_Driver/Src/stm32f4xx_hal_rcc.o
                0x0000000008002810                HAL_RCC_ClockConfig
 .text.HAL_RCC_GetPCLK1Freq
                0x0000000008002a2c       0x20 Drivers/STM32F4xx_HAL_Driver/Src/stm32f4xx_hal_rcc.o
                0x0000000008002a2c                HAL_RCC_GetPCLK1Freq
 .text.HAL_RCC_GetPCLK2Freq
                0x0000000008002a4c       0x20 Drivers/STM32F4xx_HAL_Driver/Src/stm32f4xx_hal_rcc.o
                0x0000000008002a4c                HAL_RCC_GetPCLK2Freq
 .text.HAL_RCCEx_PeriphCLKConfig
                0x0000000008002a6c      0x4c8 Drivers/STM32F4xx_HAL_Driver/Src/stm32f4xx_hal_rcc_ex.o
                0x0000000008002a6c                HAL_RCCEx_PeriphCLKConfig
 .text.HAL_RCCEx_GetPeriphCLKConfig
                0x0000000008002f34       0x9c Drivers/STM32F4xx_HAL_Driver/Src/stm32f4xx_hal_rcc_ex.o
                0x0000000008002f34                HAL_RCCEx_GetPeriphCLKConfig
 .text.HAL_RCCEx_GetPeriphCLKFreq
                0x0000000008002fd0       0x60 Drivers/STM32F4xx_HAL_Driver/Src/stm32f4xx_hal_rcc_ex.o
                0x0000000008002fd0                HAL_RCCEx_GetPeriphCLKFreq
 .text.HAL_RCC_OscConfig
                0x0000000008003030      0x4b4 Drivers/STM32F4xx_HAL_Driver/Src/stm32f4xx_hal_rcc_ex.o
                0x0000000008003030                HAL_RCC_OscConfig
 .text.TIM_OC1_SetConfig
                0x00000000080034e4       0xec Drivers/STM32F4xx_HAL_Driver/Src/stm32f4xx_hal_tim.o
 .text.TIM_OC3_SetConfig
                0x00000000080035d0       0xec Drivers/STM32F4xx_HAL_Driver/Src/stm32f4xx_hal_tim.o
 .text.TIM_OC4_SetConfig
                0x00000000080036bc       0x7c Drivers/STM32F4xx_HAL_Driver/Src/stm32f4xx_hal_tim.o
 .text.TIM_SlaveTimer_SetConfig
                0x0000000008003738      0x348 Drivers/STM32F4xx_HAL_Driver/Src/stm32f4xx_hal_tim.o
 .text.HAL_TIM_IC_MspInit
                0x0000000008003a80        0x4 Drivers/STM32F4xx_HAL_Driver/Src/stm32f4xx_hal_tim.o
                0x0000000008003a80                HAL_TIM_IC_MspInit
 .text.HAL_TIM_ConfigClockSource
                0x0000000008003a84      0x4ec Drivers/STM32F4xx_HAL_Driver/Src/stm32f4xx_hal_tim.o
                0x0000000008003a84                HAL_TIM_ConfigClockSource
 .text.HAL_TIM_SlaveConfigSynchro
                0x0000000008003f70       0xcc Drivers/STM32F4xx_HAL_Driver/Src/stm32f4xx_hal_tim.o
                0x0000000008003f70                HAL_TIM_SlaveConfigSynchro
 .text.TIM_Base_SetConfig
                0x000000000800403c       0xe4 Drivers/STM32F4xx_HAL_Driver/Src/stm32f4xx_hal_tim.o
                0x000000000800403c                TIM_Base_SetConfig
 .text.HAL_TIM_IC_Init
                0x0000000008004120      0x10c Drivers/STM32F4xx_HAL_Driver/Src/stm32f4xx_hal_tim.o
                0x0000000008004120                HAL_TIM_IC_Init
 .text.TIM_OC2_SetConfig
                0x000000000800422c       0xec Drivers/STM32F4xx_HAL_Driver/Src/stm32f4xx_hal_tim.o
                0x000000000800422c                TIM_OC2_SetConfig
 .text.HAL_TIM_PWM_ConfigChannel
                0x0000000008004318      0x274 Drivers/STM32F4xx_HAL_Driver/Src/stm32f4xx_hal_tim.o
                0x0000000008004318                HAL_TIM_PWM_ConfigChannel
 .text.TIM_TI1_SetConfig
                0x000000000800458c       0x78 Drivers/STM32F4xx_HAL_Driver/Src/stm32f4xx_hal_tim.o
                0x000000000800458c                TIM_TI1_SetConfig
 .text.HAL_TIM_IC_ConfigChannel
                0x0000000008004604      0x2ac Drivers/STM32F4xx_HAL_Driver/Src/stm32f4xx_hal_tim.o
                0x0000000008004604                HAL_TIM_IC_ConfigChannel
 .text.TIM_CCxChannelCmd
                0x00000000080048b0       0xb0 Drivers/STM32F4xx_HAL_Driver/Src/stm32f4xx_hal_tim.o
                0x00000000080048b0                TIM_CCxChannelCmd
 .text.HAL_TIM_PWM_Start
                0x0000000008004960       0xd0 Drivers/STM32F4xx_HAL_Driver/Src/stm32f4xx_hal_tim.o
                0x0000000008004960                HAL_TIM_PWM_Start
 .text.HAL_TIM_IC_Start
                0x0000000008004a30       0xb8 Drivers/STM32F4xx_HAL_Driver/Src/stm32f4xx_hal_tim.o
                0x0000000008004a30                HAL_TIM_IC_Start
 .text.UART_SetConfig
                0x0000000008004ae8      0x154 Drivers/STM32F4xx_HAL_Driver/Src/stm32f4xx_hal_uart.o
 .text.UART_WaitOnFlagUntilTimeout.constprop.3
                0x0000000008004c3c       0x58 Drivers/STM32F4xx_HAL_Driver/Src/stm32f4xx_hal_uart.o
 .text.HAL_UART_MspInit
                0x0000000008004c94        0x4 Drivers/STM32F4xx_HAL_Driver/Src/stm32f4xx_hal_uart.o
                0x0000000008004c94                HAL_UART_MspInit
 .text.HAL_UART_Init
                0x0000000008004c98      0x130 Drivers/STM32F4xx_HAL_Driver/Src/stm32f4xx_hal_uart.o
                0x0000000008004c98                HAL_UART_Init
 .text.HAL_UART_Transmit
                0x0000000008004dc8       0xbc Drivers/STM32F4xx_HAL_Driver/Src/stm32f4xx_hal_uart.o
                0x0000000008004dc8                HAL_UART_Transmit
 .text.startup.main
                0x0000000008004e84      0x118 Src/main.o
                0x0000000008004e84                main
 .text.pv_audio_rec_init
                0x0000000008004f9c       0x3c Src/pv_audio_rec.o
                0x0000000008004f9c                pv_audio_rec_init
 .text.pv_audio_rec_start
                0x0000000008004fd8       0x24 Src/pv_audio_rec.o
                0x0000000008004fd8                pv_audio_rec_start
 .text.pv_audio_rec_get_new_buffer
                0x0000000008004ffc       0x2c Src/pv_audio_rec.o
                0x0000000008004ffc                pv_audio_rec_get_new_buffer
 .text.BSP_AUDIO_IN_TransferComplete_CallBack
                0x0000000008005028       0x64 Src/pv_audio_rec.o
                0x0000000008005028                BSP_AUDIO_IN_TransferComplete_CallBack
 .text.BSP_AUDIO_IN_HalfTransfer_CallBack
                0x000000000800508c       0x64 Src/pv_audio_rec.o
                0x000000000800508c                BSP_AUDIO_IN_HalfTransfer_CallBack
 .text.pv_message_init
                0x00000000080050f0       0x9c Src/pv_stm32f469.o
                0x00000000080050f0                pv_message_init
 .text.pv_get_uuid
                0x000000000800518c        0x8 Src/pv_stm32f469.o
                0x000000000800518c                pv_get_uuid
 .text.pv_get_uuid_size
                0x0000000008005194        0x4 Src/pv_stm32f469.o
                0x0000000008005194                pv_get_uuid_size
 .text.pv_board_init
                0x0000000008005198       0xcc Src/pv_stm32f469.o
                0x0000000008005198                pv_board_init
 .text.assert_failed
                0x0000000008005264        0x4 Src/pv_stm32f469.o
                0x0000000008005264                assert_failed
 .text.__io_putchar
                0x0000000008005268       0x24 Src/pv_stm32f469.o
                0x0000000008005268                __io_putchar
 .text.NMI_Handler
                0x000000000800528c        0x4 Src/stm32f4xx_it.o
                0x000000000800528c                NMI_Handler
 .text.SVC_Handler
                0x0000000008005290        0x4 Src/stm32f4xx_it.o
                0x0000000008005290                SVC_Handler
 .text.DebugMon_Handler
                0x0000000008005294        0x4 Src/stm32f4xx_it.o
                0x0000000008005294                DebugMon_Handler
 .text.PendSV_Handler
                0x0000000008005298        0x4 Src/stm32f4xx_it.o
                0x0000000008005298                PendSV_Handler
 .text.DMA1_Stream2_IRQHandler
                0x000000000800529c        0xc Src/stm32f4xx_it.o
                0x000000000800529c                DMA1_Stream2_IRQHandler
 .text.SysTick_Handler
                0x00000000080052a8        0x4 Src/stm32f4xx_it.o
                0x00000000080052a8                SysTick_Handler
 .text.HardFault_Handler
                0x00000000080052ac        0x4 Src/stm32f4xx_it.o
                0x00000000080052ac                HardFault_Handler
 .text.MemManage_Handler
                0x00000000080052b0        0x4 Src/stm32f4xx_it.o
                0x00000000080052b0                MemManage_Handler
 .text.BusFault_Handler
                0x00000000080052b4        0x4 Src/stm32f4xx_it.o
                0x00000000080052b4                BusFault_Handler
 .text.UsageFault_Handler
                0x00000000080052b8        0x4 Src/stm32f4xx_it.o
                0x00000000080052b8                UsageFault_Handler
 .text._read    0x00000000080052bc       0x1c Src/syscalls.o
                0x00000000080052bc                _read
 .text._write   0x00000000080052d8       0x1c Src/syscalls.o
                0x00000000080052d8                _write
 .text._close   0x00000000080052f4        0x8 Src/syscalls.o
                0x00000000080052f4                _close
 .text._fstat   0x00000000080052fc        0xc Src/syscalls.o
                0x00000000080052fc                _fstat
 .text._isatty  0x0000000008005308        0x4 Src/syscalls.o
                0x0000000008005308                _isatty
 .text._lseek   0x000000000800530c        0x4 Src/syscalls.o
                0x000000000800530c                _lseek
 .text._sbrk    0x0000000008005310       0x44 Src/sysmem.o
                0x0000000008005310                _sbrk
 .text.SystemInit
                0x0000000008005354       0x50 Src/system_stm32f4xx.o
                0x0000000008005354                SystemInit
 .text.Reset_Handler
                0x00000000080053a4       0x50 Startup/startup_stm32f469nihx.o
                0x00000000080053a4                Reset_Handler
 .text.Default_Handler
                0x00000000080053f4        0x2 Startup/startup_stm32f469nihx.o
                0x00000000080053f4                RTC_Alarm_IRQHandler
                0x00000000080053f4                HASH_RNG_IRQHandler
                0x00000000080053f4                EXTI2_IRQHandler
                0x00000000080053f4                TIM8_CC_IRQHandler
                0x00000000080053f4                UART8_IRQHandler
                0x00000000080053f4                SPI4_IRQHandler
                0x00000000080053f4                TIM1_CC_IRQHandler
                0x00000000080053f4                DMA2_Stream5_IRQHandler
                0x00000000080053f4                DMA1_Stream5_IRQHandler
                0x00000000080053f4                PVD_IRQHandler
                0x00000000080053f4                SDIO_IRQHandler
                0x00000000080053f4                TAMP_STAMP_IRQHandler
                0x00000000080053f4                CAN2_RX1_IRQHandler
                0x00000000080053f4                EXTI3_IRQHandler
                0x00000000080053f4                TIM8_TRG_COM_TIM14_IRQHandler
                0x00000000080053f4                TIM1_UP_TIM10_IRQHandler
                0x00000000080053f4                TIM8_UP_TIM13_IRQHandler
                0x00000000080053f4                I2C3_ER_IRQHandler
                0x00000000080053f4                LCD_TFT_IRQHandler
                0x00000000080053f4                EXTI0_IRQHandler
                0x00000000080053f4                I2C2_EV_IRQHandler
                0x00000000080053f4                CAN1_RX0_IRQHandler
                0x00000000080053f4                FPU_IRQHandler
                0x00000000080053f4                OTG_HS_WKUP_IRQHandler
                0x00000000080053f4                CAN2_SCE_IRQHandler
                0x00000000080053f4                DMA2_Stream2_IRQHandler
                0x00000000080053f4                SPI1_IRQHandler
                0x00000000080053f4                TIM6_DAC_IRQHandler
                0x00000000080053f4                TIM1_BRK_TIM9_IRQHandler
                0x00000000080053f4                DCMI_IRQHandler
                0x00000000080053f4                CAN2_RX0_IRQHandler
                0x00000000080053f4                DMA2_Stream3_IRQHandler
                0x00000000080053f4                USART6_IRQHandler
                0x00000000080053f4                USART3_IRQHandler
                0x00000000080053f4                CRYP_IRQHandler
                0x00000000080053f4                CAN1_RX1_IRQHandler
                0x00000000080053f4                UART5_IRQHandler
                0x00000000080053f4                DMA2_Stream0_IRQHandler
                0x00000000080053f4                TIM4_IRQHandler
                0x00000000080053f4                QUADSPI_IRQHandler
                0x00000000080053f4                I2C1_EV_IRQHandler
                0x00000000080053f4                DMA1_Stream6_IRQHandler
                0x00000000080053f4                DMA1_Stream1_IRQHandler
                0x00000000080053f4                UART4_IRQHandler
                0x00000000080053f4                LCD_TFT_1_IRQHandler
                0x00000000080053f4                TIM3_IRQHandler
                0x00000000080053f4                RCC_IRQHandler
                0x00000000080053f4                TIM8_BRK_TIM12_IRQHandler
                0x00000000080053f4                Default_Handler
                0x00000000080053f4                EXTI15_10_IRQHandler
                0x00000000080053f4                ADC_IRQHandler
                0x00000000080053f4                DMA1_Stream7_IRQHandler
                0x00000000080053f4                SPI5_IRQHandler
                0x00000000080053f4                TIM7_IRQHandler
                0x00000000080053f4                CAN2_TX_IRQHandler
                0x00000000080053f4                TIM5_IRQHandler
                0x00000000080053f4                DMA2_Stream7_IRQHandler
                0x00000000080053f4                I2C3_EV_IRQHandler
                0x00000000080053f4                EXTI9_5_IRQHandler
                0x00000000080053f4                RTC_WKUP_IRQHandler
                0x00000000080053f4                ETH_WKUP_IRQHandler
                0x00000000080053f4                SPI2_IRQHandler
                0x00000000080053f4                OTG_HS_EP1_IN_IRQHandler
                0x00000000080053f4                DMA1_Stream0_IRQHandler
                0x00000000080053f4                CAN1_TX_IRQHandler
                0x00000000080053f4                EXTI4_IRQHandler
                0x00000000080053f4                ETH_IRQHandler
                0x00000000080053f4                OTG_HS_EP1_OUT_IRQHandler
                0x00000000080053f4                WWDG_IRQHandler
                0x00000000080053f4                SPI6_IRQHandler
                0x00000000080053f4                TIM2_IRQHandler
                0x00000000080053f4                OTG_FS_WKUP_IRQHandler
                0x00000000080053f4                TIM1_TRG_COM_TIM11_IRQHandler
                0x00000000080053f4                OTG_HS_IRQHandler
                0x00000000080053f4                DMA2D_IRQHandler
                0x00000000080053f4                EXTI1_IRQHandler
                0x00000000080053f4                UART7_IRQHandler
                0x00000000080053f4                USART2_IRQHandler
                0x00000000080053f4                I2C2_ER_IRQHandler
                0x00000000080053f4                DMA2_Stream1_IRQHandler
                0x00000000080053f4                CAN1_SCE_IRQHandler
                0x00000000080053f4                FLASH_IRQHandler
                0x00000000080053f4                DMA2_Stream4_IRQHandler
                0x00000000080053f4                USART1_IRQHandler
                0x00000000080053f4                OTG_FS_IRQHandler
                0x00000000080053f4                SPI3_IRQHandler
                0x00000000080053f4                DMA1_Stream4_IRQHandler
                0x00000000080053f4                I2C1_ER_IRQHandler
                0x00000000080053f4                FMC_IRQHandler
                0x00000000080053f4                DMA2_Stream6_IRQHandler
                0x00000000080053f4                SAI1_IRQHandler
                0x00000000080053f4                DMA1_Stream3_IRQHandler
 *fill*         0x00000000080053f6        0x2 
 .text.pv_status_to_string
                0x00000000080053f8       0x14 ../../../../../lib/mcu/stm32f469//libpv_porcupine.a(picovoice.o)
                0x00000000080053f8                pv_status_to_string
 .text.pv_porcupine_delete.part.0
                0x000000000800540c       0x84 ../../../../../lib/mcu/stm32f469//libpv_porcupine.a(pv_porcupine.o)
 .text.pv_porcupine_init
                0x0000000008005490      0x3e4 ../../../../../lib/mcu/stm32f469//libpv_porcupine.a(pv_porcupine.o)
                0x0000000008005490                pv_porcupine_init
 .text.pv_porcupine_process
                0x0000000008005874       0x7c ../../../../../lib/mcu/stm32f469//libpv_porcupine.a(pv_porcupine.o)
                0x0000000008005874                pv_porcupine_process
 .text.taabe230.part.0
                0x00000000080058f0       0x9c ../../../../../lib/mcu/stm32f469//libpv_porcupine.a(pv_porcupine_internal.o)
 .text.taabe229
                0x000000000800598c      0x1bc ../../../../../lib/mcu/stm32f469//libpv_porcupine.a(pv_porcupine_internal.o)
                0x000000000800598c                taabe229
 .text.taabe230
                0x0000000008005b48        0x8 ../../../../../lib/mcu/stm32f469//libpv_porcupine.a(pv_porcupine_internal.o)
                0x0000000008005b48                taabe230
 .text.taabe232
                0x0000000008005b50       0x80 ../../../../../lib/mcu/stm32f469//libpv_porcupine.a(pv_porcupine_internal.o)
                0x0000000008005b50                taabe232
 .text.taabe231
                0x0000000008005bd0      0x200 ../../../../../lib/mcu/stm32f469//libpv_porcupine.a(pv_porcupine_internal.o)
                0x0000000008005bd0                taabe231
 .text.taabe233
                0x0000000008005dd0        0x8 ../../../../../lib/mcu/stm32f469//libpv_porcupine.a(pv_porcupine_internal.o)
                0x0000000008005dd0                taabe233
 .text.taabe236
                0x0000000008005dd8      0x468 ../../../../../lib/mcu/stm32f469//libpv_porcupine.a(pv_porcupine_internal.o)
                0x0000000008005dd8                taabe236
 .text.taabe347
                0x0000000008006240      0x12c ../../../../../lib/mcu/stm32f469//libpv_porcupine.a(pv_cipher.o)
                0x0000000008006240                taabe347
 .text.taabe296
                0x000000000800636c       0x10 ../../../../../lib/mcu/stm32f469//libpv_porcupine.a(pv_language.o)
                0x000000000800636c                taabe296
 .text.taabe297
                0x000000000800637c       0x1c ../../../../../lib/mcu/stm32f469//libpv_porcupine.a(pv_language.o)
                0x000000000800637c                taabe297
 .text.taabe299
                0x0000000008006398       0x1c ../../../../../lib/mcu/stm32f469//libpv_porcupine.a(pv_language.o)
                0x0000000008006398                taabe299
 .text.taabe289
                0x00000000080063b4       0x48 ../../../../../lib/mcu/stm32f469//libpv_porcupine.a(pv_memory.o)
                0x00000000080063b4                taabe289
 .text.taabe291
                0x00000000080063fc       0x64 ../../../../../lib/mcu/stm32f469//libpv_porcupine.a(pv_memory.o)
                0x00000000080063fc                taabe291
 .text.taabe292
                0x0000000008006460       0x2c ../../../../../lib/mcu/stm32f469//libpv_porcupine.a(pv_memory.o)
                0x0000000008006460                taabe292
 .text.taabe203
                0x000000000800648c       0x54 ../../../../../lib/mcu/stm32f469//libpv_porcupine.a(pv_filterbank.o)
                0x000000000800648c                taabe203
 .text.taabe204
                0x00000000080064e0       0x1c ../../../../../lib/mcu/stm32f469//libpv_porcupine.a(pv_filterbank.o)
                0x00000000080064e0                taabe204
 .text.taabe205
                0x00000000080064fc      0x208 ../../../../../lib/mcu/stm32f469//libpv_porcupine.a(pv_filterbank.o)
                0x00000000080064fc                taabe205
 .text.taabe206
                0x0000000008006704        0xc ../../../../../lib/mcu/stm32f469//libpv_porcupine.a(pv_filterbank.o)
                0x0000000008006704                taabe206
 .text.taabe207
                0x0000000008006710       0x54 ../../../../../lib/mcu/stm32f469//libpv_porcupine.a(pv_filterbank.o)
                0x0000000008006710                taabe207
 .text.taabe209.part.1
                0x0000000008006764       0x20 ../../../../../lib/mcu/stm32f469//libpv_porcupine.a(pv_stft.o)
 .text.taabe208
                0x0000000008006784       0x64 ../../../../../lib/mcu/stm32f469//libpv_porcupine.a(pv_stft.o)
                0x0000000008006784                taabe208
 .text.taabe209
                0x00000000080067e8        0x8 ../../../../../lib/mcu/stm32f469//libpv_porcupine.a(pv_stft.o)
                0x00000000080067e8                taabe209
 .text.taabe210
                0x00000000080067f0      0x160 ../../../../../lib/mcu/stm32f469//libpv_porcupine.a(pv_stft.o)
                0x00000000080067f0                taabe210
 .text.taabe211
                0x0000000008006950       0x18 ../../../../../lib/mcu/stm32f469//libpv_porcupine.a(pv_stft.o)
                0x0000000008006950                taabe211
 .text.taabe263
                0x0000000008006968       0x30 ../../../../../lib/mcu/stm32f469//libpv_porcupine.a(pv_log.o)
                0x0000000008006968                taabe263
 .text.taabe179
                0x0000000008006998       0x24 ../../../../../lib/mcu/stm32f469//libpv_porcupine.a(pv_fft.o)
                0x0000000008006998                taabe179
 .text.taabe180
                0x00000000080069bc        0xc ../../../../../lib/mcu/stm32f469//libpv_porcupine.a(pv_fft.o)
                0x00000000080069bc                taabe180
 .text.taabe181
                0x00000000080069c8      0x228 ../../../../../lib/mcu/stm32f469//libpv_porcupine.a(pv_fft.o)
                0x00000000080069c8                taabe181
 .text.taabe199
                0x0000000008006bf0       0x8c ../../../../../lib/mcu/stm32f469//libpv_porcupine.a(pv_math.o)
                0x0000000008006bf0                taabe199
 .text.taabe200
                0x0000000008006c7c       0x64 ../../../../../lib/mcu/stm32f469//libpv_porcupine.a(pv_math.o)
                0x0000000008006c7c                taabe200
 .text.taabe201
                0x0000000008006ce0       0x64 ../../../../../lib/mcu/stm32f469//libpv_porcupine.a(pv_math.o)
                0x0000000008006ce0                taabe201
 .text.taabe202
                0x0000000008006d44       0x60 ../../../../../lib/mcu/stm32f469//libpv_porcupine.a(pv_math.o)
                0x0000000008006d44                taabe202
 .text.taabe278.part.0
                0x0000000008006da4       0x44 ../../../../../lib/mcu/stm32f469//libpv_porcupine.a(pv_online_token_classifier.o)
 .text.taabe277
                0x0000000008006de8       0xa8 ../../../../../lib/mcu/stm32f469//libpv_porcupine.a(pv_online_token_classifier.o)
                0x0000000008006de8                taabe277
 .text.taabe278
                0x0000000008006e90        0x8 ../../../../../lib/mcu/stm32f469//libpv_porcupine.a(pv_online_token_classifier.o)
                0x0000000008006e90                taabe278
 .text.taabe279
                0x0000000008006e98       0xa8 ../../../../../lib/mcu/stm32f469//libpv_porcupine.a(pv_online_token_classifier.o)
                0x0000000008006e98                taabe279
 .text.taabe280
                0x0000000008006f40       0x24 ../../../../../lib/mcu/stm32f469//libpv_porcupine.a(pv_online_token_classifier.o)
                0x0000000008006f40                taabe280
 .text.taabe281
                0x0000000008006f64        0x8 ../../../../../lib/mcu/stm32f469//libpv_porcupine.a(pv_online_token_classifier.o)
                0x0000000008006f64                taabe281
 .text.taabe14  0x0000000008006f6c       0x30 ../../../../../lib/mcu/stm32f469//libpv_porcupine.a(pv_fc.o)
                0x0000000008006f6c                taabe14
 .text.taabe15  0x0000000008006f9c        0xc ../../../../../lib/mcu/stm32f469//libpv_porcupine.a(pv_fc.o)
                0x0000000008006f9c                taabe15
 .text.taabe16  0x0000000008006fa8      0x1e8 ../../../../../lib/mcu/stm32f469//libpv_porcupine.a(pv_fc.o)
                0x0000000008006fa8                taabe16
 .text.taabe4.part.0
                0x0000000008007190       0x30 ../../../../../lib/mcu/stm32f469//libpv_porcupine.a(pv_rnn.o)
 .text.taabe3   0x00000000080071c0       0x7c ../../../../../lib/mcu/stm32f469//libpv_porcupine.a(pv_rnn.o)
                0x00000000080071c0                taabe3
 .text.taabe4   0x000000000800723c        0x8 ../../../../../lib/mcu/stm32f469//libpv_porcupine.a(pv_rnn.o)
                0x000000000800723c                taabe4
 .text.taabe5   0x0000000008007244      0x148 ../../../../../lib/mcu/stm32f469//libpv_porcupine.a(pv_rnn.o)
                0x0000000008007244                taabe5
 .text.taabe6   0x000000000800738c       0x28 ../../../../../lib/mcu/stm32f469//libpv_porcupine.a(pv_rnn.o)
                0x000000000800738c                taabe6
 .text.taabe17  0x00000000080073b4       0x20 ../../../../../lib/mcu/stm32f469//libpv_porcupine.a(pv_softmax.o)
                0x00000000080073b4                taabe17
 .text.taabe18  0x00000000080073d4        0xc ../../../../../lib/mcu/stm32f469//libpv_porcupine.a(pv_softmax.o)
                0x00000000080073d4                taabe18
 .text.taabe19  0x00000000080073e0       0xdc ../../../../../lib/mcu/stm32f469//libpv_porcupine.a(pv_softmax.o)
                0x00000000080073e0                taabe19
 .text.taabe226.part.0
                0x00000000080074bc       0x34 ../../../../../lib/mcu/stm32f469//libpv_porcupine.a(pv_porcupine_decoder.o)
 .text.taabe225
                0x00000000080074f0      0x100 ../../../../../lib/mcu/stm32f469//libpv_porcupine.a(pv_porcupine_decoder.o)
                0x00000000080074f0                taabe225
 .text.taabe226
                0x00000000080075f0        0x8 ../../../../../lib/mcu/stm32f469//libpv_porcupine.a(pv_porcupine_decoder.o)
                0x00000000080075f0                taabe226
 .text.taabe227
                0x00000000080075f8      0x228 ../../../../../lib/mcu/stm32f469//libpv_porcupine.a(pv_porcupine_decoder.o)
                0x00000000080075f8                taabe227
 .text.taabe228
                0x0000000008007820       0x90 ../../../../../lib/mcu/stm32f469//libpv_porcupine.a(pv_porcupine_decoder.o)
                0x0000000008007820                taabe228
 .text.D16_GENERIC
                0x00000000080078b0      0x120 ../Middlewares/ST/STM32_Audio/Addons/PDM/Lib//libPDMFilter_CM4_GCC_wc32.a(pdm_filter.o)
 .text.D24_GENERIC
                0x00000000080079d0      0x190 ../Middlewares/ST/STM32_Audio/Addons/PDM/Lib//libPDMFilter_CM4_GCC_wc32.a(pdm_filter.o)
 .text.D32_GENERIC
                0x0000000008007b60      0x198 ../Middlewares/ST/STM32_Audio/Addons/PDM/Lib//libPDMFilter_CM4_GCC_wc32.a(pdm_filter.o)
 .text.D48_GENERIC
                0x0000000008007cf8      0x1ec ../Middlewares/ST/STM32_Audio/Addons/PDM/Lib//libPDMFilter_CM4_GCC_wc32.a(pdm_filter.o)
 .text.D64_GENERIC
                0x0000000008007ee4      0x220 ../Middlewares/ST/STM32_Audio/Addons/PDM/Lib//libPDMFilter_CM4_GCC_wc32.a(pdm_filter.o)
 .text.D80_GENERIC
                0x0000000008008104      0x2a0 ../Middlewares/ST/STM32_Audio/Addons/PDM/Lib//libPDMFilter_CM4_GCC_wc32.a(pdm_filter.o)
 .text.D128_GENERIC
                0x00000000080083a4      0x3f0 ../Middlewares/ST/STM32_Audio/Addons/PDM/Lib//libPDMFilter_CM4_GCC_wc32.a(pdm_filter.o)
 .text.D16_1CH_HTONS_VOL_HP
                0x0000000008008794       0xe4 ../Middlewares/ST/STM32_Audio/Addons/PDM/Lib//libPDMFilter_CM4_GCC_wc32.a(pdm_filter.o)
 .text.D24_1CH_HTONS_VOL_HP
                0x0000000008008878      0x138 ../Middlewares/ST/STM32_Audio/Addons/PDM/Lib//libPDMFilter_CM4_GCC_wc32.a(pdm_filter.o)
 .text.D32_1CH_HTONS_VOL_HP
                0x00000000080089b0      0x144 ../Middlewares/ST/STM32_Audio/Addons/PDM/Lib//libPDMFilter_CM4_GCC_wc32.a(pdm_filter.o)
 .text.D48_1CH_HTONS_VOL_HP
                0x0000000008008af4      0x16c ../Middlewares/ST/STM32_Audio/Addons/PDM/Lib//libPDMFilter_CM4_GCC_wc32.a(pdm_filter.o)
 .text.D64_1CH_HTONS_VOL_HP
                0x0000000008008c60      0x1b8 ../Middlewares/ST/STM32_Audio/Addons/PDM/Lib//libPDMFilter_CM4_GCC_wc32.a(pdm_filter.o)
 .text.D80_1CH_HTONS_VOL_HP
                0x0000000008008e18      0x214 ../Middlewares/ST/STM32_Audio/Addons/PDM/Lib//libPDMFilter_CM4_GCC_wc32.a(pdm_filter.o)
 .text.D128_1CH_HTONS_VOL_HP
                0x000000000800902c      0x324 ../Middlewares/ST/STM32_Audio/Addons/PDM/Lib//libPDMFilter_CM4_GCC_wc32.a(pdm_filter.o)
 .text.PDM_Filter_Init
                0x0000000008009350      0x114 ../Middlewares/ST/STM32_Audio/Addons/PDM/Lib//libPDMFilter_CM4_GCC_wc32.a(pdm_filter.o)
                0x0000000008009350                PDM_Filter_Init
 .text.PDM_Filter_setConfig
                0x0000000008009464      0x1e4 ../Middlewares/ST/STM32_Audio/Addons/PDM/Lib//libPDMFilter_CM4_GCC_wc32.a(pdm_filter.o)
                0x0000000008009464                PDM_Filter_setConfig
 .text.PDM_Filter
                0x0000000008009648       0x38 ../Middlewares/ST/STM32_Audio/Addons/PDM/Lib//libPDMFilter_CM4_GCC_wc32.a(pdm_filter.o)
                0x0000000008009648                PDM_Filter
 .text.CRC_Lock
                0x0000000008009680       0x7c ../Middlewares/ST/STM32_Audio/Addons/PDM/Lib//libPDMFilter_CM4_GCC_wc32.a(stm32_crc_lock.o)
                0x0000000008009680                CRC_Lock
 .text.__errno  0x00000000080096fc        0xc /opt/st/stm32cubeide_1.5.0/plugins/com.st.stm32cube.ide.mcu.externaltools.gnu-tools-for-stm32.7-2018-q2-update.linux64_1.5.0.202011040924/tools/bin/../lib/gcc/arm-none-eabi/7.3.1/../../../../arm-none-eabi/lib/thumb/v7e-m/fpv4-sp/hard/libc_nano.a(lib_a-errno.o)
                0x00000000080096fc                __errno
 .text.__libc_init_array
                0x0000000008009708       0x48 /opt/st/stm32cubeide_1.5.0/plugins/com.st.stm32cube.ide.mcu.externaltools.gnu-tools-for-stm32.7-2018-q2-update.linux64_1.5.0.202011040924/tools/bin/../lib/gcc/arm-none-eabi/7.3.1/../../../../arm-none-eabi/lib/thumb/v7e-m/fpv4-sp/hard/libc_nano.a(lib_a-init.o)
                0x0000000008009708                __libc_init_array
 .text.malloc   0x0000000008009750       0x10 /opt/st/stm32cubeide_1.5.0/plugins/com.st.stm32cube.ide.mcu.externaltools.gnu-tools-for-stm32.7-2018-q2-update.linux64_1.5.0.202011040924/tools/bin/../lib/gcc/arm-none-eabi/7.3.1/../../../../arm-none-eabi/lib/thumb/v7e-m/fpv4-sp/hard/libc_nano.a(lib_a-malloc.o)
                0x0000000008009750                malloc
 .text.free     0x0000000008009760       0x10 /opt/st/stm32cubeide_1.5.0/plugins/com.st.stm32cube.ide.mcu.externaltools.gnu-tools-for-stm32.7-2018-q2-update.linux64_1.5.0.202011040924/tools/bin/../lib/gcc/arm-none-eabi/7.3.1/../../../../arm-none-eabi/lib/thumb/v7e-m/fpv4-sp/hard/libc_nano.a(lib_a-malloc.o)
                0x0000000008009760                free
 .text.memcpy   0x0000000008009770       0x16 /opt/st/stm32cubeide_1.5.0/plugins/com.st.stm32cube.ide.mcu.externaltools.gnu-tools-for-stm32.7-2018-q2-update.linux64_1.5.0.202011040924/tools/bin/../lib/gcc/arm-none-eabi/7.3.1/../../../../arm-none-eabi/lib/thumb/v7e-m/fpv4-sp/hard/libc_nano.a(lib_a-memcpy-stub.o)
                0x0000000008009770                memcpy
 .text.memset   0x0000000008009786       0x10 /opt/st/stm32cubeide_1.5.0/plugins/com.st.stm32cube.ide.mcu.externaltools.gnu-tools-for-stm32.7-2018-q2-update.linux64_1.5.0.202011040924/tools/bin/../lib/gcc/arm-none-eabi/7.3.1/../../../../arm-none-eabi/lib/thumb/v7e-m/fpv4-sp/hard/libc_nano.a(lib_a-memset.o)
                0x0000000008009786                memset
 *fill*         0x0000000008009796        0x2 
 .text._free_r  0x0000000008009798       0x9c /opt/st/stm32cubeide_1.5.0/plugins/com.st.stm32cube.ide.mcu.externaltools.gnu-tools-for-stm32.7-2018-q2-update.linux64_1.5.0.202011040924/tools/bin/../lib/gcc/arm-none-eabi/7.3.1/../../../../arm-none-eabi/lib/thumb/v7e-m/fpv4-sp/hard/libc_nano.a(lib_a-nano-freer.o)
                0x0000000008009798                _free_r
 .text._malloc_r
                0x0000000008009834       0xb4 /opt/st/stm32cubeide_1.5.0/plugins/com.st.stm32cube.ide.mcu.externaltools.gnu-tools-for-stm32.7-2018-q2-update.linux64_1.5.0.202011040924/tools/bin/../lib/gcc/arm-none-eabi/7.3.1/../../../../arm-none-eabi/lib/thumb/v7e-m/fpv4-sp/hard/libc_nano.a(lib_a-nano-mallocr.o)
                0x0000000008009834                _malloc_r
 .text.__sfputc_r
                0x00000000080098e8       0x2e /opt/st/stm32cubeide_1.5.0/plugins/com.st.stm32cube.ide.mcu.externaltools.gnu-tools-for-stm32.7-2018-q2-update.linux64_1.5.0.202011040924/tools/bin/../lib/gcc/arm-none-eabi/7.3.1/../../../../arm-none-eabi/lib/thumb/v7e-m/fpv4-sp/hard/libc_nano.a(lib_a-nano-vfprintf.o)
 .text.__sfputs_r
                0x0000000008009916       0x24 /opt/st/stm32cubeide_1.5.0/plugins/com.st.stm32cube.ide.mcu.externaltools.gnu-tools-for-stm32.7-2018-q2-update.linux64_1.5.0.202011040924/tools/bin/../lib/gcc/arm-none-eabi/7.3.1/../../../../arm-none-eabi/lib/thumb/v7e-m/fpv4-sp/hard/libc_nano.a(lib_a-nano-vfprintf.o)
                0x0000000008009916                __sfputs_r
 *fill*         0x000000000800993a        0x2 
 .text._vfprintf_r
                0x000000000800993c      0x22c /opt/st/stm32cubeide_1.5.0/plugins/com.st.stm32cube.ide.mcu.externaltools.gnu-tools-for-stm32.7-2018-q2-update.linux64_1.5.0.202011040924/tools/bin/../lib/gcc/arm-none-eabi/7.3.1/../../../../arm-none-eabi/lib/thumb/v7e-m/fpv4-sp/hard/libc_nano.a(lib_a-nano-vfprintf.o)
                0x000000000800993c                _vfiprintf_r
                0x000000000800993c                _vfprintf_r
 .text.vfprintf
                0x0000000008009b68       0x14 /opt/st/stm32cubeide_1.5.0/plugins/com.st.stm32cube.ide.mcu.externaltools.gnu-tools-for-stm32.7-2018-q2-update.linux64_1.5.0.202011040924/tools/bin/../lib/gcc/arm-none-eabi/7.3.1/../../../../arm-none-eabi/lib/thumb/v7e-m/fpv4-sp/hard/libc_nano.a(lib_a-nano-vfprintf.o)
                0x0000000008009b68                vfiprintf
                0x0000000008009b68                vfprintf
 .text._printf_common
                0x0000000008009b7c       0xea /opt/st/stm32cubeide_1.5.0/plugins/com.st.stm32cube.ide.mcu.externaltools.gnu-tools-for-stm32.7-2018-q2-update.linux64_1.5.0.202011040924/tools/bin/../lib/gcc/arm-none-eabi/7.3.1/../../../../arm-none-eabi/lib/thumb/v7e-m/fpv4-sp/hard/libc_nano.a(lib_a-nano-vfprintf_i.o)
                0x0000000008009b7c                _printf_common
 *fill*         0x0000000008009c66        0x2 
 .text._printf_i
                0x0000000008009c68      0x224 /opt/st/stm32cubeide_1.5.0/plugins/com.st.stm32cube.ide.mcu.externaltools.gnu-tools-for-stm32.7-2018-q2-update.linux64_1.5.0.202011040924/tools/bin/../lib/gcc/arm-none-eabi/7.3.1/../../../../arm-none-eabi/lib/thumb/v7e-m/fpv4-sp/hard/libc_nano.a(lib_a-nano-vfprintf_i.o)
                0x0000000008009c68                _printf_i
 .text.printf   0x0000000008009e8c       0x30 /opt/st/stm32cubeide_1.5.0/plugins/com.st.stm32cube.ide.mcu.externaltools.gnu-tools-for-stm32.7-2018-q2-update.linux64_1.5.0.202011040924/tools/bin/../lib/gcc/arm-none-eabi/7.3.1/../../../../arm-none-eabi/lib/thumb/v7e-m/fpv4-sp/hard/libc_nano.a(lib_a-printf.o)
                0x0000000008009e8c                printf
                0x0000000008009e8c                iprintf
 .text._puts_r  0x0000000008009ebc       0xb8 /opt/st/stm32cubeide_1.5.0/plugins/com.st.stm32cube.ide.mcu.externaltools.gnu-tools-for-stm32.7-2018-q2-update.linux64_1.5.0.202011040924/tools/bin/../lib/gcc/arm-none-eabi/7.3.1/../../../../arm-none-eabi/lib/thumb/v7e-m/fpv4-sp/hard/libc_nano.a(lib_a-puts.o)
                0x0000000008009ebc                _puts_r
 .text.puts     0x0000000008009f74       0x10 /opt/st/stm32cubeide_1.5.0/plugins/com.st.stm32cube.ide.mcu.externaltools.gnu-tools-for-stm32.7-2018-q2-update.linux64_1.5.0.202011040924/tools/bin/../lib/gcc/arm-none-eabi/7.3.1/../../../../arm-none-eabi/lib/thumb/v7e-m/fpv4-sp/hard/libc_nano.a(lib_a-puts.o)
                0x0000000008009f74                puts
 .text._sbrk_r  0x0000000008009f84       0x20 /opt/st/stm32cubeide_1.5.0/plugins/com.st.stm32cube.ide.mcu.externaltools.gnu-tools-for-stm32.7-2018-q2-update.linux64_1.5.0.202011040924/tools/bin/../lib/gcc/arm-none-eabi/7.3.1/../../../../arm-none-eabi/lib/thumb/v7e-m/fpv4-sp/hard/libc_nano.a(lib_a-sbrkr.o)
                0x0000000008009f84                _sbrk_r
 .text.time     0x0000000008009fa4       0x34 /opt/st/stm32cubeide_1.5.0/plugins/com.st.stm32cube.ide.mcu.externaltools.gnu-tools-for-stm32.7-2018-q2-update.linux64_1.5.0.202011040924/tools/bin/../lib/gcc/arm-none-eabi/7.3.1/../../../../arm-none-eabi/lib/thumb/v7e-m/fpv4-sp/hard/libc_nano.a(lib_a-time.o)
                0x0000000008009fa4                time
 .text.__swbuf_r
                0x0000000008009fd8       0xa4 /opt/st/stm32cubeide_1.5.0/plugins/com.st.stm32cube.ide.mcu.externaltools.gnu-tools-for-stm32.7-2018-q2-update.linux64_1.5.0.202011040924/tools/bin/../lib/gcc/arm-none-eabi/7.3.1/../../../../arm-none-eabi/lib/thumb/v7e-m/fpv4-sp/hard/libc_nano.a(lib_a-wbuf.o)
                0x0000000008009fd8                __swbuf_r
 .text.__swsetup_r
                0x000000000800a07c       0xdc /opt/st/stm32cubeide_1.5.0/plugins/com.st.stm32cube.ide.mcu.externaltools.gnu-tools-for-stm32.7-2018-q2-update.linux64_1.5.0.202011040924/tools/bin/../lib/gcc/arm-none-eabi/7.3.1/../../../../arm-none-eabi/lib/thumb/v7e-m/fpv4-sp/hard/libc_nano.a(lib_a-wsetup.o)
                0x000000000800a07c                __swsetup_r
 .text.__sflush_r
                0x000000000800a158      0x10c /opt/st/stm32cubeide_1.5.0/plugins/com.st.stm32cube.ide.mcu.externaltools.gnu-tools-for-stm32.7-2018-q2-update.linux64_1.5.0.202011040924/tools/bin/../lib/gcc/arm-none-eabi/7.3.1/../../../../arm-none-eabi/lib/thumb/v7e-m/fpv4-sp/hard/libc_nano.a(lib_a-fflush.o)
                0x000000000800a158                __sflush_r
 .text._fflush_r
                0x000000000800a264       0x54 /opt/st/stm32cubeide_1.5.0/plugins/com.st.stm32cube.ide.mcu.externaltools.gnu-tools-for-stm32.7-2018-q2-update.linux64_1.5.0.202011040924/tools/bin/../lib/gcc/arm-none-eabi/7.3.1/../../../../arm-none-eabi/lib/thumb/v7e-m/fpv4-sp/hard/libc_nano.a(lib_a-fflush.o)
                0x000000000800a264                _fflush_r
 .text.std      0x000000000800a2b8       0x48 /opt/st/stm32cubeide_1.5.0/plugins/com.st.stm32cube.ide.mcu.externaltools.gnu-tools-for-stm32.7-2018-q2-update.linux64_1.5.0.202011040924/tools/bin/../lib/gcc/arm-none-eabi/7.3.1/../../../../arm-none-eabi/lib/thumb/v7e-m/fpv4-sp/hard/libc_nano.a(lib_a-findfp.o)
 .text._cleanup_r
                0x000000000800a300        0xc /opt/st/stm32cubeide_1.5.0/plugins/com.st.stm32cube.ide.mcu.externaltools.gnu-tools-for-stm32.7-2018-q2-update.linux64_1.5.0.202011040924/tools/bin/../lib/gcc/arm-none-eabi/7.3.1/../../../../arm-none-eabi/lib/thumb/v7e-m/fpv4-sp/hard/libc_nano.a(lib_a-findfp.o)
                0x000000000800a300                _cleanup_r
 .text.__sfmoreglue
                0x000000000800a30c       0x2c /opt/st/stm32cubeide_1.5.0/plugins/com.st.stm32cube.ide.mcu.externaltools.gnu-tools-for-stm32.7-2018-q2-update.linux64_1.5.0.202011040924/tools/bin/../lib/gcc/arm-none-eabi/7.3.1/../../../../arm-none-eabi/lib/thumb/v7e-m/fpv4-sp/hard/libc_nano.a(lib_a-findfp.o)
                0x000000000800a30c                __sfmoreglue
 .text.__sinit  0x000000000800a338       0x60 /opt/st/stm32cubeide_1.5.0/plugins/com.st.stm32cube.ide.mcu.externaltools.gnu-tools-for-stm32.7-2018-q2-update.linux64_1.5.0.202011040924/tools/bin/../lib/gcc/arm-none-eabi/7.3.1/../../../../arm-none-eabi/lib/thumb/v7e-m/fpv4-sp/hard/libc_nano.a(lib_a-findfp.o)
                0x000000000800a338                __sinit
 .text.__sfp    0x000000000800a398       0x78 /opt/st/stm32cubeide_1.5.0/plugins/com.st.stm32cube.ide.mcu.externaltools.gnu-tools-for-stm32.7-2018-q2-update.linux64_1.5.0.202011040924/tools/bin/../lib/gcc/arm-none-eabi/7.3.1/../../../../arm-none-eabi/lib/thumb/v7e-m/fpv4-sp/hard/libc_nano.a(lib_a-findfp.o)
                0x000000000800a398                __sfp
 .text._fwalk_reent
                0x000000000800a410       0x3c /opt/st/stm32cubeide_1.5.0/plugins/com.st.stm32cube.ide.mcu.externaltools.gnu-tools-for-stm32.7-2018-q2-update.linux64_1.5.0.202011040924/tools/bin/../lib/gcc/arm-none-eabi/7.3.1/../../../../arm-none-eabi/lib/thumb/v7e-m/fpv4-sp/hard/libc_nano.a(lib_a-fwalk.o)
                0x000000000800a410                _fwalk_reent
 .text._gettimeofday_r
                0x000000000800a44c       0x24 /opt/st/stm32cubeide_1.5.0/plugins/com.st.stm32cube.ide.mcu.externaltools.gnu-tools-for-stm32.7-2018-q2-update.linux64_1.5.0.202011040924/tools/bin/../lib/gcc/arm-none-eabi/7.3.1/../../../../arm-none-eabi/lib/thumb/v7e-m/fpv4-sp/hard/libc_nano.a(lib_a-gettimeofdayr.o)
                0x000000000800a44c                _gettimeofday_r
 .text.__swhatbuf_r
                0x000000000800a470       0x48 /opt/st/stm32cubeide_1.5.0/plugins/com.st.stm32cube.ide.mcu.externaltools.gnu-tools-for-stm32.7-2018-q2-update.linux64_1.5.0.202011040924/tools/bin/../lib/gcc/arm-none-eabi/7.3.1/../../../../arm-none-eabi/lib/thumb/v7e-m/fpv4-sp/hard/libc_nano.a(lib_a-makebuf.o)
                0x000000000800a470                __swhatbuf_r
 .text.__smakebuf_r
                0x000000000800a4b8       0x80 /opt/st/stm32cubeide_1.5.0/plugins/com.st.stm32cube.ide.mcu.externaltools.gnu-tools-for-stm32.7-2018-q2-update.linux64_1.5.0.202011040924/tools/bin/../lib/gcc/arm-none-eabi/7.3.1/../../../../arm-none-eabi/lib/thumb/v7e-m/fpv4-sp/hard/libc_nano.a(lib_a-makebuf.o)
                0x000000000800a4b8                __smakebuf_r
 .text.__malloc_lock
                0x000000000800a538        0x2 /opt/st/stm32cubeide_1.5.0/plugins/com.st.stm32cube.ide.mcu.externaltools.gnu-tools-for-stm32.7-2018-q2-update.linux64_1.5.0.202011040924/tools/bin/../lib/gcc/arm-none-eabi/7.3.1/../../../../arm-none-eabi/lib/thumb/v7e-m/fpv4-sp/hard/libc_nano.a(lib_a-mlock.o)
                0x000000000800a538                __malloc_lock
 .text.__malloc_unlock
                0x000000000800a53a        0x2 /opt/st/stm32cubeide_1.5.0/plugins/com.st.stm32cube.ide.mcu.externaltools.gnu-tools-for-stm32.7-2018-q2-update.linux64_1.5.0.202011040924/tools/bin/../lib/gcc/arm-none-eabi/7.3.1/../../../../arm-none-eabi/lib/thumb/v7e-m/fpv4-sp/hard/libc_nano.a(lib_a-mlock.o)
                0x000000000800a53a                __malloc_unlock
 .text.__sread  0x000000000800a53c       0x22 /opt/st/stm32cubeide_1.5.0/plugins/com.st.stm32cube.ide.mcu.externaltools.gnu-tools-for-stm32.7-2018-q2-update.linux64_1.5.0.202011040924/tools/bin/../lib/gcc/arm-none-eabi/7.3.1/../../../../arm-none-eabi/lib/thumb/v7e-m/fpv4-sp/hard/libc_nano.a(lib_a-stdio.o)
                0x000000000800a53c                __sread
 .text.__swrite
                0x000000000800a55e       0x38 /opt/st/stm32cubeide_1.5.0/plugins/com.st.stm32cube.ide.mcu.externaltools.gnu-tools-for-stm32.7-2018-q2-update.linux64_1.5.0.202011040924/tools/bin/../lib/gcc/arm-none-eabi/7.3.1/../../../../arm-none-eabi/lib/thumb/v7e-m/fpv4-sp/hard/libc_nano.a(lib_a-stdio.o)
                0x000000000800a55e                __swrite
 .text.__sseek  0x000000000800a596       0x24 /opt/st/stm32cubeide_1.5.0/plugins/com.st.stm32cube.ide.mcu.externaltools.gnu-tools-for-stm32.7-2018-q2-update.linux64_1.5.0.202011040924/tools/bin/../lib/gcc/arm-none-eabi/7.3.1/../../../../arm-none-eabi/lib/thumb/v7e-m/fpv4-sp/hard/libc_nano.a(lib_a-stdio.o)
                0x000000000800a596                __sseek
 .text.__sclose
                0x000000000800a5ba        0x8 /opt/st/stm32cubeide_1.5.0/plugins/com.st.stm32cube.ide.mcu.externaltools.gnu-tools-for-stm32.7-2018-q2-update.linux64_1.5.0.202011040924/tools/bin/../lib/gcc/arm-none-eabi/7.3.1/../../../../arm-none-eabi/lib/thumb/v7e-m/fpv4-sp/hard/libc_nano.a(lib_a-stdio.o)
                0x000000000800a5ba                __sclose
 *fill*         0x000000000800a5c2        0x2 
 .text._write_r
                0x000000000800a5c4       0x24 /opt/st/stm32cubeide_1.5.0/plugins/com.st.stm32cube.ide.mcu.externaltools.gnu-tools-for-stm32.7-2018-q2-update.linux64_1.5.0.202011040924/tools/bin/../lib/gcc/arm-none-eabi/7.3.1/../../../../arm-none-eabi/lib/thumb/v7e-m/fpv4-sp/hard/libc_nano.a(lib_a-writer.o)
                0x000000000800a5c4                _write_r
 .text._close_r
                0x000000000800a5e8       0x20 /opt/st/stm32cubeide_1.5.0/plugins/com.st.stm32cube.ide.mcu.externaltools.gnu-tools-for-stm32.7-2018-q2-update.linux64_1.5.0.202011040924/tools/bin/../lib/gcc/arm-none-eabi/7.3.1/../../../../arm-none-eabi/lib/thumb/v7e-m/fpv4-sp/hard/libc_nano.a(lib_a-closer.o)
                0x000000000800a5e8                _close_r
 .text._fstat_r
                0x000000000800a608       0x24 /opt/st/stm32cubeide_1.5.0/plugins/com.st.stm32cube.ide.mcu.externaltools.gnu-tools-for-stm32.7-2018-q2-update.linux64_1.5.0.202011040924/tools/bin/../lib/gcc/arm-none-eabi/7.3.1/../../../../arm-none-eabi/lib/thumb/v7e-m/fpv4-sp/hard/libc_nano.a(lib_a-fstatr.o)
                0x000000000800a608                _fstat_r
 .text._isatty_r
                0x000000000800a62c       0x20 /opt/st/stm32cubeide_1.5.0/plugins/com.st.stm32cube.ide.mcu.externaltools.gnu-tools-for-stm32.7-2018-q2-update.linux64_1.5.0.202011040924/tools/bin/../lib/gcc/arm-none-eabi/7.3.1/../../../../arm-none-eabi/lib/thumb/v7e-m/fpv4-sp/hard/libc_nano.a(lib_a-isattyr.o)
                0x000000000800a62c                _isatty_r
 .text._lseek_r
                0x000000000800a64c       0x24 /opt/st/stm32cubeide_1.5.0/plugins/com.st.stm32cube.ide.mcu.externaltools.gnu-tools-for-stm32.7-2018-q2-update.linux64_1.5.0.202011040924/tools/bin/../lib/gcc/arm-none-eabi/7.3.1/../../../../arm-none-eabi/lib/thumb/v7e-m/fpv4-sp/hard/libc_nano.a(lib_a-lseekr.o)
                0x000000000800a64c                _lseek_r
 .text._read_r  0x000000000800a670       0x24 /opt/st/stm32cubeide_1.5.0/plugins/com.st.stm32cube.ide.mcu.externaltools.gnu-tools-for-stm32.7-2018-q2-update.linux64_1.5.0.202011040924/tools/bin/../lib/gcc/arm-none-eabi/7.3.1/../../../../arm-none-eabi/lib/thumb/v7e-m/fpv4-sp/hard/libc_nano.a(lib_a-readr.o)
                0x000000000800a670                _read_r
 .text.roundf   0x000000000800a694       0x4c /opt/st/stm32cubeide_1.5.0/plugins/com.st.stm32cube.ide.mcu.externaltools.gnu-tools-for-stm32.7-2018-q2-update.linux64_1.5.0.202011040924/tools/bin/../lib/gcc/arm-none-eabi/7.3.1/../../../../arm-none-eabi/lib/thumb/v7e-m/fpv4-sp/hard/libm.a(lib_a-sf_round.o)
                0x000000000800a694                roundf
 .text.powf     0x000000000800a6e0      0x2c8 /opt/st/stm32cubeide_1.5.0/plugins/com.st.stm32cube.ide.mcu.externaltools.gnu-tools-for-stm32.7-2018-q2-update.linux64_1.5.0.202011040924/tools/bin/../lib/gcc/arm-none-eabi/7.3.1/../../../../arm-none-eabi/lib/thumb/v7e-m/fpv4-sp/hard/libm.a(lib_a-wf_pow.o)
                0x000000000800a6e0                powf
 .text.__ieee754_powf
                0x000000000800a9a8      0x580 /opt/st/stm32cubeide_1.5.0/plugins/com.st.stm32cube.ide.mcu.externaltools.gnu-tools-for-stm32.7-2018-q2-update.linux64_1.5.0.202011040924/tools/bin/../lib/gcc/arm-none-eabi/7.3.1/../../../../arm-none-eabi/lib/thumb/v7e-m/fpv4-sp/hard/libm.a(lib_a-ef_pow.o)
                0x000000000800a9a8                __ieee754_powf
 .text.__ieee754_sqrtf
                0x000000000800af28        0x6 /opt/st/stm32cubeide_1.5.0/plugins/com.st.stm32cube.ide.mcu.externaltools.gnu-tools-for-stm32.7-2018-q2-update.linux64_1.5.0.202011040924/tools/bin/../lib/gcc/arm-none-eabi/7.3.1/../../../../arm-none-eabi/lib/thumb/v7e-m/fpv4-sp/hard/libm.a(lib_a-ef_sqrt.o)
                0x000000000800af28                __ieee754_sqrtf
 .text.matherr  0x000000000800af2e        0x4 /opt/st/stm32cubeide_1.5.0/plugins/com.st.stm32cube.ide.mcu.externaltools.gnu-tools-for-stm32.7-2018-q2-update.linux64_1.5.0.202011040924/tools/bin/../lib/gcc/arm-none-eabi/7.3.1/../../../../arm-none-eabi/lib/thumb/v7e-m/fpv4-sp/hard/libm.a(lib_a-s_matherr.o)
                0x000000000800af2e                matherr
 .text.fabsf    0x000000000800af32        0xe /opt/st/stm32cubeide_1.5.0/plugins/com.st.stm32cube.ide.mcu.externaltools.gnu-tools-for-stm32.7-2018-q2-update.linux64_1.5.0.202011040924/tools/bin/../lib/gcc/arm-none-eabi/7.3.1/../../../../arm-none-eabi/lib/thumb/v7e-m/fpv4-sp/hard/libm.a(lib_a-sf_fabs.o)
                0x000000000800af32                fabsf
 .text.finitef  0x000000000800af40       0x14 /opt/st/stm32cubeide_1.5.0/plugins/com.st.stm32cube.ide.mcu.externaltools.gnu-tools-for-stm32.7-2018-q2-update.linux64_1.5.0.202011040924/tools/bin/../lib/gcc/arm-none-eabi/7.3.1/../../../../arm-none-eabi/lib/thumb/v7e-m/fpv4-sp/hard/libm.a(lib_a-sf_finite.o)
                0x000000000800af40                finitef
 .text.nanf     0x000000000800af54        0xc /opt/st/stm32cubeide_1.5.0/plugins/com.st.stm32cube.ide.mcu.externaltools.gnu-tools-for-stm32.7-2018-q2-update.linux64_1.5.0.202011040924/tools/bin/../lib/gcc/arm-none-eabi/7.3.1/../../../../arm-none-eabi/lib/thumb/v7e-m/fpv4-sp/hard/libm.a(lib_a-sf_nan.o)
                0x000000000800af54                nanf
 .text.rintf    0x000000000800af60       0xb4 /opt/st/stm32cubeide_1.5.0/plugins/com.st.stm32cube.ide.mcu.externaltools.gnu-tools-for-stm32.7-2018-q2-update.linux64_1.5.0.202011040924/tools/bin/../lib/gcc/arm-none-eabi/7.3.1/../../../../arm-none-eabi/lib/thumb/v7e-m/fpv4-sp/hard/libm.a(lib_a-sf_rint.o)
                0x000000000800af60                rintf
 .text.scalbnf  0x000000000800b014       0xc0 /opt/st/stm32cubeide_1.5.0/plugins/com.st.stm32cube.ide.mcu.externaltools.gnu-tools-for-stm32.7-2018-q2-update.linux64_1.5.0.202011040924/tools/bin/../lib/gcc/arm-none-eabi/7.3.1/../../../../arm-none-eabi/lib/thumb/v7e-m/fpv4-sp/hard/libm.a(lib_a-sf_scalbn.o)
                0x000000000800b014                scalbnf
 .text.copysignf
                0x000000000800b0d4       0x18 /opt/st/stm32cubeide_1.5.0/plugins/com.st.stm32cube.ide.mcu.externaltools.gnu-tools-for-stm32.7-2018-q2-update.linux64_1.5.0.202011040924/tools/bin/../lib/gcc/arm-none-eabi/7.3.1/../../../../arm-none-eabi/lib/thumb/v7e-m/fpv4-sp/hard/libm.a(lib_a-sf_copysign.o)
                0x000000000800b0d4                copysignf
 .text._gettimeofday
                0x000000000800b0ec       0x10 /opt/st/stm32cubeide_1.5.0/plugins/com.st.stm32cube.ide.mcu.externaltools.gnu-tools-for-stm32.7-2018-q2-update.linux64_1.5.0.202011040924/tools/bin/../lib/gcc/arm-none-eabi/7.3.1/../../../../arm-none-eabi/lib/thumb/v7e-m/fpv4-sp/hard/libnosys.a(gettod.o)
                0x000000000800b0ec                _gettimeofday
 *(.glue_7)
 .glue_7        0x000000000800b0fc        0x0 linker stubs
 *(.glue_7t)
 .glue_7t       0x000000000800b0fc        0x0 linker stubs
 *(.eh_frame)
 .eh_frame      0x000000000800b0fc        0x0 /opt/st/stm32cubeide_1.5.0/plugins/com.st.stm32cube.ide.mcu.externaltools.gnu-tools-for-stm32.7-2018-q2-update.linux64_1.5.0.202011040924/tools/bin/../lib/gcc/arm-none-eabi/7.3.1/thumb/v7e-m/fpv4-sp/hard/crtbegin.o
 *(.init)
 .init          0x000000000800b0fc        0x4 /opt/st/stm32cubeide_1.5.0/plugins/com.st.stm32cube.ide.mcu.externaltools.gnu-tools-for-stm32.7-2018-q2-update.linux64_1.5.0.202011040924/tools/bin/../lib/gcc/arm-none-eabi/7.3.1/thumb/v7e-m/fpv4-sp/hard/crti.o
                0x000000000800b0fc                _init
 .init          0x000000000800b100        0x8 /opt/st/stm32cubeide_1.5.0/plugins/com.st.stm32cube.ide.mcu.externaltools.gnu-tools-for-stm32.7-2018-q2-update.linux64_1.5.0.202011040924/tools/bin/../lib/gcc/arm-none-eabi/7.3.1/thumb/v7e-m/fpv4-sp/hard/crtn.o
 *(.fini)
 .fini          0x000000000800b108        0x4 /opt/st/stm32cubeide_1.5.0/plugins/com.st.stm32cube.ide.mcu.externaltools.gnu-tools-for-stm32.7-2018-q2-update.linux64_1.5.0.202011040924/tools/bin/../lib/gcc/arm-none-eabi/7.3.1/thumb/v7e-m/fpv4-sp/hard/crti.o
                0x000000000800b108                _fini
 .fini          0x000000000800b10c        0x8 /opt/st/stm32cubeide_1.5.0/plugins/com.st.stm32cube.ide.mcu.externaltools.gnu-tools-for-stm32.7-2018-q2-update.linux64_1.5.0.202011040924/tools/bin/../lib/gcc/arm-none-eabi/7.3.1/thumb/v7e-m/fpv4-sp/hard/crtn.o
                0x000000000800b114                . = ALIGN (0x4)
                0x000000000800b114                _etext = .

.vfp11_veneer   0x000000000800b114        0x0
 .vfp11_veneer  0x000000000800b114        0x0 linker stubs

.v4_bx          0x000000000800b114        0x0
 .v4_bx         0x000000000800b114        0x0 linker stubs

.iplt           0x000000000800b114        0x0
 .iplt          0x000000000800b114        0x0 /opt/st/stm32cubeide_1.5.0/plugins/com.st.stm32cube.ide.mcu.externaltools.gnu-tools-for-stm32.7-2018-q2-update.linux64_1.5.0.202011040924/tools/bin/../lib/gcc/arm-none-eabi/7.3.1/thumb/v7e-m/fpv4-sp/hard/crtbegin.o

.rodata         0x000000000800b114    0xf2dd4
                0x000000000800b114                . = ALIGN (0x4)
 *(.rodata)
 .rodata        0x000000000800b114       0x38 ../Middlewares/ST/STM32_Audio/Addons/PDM/Lib//libPDMFilter_CM4_GCC_wc32.a(pdm_filter.o)
 *(.rodata*)
 .rodata.HAL_NVIC_SetPriorityGrouping.str1.4
                0x000000000800b14c       0x3b Drivers/STM32F4xx_HAL_Driver/Src/stm32f4xx_hal_cortex.o
 *fill*         0x000000000800b187        0x1 
 .rodata.HAL_DMA_Init.str1.4
                0x000000000800b188       0x38 Drivers/STM32F4xx_HAL_Driver/Src/stm32f4xx_hal_dma.o
 .rodata.flagBitshiftOffset.9221
                0x000000000800b1c0        0x8 Drivers/STM32F4xx_HAL_Driver/Src/stm32f4xx_hal_dma.o
 .rodata.HAL_GPIO_Init.str1.4
                0x000000000800b1c8       0x39 Drivers/STM32F4xx_HAL_Driver/Src/stm32f4xx_hal_gpio.o
 *fill*         0x000000000800b201        0x3 
 .rodata.HAL_I2S_Init.str1.4
                0x000000000800b204       0x38 Drivers/STM32F4xx_HAL_Driver/Src/stm32f4xx_hal_i2s.o
 .rodata.HAL_RCC_OscConfig.str1.4
                0x000000000800b23c       0x38 Drivers/STM32F4xx_HAL_Driver/Src/stm32f4xx_hal_rcc.o
 .rodata.HAL_RCCEx_PeriphCLKConfig.str1.4
                0x000000000800b274       0x3b Drivers/STM32F4xx_HAL_Driver/Src/stm32f4xx_hal_rcc_ex.o
 *fill*         0x000000000800b2af        0x1 
 .rodata.TIM_OC1_SetConfig.str1.4
                0x000000000800b2b0       0x38 Drivers/STM32F4xx_HAL_Driver/Src/stm32f4xx_hal_tim.o
 .rodata.UART_SetConfig.str1.4
                0x000000000800b2e8       0x39 Drivers/STM32F4xx_HAL_Driver/Src/stm32f4xx_hal_uart.o
 *fill*         0x000000000800b321        0x3 
 .rodata.default_keyword_array
                0x000000000800b324      0x6cc Src/main.o
 .rodata.main.str1.4
                0x000000000800b9f0       0xa4 Src/main.o
 .rodata.sensitivity
                0x000000000800ba94        0x4 Src/main.o
 .rodata.AHBPrescTable
                0x000000000800ba98       0x10 Src/system_stm32f4xx.o
                0x000000000800ba98                AHBPrescTable
 .rodata.APBPrescTable
                0x000000000800baa8        0x8 Src/system_stm32f4xx.o
                0x000000000800baa8                APBPrescTable
 .rodata.STRINGS.5311
                0x000000000800bab0       0x1c ../../../../../lib/mcu/stm32f469//libpv_porcupine.a(picovoice.o)
 .rodata.str1.4
                0x000000000800bacc       0x62 ../../../../../lib/mcu/stm32f469//libpv_porcupine.a(picovoice.o)
 *fill*         0x000000000800bb2e        0x2 
 .rodata.pv_porcupine_init.str1.4
                0x000000000800bb30      0x1a0 ../../../../../lib/mcu/stm32f469//libpv_porcupine.a(pv_porcupine.o)
 .rodata.taabe236.str1.4
                0x000000000800bcd0      0x20a ../../../../../lib/mcu/stm32f469//libpv_porcupine.a(pv_porcupine_internal.o)
                                        0x20e (size before relaxing)
 *fill*         0x000000000800beda        0x2 
 .rodata.CSWTCH.5
                0x000000000800bedc       0x14 ../../../../../lib/mcu/stm32f469//libpv_porcupine.a(pv_language.o)
 .rodata.CSWTCH.8
                0x000000000800bef0       0x10 ../../../../../lib/mcu/stm32f469//libpv_porcupine.a(pv_language.o)
 .rodata.taabe298.str1.4
                0x000000000800bf00       0x14 ../../../../../lib/mcu/stm32f469//libpv_porcupine.a(pv_language.o)
                                         0x13 (size before relaxing)
 .rodata.BINS.8849
                0x000000000800bf14       0x54 ../../../../../lib/mcu/stm32f469//libpv_porcupine.a(pv_filterbank.o)
 .rodata.MEAN.8883
                0x000000000800bf68       0x50 ../../../../../lib/mcu/stm32f469//libpv_porcupine.a(pv_filterbank.o)
 .rodata.STD_RECIPROCAL.8884
                0x000000000800bfb8       0x50 ../../../../../lib/mcu/stm32f469//libpv_porcupine.a(pv_filterbank.o)
 .rodata.WEIGHT_DECREMENTS.8851
                0x000000000800c008       0xa0 ../../../../../lib/mcu/stm32f469//libpv_porcupine.a(pv_filterbank.o)
 .rodata.WEIGHT_INCREMENTS.8850
                0x000000000800c0a8       0xa0 ../../../../../lib/mcu/stm32f469//libpv_porcupine.a(pv_filterbank.o)
 .rodata.WINDOW.8770
                0x000000000800c148      0x400 ../../../../../lib/mcu/stm32f469//libpv_porcupine.a(pv_stft.o)
 .rodata.SIN_TABLE
                0x000000000800c548      0x600 ../../../../../lib/mcu/stm32f469//libpv_porcupine.a(pv_fft.o)
 .rodata.TABLE.8757
                0x000000000800cb48      0x200 ../../../../../lib/mcu/stm32f469//libpv_porcupine.a(pv_fft.o)
 .rodata.PV_EXP_LSB_TABLE
                0x000000000800cd48      0x200 ../../../../../lib/mcu/stm32f469//libpv_porcupine.a(pv_math.o)
 .rodata.PV_EXP_MSB_TABLE
                0x000000000800cf48      0x200 ../../../../../lib/mcu/stm32f469//libpv_porcupine.a(pv_math.o)
 .rodata.PV_LOG10_TABLE
                0x000000000800d148      0x402 ../../../../../lib/mcu/stm32f469//libpv_porcupine.a(pv_math.o)
 *fill*         0x000000000800d54a        0x2 
 .rodata.PV_SIGMOID_TABLE
                0x000000000800d54c      0x202 ../../../../../lib/mcu/stm32f469//libpv_porcupine.a(pv_math.o)
 *fill*         0x000000000800d74e        0x2 
 .rodata.PV_PORCUPINE_CLASSIFIER_PARAM
                0x000000000800d750       0x10 ../../../../../lib/mcu/stm32f469//libpv_porcupine.a(pv_classifier_168_cortexm.o)
                0x000000000800d750                PV_PORCUPINE_CLASSIFIER_PARAM
 .rodata.RNN_0_PARAM
                0x000000000800d760        0x8 ../../../../../lib/mcu/stm32f469//libpv_porcupine.a(pv_classifier_168_cortexm.o)
 .rodata.RNN_1_PARAM
                0x000000000800d768        0x8 ../../../../../lib/mcu/stm32f469//libpv_porcupine.a(pv_classifier_168_cortexm.o)
 .rodata.RNN_2_PARAM
                0x000000000800d770        0x8 ../../../../../lib/mcu/stm32f469//libpv_porcupine.a(pv_classifier_168_cortexm.o)
 .rodata.RNN_3_PARAM
                0x000000000800d778        0x8 ../../../../../lib/mcu/stm32f469//libpv_porcupine.a(pv_classifier_168_cortexm.o)
 .rodata.RNN_4_PARAM
                0x000000000800d780        0x8 ../../../../../lib/mcu/stm32f469//libpv_porcupine.a(pv_classifier_168_cortexm.o)
 .rodata.RNN_5_PARAM
                0x000000000800d788        0x8 ../../../../../lib/mcu/stm32f469//libpv_porcupine.a(pv_classifier_168_cortexm.o)
 .rodata.SOFTMAX_BIAS
                0x000000000800d790       0x28 ../../../../../lib/mcu/stm32f469//libpv_porcupine.a(pv_classifier_168_cortexm.o)
 .rodata.SOFTMAX_FC_PARAM
                0x000000000800d7b8       0x10 ../../../../../lib/mcu/stm32f469//libpv_porcupine.a(pv_classifier_168_cortexm.o)
 .rodata.SOFTMAX_WEIGHT
                0x000000000800d7c8     0x1a40 ../../../../../lib/mcu/stm32f469//libpv_porcupine.a(pv_classifier_168_cortexm.o)
 .rodata.TIED_LSTM_0_HIDDEN_BIAS
                0x000000000800f208      0x1f8 ../../../../../lib/mcu/stm32f469//libpv_porcupine.a(pv_classifier_168_cortexm.o)
 .rodata.TIED_LSTM_0_HIDDEN_FC_PARAM
                0x000000000800f400       0x10 ../../../../../lib/mcu/stm32f469//libpv_porcupine.a(pv_classifier_168_cortexm.o)
 .rodata.TIED_LSTM_0_HIDDEN_WEIGHT
                0x000000000800f410    0x14ac0 ../../../../../lib/mcu/stm32f469//libpv_porcupine.a(pv_classifier_168_cortexm.o)
 .rodata.TIED_LSTM_0_INPUT_BIAS
                0x0000000008023ed0      0x1f8 ../../../../../lib/mcu/stm32f469//libpv_porcupine.a(pv_classifier_168_cortexm.o)
 .rodata.TIED_LSTM_0_INPUT_FC_PARAM
                0x00000000080240c8       0x10 ../../../../../lib/mcu/stm32f469//libpv_porcupine.a(pv_classifier_168_cortexm.o)
 .rodata.TIED_LSTM_0_INPUT_WEIGHT
                0x00000000080240d8     0x9d80 ../../../../../lib/mcu/stm32f469//libpv_porcupine.a(pv_classifier_168_cortexm.o)
 .rodata.TIED_LSTM_1_HIDDEN_BIAS
                0x000000000802de58      0x1f8 ../../../../../lib/mcu/stm32f469//libpv_porcupine.a(pv_classifier_168_cortexm.o)
 .rodata.TIED_LSTM_1_HIDDEN_FC_PARAM
                0x000000000802e050       0x10 ../../../../../lib/mcu/stm32f469//libpv_porcupine.a(pv_classifier_168_cortexm.o)
 .rodata.TIED_LSTM_1_HIDDEN_WEIGHT
                0x000000000802e060    0x14ac0 ../../../../../lib/mcu/stm32f469//libpv_porcupine.a(pv_classifier_168_cortexm.o)
 .rodata.TIED_LSTM_1_INPUT_BIAS
                0x0000000008042b20      0x1f8 ../../../../../lib/mcu/stm32f469//libpv_porcupine.a(pv_classifier_168_cortexm.o)
 .rodata.TIED_LSTM_1_INPUT_FC_PARAM
                0x0000000008042d18       0x10 ../../../../../lib/mcu/stm32f469//libpv_porcupine.a(pv_classifier_168_cortexm.o)
 .rodata.TIED_LSTM_1_INPUT_WEIGHT
                0x0000000008042d28    0x14ac0 ../../../../../lib/mcu/stm32f469//libpv_porcupine.a(pv_classifier_168_cortexm.o)
 .rodata.TIED_LSTM_2_HIDDEN_BIAS
                0x00000000080577e8      0x1f8 ../../../../../lib/mcu/stm32f469//libpv_porcupine.a(pv_classifier_168_cortexm.o)
 .rodata.TIED_LSTM_2_HIDDEN_FC_PARAM
                0x00000000080579e0       0x10 ../../../../../lib/mcu/stm32f469//libpv_porcupine.a(pv_classifier_168_cortexm.o)
 .rodata.TIED_LSTM_2_HIDDEN_WEIGHT
                0x00000000080579f0    0x14ac0 ../../../../../lib/mcu/stm32f469//libpv_porcupine.a(pv_classifier_168_cortexm.o)
 .rodata.TIED_LSTM_2_INPUT_BIAS
                0x000000000806c4b0      0x1f8 ../../../../../lib/mcu/stm32f469//libpv_porcupine.a(pv_classifier_168_cortexm.o)
 .rodata.TIED_LSTM_2_INPUT_FC_PARAM
                0x000000000806c6a8       0x10 ../../../../../lib/mcu/stm32f469//libpv_porcupine.a(pv_classifier_168_cortexm.o)
 .rodata.TIED_LSTM_2_INPUT_WEIGHT
                0x000000000806c6b8    0x14ac0 ../../../../../lib/mcu/stm32f469//libpv_porcupine.a(pv_classifier_168_cortexm.o)
 .rodata.TIED_LSTM_3_HIDDEN_BIAS
                0x0000000008081178      0x1f8 ../../../../../lib/mcu/stm32f469//libpv_porcupine.a(pv_classifier_168_cortexm.o)
 .rodata.TIED_LSTM_3_HIDDEN_FC_PARAM
                0x0000000008081370       0x10 ../../../../../lib/mcu/stm32f469//libpv_porcupine.a(pv_classifier_168_cortexm.o)
 .rodata.TIED_LSTM_3_HIDDEN_WEIGHT
                0x0000000008081380    0x14ac0 ../../../../../lib/mcu/stm32f469//libpv_porcupine.a(pv_classifier_168_cortexm.o)
 .rodata.TIED_LSTM_3_INPUT_BIAS
                0x0000000008095e40      0x1f8 ../../../../../lib/mcu/stm32f469//libpv_porcupine.a(pv_classifier_168_cortexm.o)
 .rodata.TIED_LSTM_3_INPUT_FC_PARAM
                0x0000000008096038       0x10 ../../../../../lib/mcu/stm32f469//libpv_porcupine.a(pv_classifier_168_cortexm.o)
 .rodata.TIED_LSTM_3_INPUT_WEIGHT
                0x0000000008096048    0x14ac0 ../../../../../lib/mcu/stm32f469//libpv_porcupine.a(pv_classifier_168_cortexm.o)
 .rodata.TIED_LSTM_4_HIDDEN_BIAS
                0x00000000080aab08      0x1f8 ../../../../../lib/mcu/stm32f469//libpv_porcupine.a(pv_classifier_168_cortexm.o)
 .rodata.TIED_LSTM_4_HIDDEN_FC_PARAM
                0x00000000080aad00       0x10 ../../../../../lib/mcu/stm32f469//libpv_porcupine.a(pv_classifier_168_cortexm.o)
 .rodata.TIED_LSTM_4_HIDDEN_WEIGHT
                0x00000000080aad10    0x14ac0 ../../../../../lib/mcu/stm32f469//libpv_porcupine.a(pv_classifier_168_cortexm.o)
 .rodata.TIED_LSTM_4_INPUT_BIAS
                0x00000000080bf7d0      0x1f8 ../../../../../lib/mcu/stm32f469//libpv_porcupine.a(pv_classifier_168_cortexm.o)
 .rodata.TIED_LSTM_4_INPUT_FC_PARAM
                0x00000000080bf9c8       0x10 ../../../../../lib/mcu/stm32f469//libpv_porcupine.a(pv_classifier_168_cortexm.o)
 .rodata.TIED_LSTM_4_INPUT_WEIGHT
                0x00000000080bf9d8    0x14ac0 ../../../../../lib/mcu/stm32f469//libpv_porcupine.a(pv_classifier_168_cortexm.o)
 .rodata.TIED_LSTM_5_HIDDEN_BIAS
                0x00000000080d4498      0x1f8 ../../../../../lib/mcu/stm32f469//libpv_porcupine.a(pv_classifier_168_cortexm.o)
 .rodata.TIED_LSTM_5_HIDDEN_FC_PARAM
                0x00000000080d4690       0x10 ../../../../../lib/mcu/stm32f469//libpv_porcupine.a(pv_classifier_168_cortexm.o)
 .rodata.TIED_LSTM_5_HIDDEN_WEIGHT
                0x00000000080d46a0    0x14ac0 ../../../../../lib/mcu/stm32f469//libpv_porcupine.a(pv_classifier_168_cortexm.o)
 .rodata.TIED_LSTM_5_INPUT_BIAS
                0x00000000080e9160      0x1f8 ../../../../../lib/mcu/stm32f469//libpv_porcupine.a(pv_classifier_168_cortexm.o)
 .rodata.TIED_LSTM_5_INPUT_FC_PARAM
                0x00000000080e9358       0x10 ../../../../../lib/mcu/stm32f469//libpv_porcupine.a(pv_classifier_168_cortexm.o)
 .rodata.TIED_LSTM_5_INPUT_WEIGHT
                0x00000000080e9368    0x14ac0 ../../../../../lib/mcu/stm32f469//libpv_porcupine.a(pv_classifier_168_cortexm.o)
 .rodata._global_impure_ptr
                0x00000000080fde28        0x4 /opt/st/stm32cubeide_1.5.0/plugins/com.st.stm32cube.ide.mcu.externaltools.gnu-tools-for-stm32.7-2018-q2-update.linux64_1.5.0.202011040924/tools/bin/../lib/gcc/arm-none-eabi/7.3.1/../../../../arm-none-eabi/lib/thumb/v7e-m/fpv4-sp/hard/libc_nano.a(lib_a-impure.o)
                0x00000000080fde28                _global_impure_ptr
 .rodata._vfprintf_r.str1.1
                0x00000000080fde2c       0x11 /opt/st/stm32cubeide_1.5.0/plugins/com.st.stm32cube.ide.mcu.externaltools.gnu-tools-for-stm32.7-2018-q2-update.linux64_1.5.0.202011040924/tools/bin/../lib/gcc/arm-none-eabi/7.3.1/../../../../arm-none-eabi/lib/thumb/v7e-m/fpv4-sp/hard/libc_nano.a(lib_a-nano-vfprintf.o)
 .rodata._printf_i.str1.1
                0x00000000080fde3d       0x22 /opt/st/stm32cubeide_1.5.0/plugins/com.st.stm32cube.ide.mcu.externaltools.gnu-tools-for-stm32.7-2018-q2-update.linux64_1.5.0.202011040924/tools/bin/../lib/gcc/arm-none-eabi/7.3.1/../../../../arm-none-eabi/lib/thumb/v7e-m/fpv4-sp/hard/libc_nano.a(lib_a-nano-vfprintf_i.o)
 *fill*         0x00000000080fde5f        0x1 
 .rodata.__sf_fake_stderr
                0x00000000080fde60       0x20 /opt/st/stm32cubeide_1.5.0/plugins/com.st.stm32cube.ide.mcu.externaltools.gnu-tools-for-stm32.7-2018-q2-update.linux64_1.5.0.202011040924/tools/bin/../lib/gcc/arm-none-eabi/7.3.1/../../../../arm-none-eabi/lib/thumb/v7e-m/fpv4-sp/hard/libc_nano.a(lib_a-findfp.o)
                0x00000000080fde60                __sf_fake_stderr
 .rodata.__sf_fake_stdin
                0x00000000080fde80       0x20 /opt/st/stm32cubeide_1.5.0/plugins/com.st.stm32cube.ide.mcu.externaltools.gnu-tools-for-stm32.7-2018-q2-update.linux64_1.5.0.202011040924/tools/bin/../lib/gcc/arm-none-eabi/7.3.1/../../../../arm-none-eabi/lib/thumb/v7e-m/fpv4-sp/hard/libc_nano.a(lib_a-findfp.o)
                0x00000000080fde80                __sf_fake_stdin
 .rodata.__sf_fake_stdout
                0x00000000080fdea0       0x20 /opt/st/stm32cubeide_1.5.0/plugins/com.st.stm32cube.ide.mcu.externaltools.gnu-tools-for-stm32.7-2018-q2-update.linux64_1.5.0.202011040924/tools/bin/../lib/gcc/arm-none-eabi/7.3.1/../../../../arm-none-eabi/lib/thumb/v7e-m/fpv4-sp/hard/libc_nano.a(lib_a-findfp.o)
                0x00000000080fdea0                __sf_fake_stdout
 .rodata.powf.str1.1
                0x00000000080fdec0        0x5 /opt/st/stm32cubeide_1.5.0/plugins/com.st.stm32cube.ide.mcu.externaltools.gnu-tools-for-stm32.7-2018-q2-update.linux64_1.5.0.202011040924/tools/bin/../lib/gcc/arm-none-eabi/7.3.1/../../../../arm-none-eabi/lib/thumb/v7e-m/fpv4-sp/hard/libm.a(lib_a-wf_pow.o)
 .rodata.__ieee754_powf.str1.1
                0x00000000080fdec5        0x5 /opt/st/stm32cubeide_1.5.0/plugins/com.st.stm32cube.ide.mcu.externaltools.gnu-tools-for-stm32.7-2018-q2-update.linux64_1.5.0.202011040924/tools/bin/../lib/gcc/arm-none-eabi/7.3.1/../../../../arm-none-eabi/lib/thumb/v7e-m/fpv4-sp/hard/libm.a(lib_a-ef_pow.o)
                                          0x1 (size before relaxing)
 *fill*         0x00000000080fdec5        0x3 
 .rodata.bp     0x00000000080fdec8        0x8 /opt/st/stm32cubeide_1.5.0/plugins/com.st.stm32cube.ide.mcu.externaltools.gnu-tools-for-stm32.7-2018-q2-update.linux64_1.5.0.202011040924/tools/bin/../lib/gcc/arm-none-eabi/7.3.1/../../../../arm-none-eabi/lib/thumb/v7e-m/fpv4-sp/hard/libm.a(lib_a-ef_pow.o)
 .rodata.dp_h   0x00000000080fded0        0x8 /opt/st/stm32cubeide_1.5.0/plugins/com.st.stm32cube.ide.mcu.externaltools.gnu-tools-for-stm32.7-2018-q2-update.linux64_1.5.0.202011040924/tools/bin/../lib/gcc/arm-none-eabi/7.3.1/../../../../arm-none-eabi/lib/thumb/v7e-m/fpv4-sp/hard/libm.a(lib_a-ef_pow.o)
 .rodata.dp_l   0x00000000080fded8        0x8 /opt/st/stm32cubeide_1.5.0/plugins/com.st.stm32cube.ide.mcu.externaltools.gnu-tools-for-stm32.7-2018-q2-update.linux64_1.5.0.202011040924/tools/bin/../lib/gcc/arm-none-eabi/7.3.1/../../../../arm-none-eabi/lib/thumb/v7e-m/fpv4-sp/hard/libm.a(lib_a-ef_pow.o)
 .rodata.TWO23  0x00000000080fdee0        0x8 /opt/st/stm32cubeide_1.5.0/plugins/com.st.stm32cube.ide.mcu.externaltools.gnu-tools-for-stm32.7-2018-q2-update.linux64_1.5.0.202011040924/tools/bin/../lib/gcc/arm-none-eabi/7.3.1/../../../../arm-none-eabi/lib/thumb/v7e-m/fpv4-sp/hard/libm.a(lib_a-sf_rint.o)
                0x00000000080fdee8                . = ALIGN (0x4)

.ARM.extab      0x00000000080fdee8        0x0
                0x00000000080fdee8                . = ALIGN (0x4)
 *(.ARM.extab* .gnu.linkonce.armextab.*)
                0x00000000080fdee8                . = ALIGN (0x4)

.ARM            0x00000000080fdee8        0x8
                0x00000000080fdee8                . = ALIGN (0x4)
                0x00000000080fdee8                __exidx_start = .
 *(.ARM.exidx*)
 .ARM.exidx     0x00000000080fdee8        0x8 /opt/st/stm32cubeide_1.5.0/plugins/com.st.stm32cube.ide.mcu.externaltools.gnu-tools-for-stm32.7-2018-q2-update.linux64_1.5.0.202011040924/tools/bin/../lib/gcc/arm-none-eabi/7.3.1/thumb/v7e-m/fpv4-sp/hard/libgcc.a(_udivmoddi4.o)
                0x00000000080fdef0                __exidx_end = .
                0x00000000080fdef0                . = ALIGN (0x4)

.rel.dyn        0x00000000080fdef0        0x0
 .rel.iplt      0x00000000080fdef0        0x0 /opt/st/stm32cubeide_1.5.0/plugins/com.st.stm32cube.ide.mcu.externaltools.gnu-tools-for-stm32.7-2018-q2-update.linux64_1.5.0.202011040924/tools/bin/../lib/gcc/arm-none-eabi/7.3.1/thumb/v7e-m/fpv4-sp/hard/crtbegin.o

.preinit_array  0x00000000080fdef0        0x0
                0x00000000080fdef0                . = ALIGN (0x4)
                0x00000000080fdef0                PROVIDE (__preinit_array_start = .)
 *(.preinit_array*)
                0x00000000080fdef0                PROVIDE (__preinit_array_end = .)
                0x00000000080fdef0                . = ALIGN (0x4)

.init_array     0x00000000080fdef0        0x4
                0x00000000080fdef0                . = ALIGN (0x4)
                0x00000000080fdef0                PROVIDE (__init_array_start = .)
 *(SORT_BY_NAME(.init_array.*))
 *(.init_array*)
 .init_array    0x00000000080fdef0        0x4 /opt/st/stm32cubeide_1.5.0/plugins/com.st.stm32cube.ide.mcu.externaltools.gnu-tools-for-stm32.7-2018-q2-update.linux64_1.5.0.202011040924/tools/bin/../lib/gcc/arm-none-eabi/7.3.1/thumb/v7e-m/fpv4-sp/hard/crtbegin.o
                0x00000000080fdef4                PROVIDE (__init_array_end = .)
                0x00000000080fdef4                . = ALIGN (0x4)

.fini_array     0x00000000080fdef4        0x4
                0x00000000080fdef4                . = ALIGN (0x4)
                [!provide]                        PROVIDE (__fini_array_start = .)
 *(SORT_BY_NAME(.fini_array.*))
 *(.fini_array*)
 .fini_array    0x00000000080fdef4        0x4 /opt/st/stm32cubeide_1.5.0/plugins/com.st.stm32cube.ide.mcu.externaltools.gnu-tools-for-stm32.7-2018-q2-update.linux64_1.5.0.202011040924/tools/bin/../lib/gcc/arm-none-eabi/7.3.1/thumb/v7e-m/fpv4-sp/hard/crtbegin.o
                [!provide]                        PROVIDE (__fini_array_end = .)
                0x00000000080fdef8                . = ALIGN (0x4)
                0x00000000080fdef8                _sidata = LOADADDR (.data)

.data           0x0000000020000000      0x554 load address 0x00000000080fdef8
                0x0000000020000000                . = ALIGN (0x4)
                0x0000000020000000                _sdata = .
 *(.data)
 .data          0x0000000020000000      0x400 ../Middlewares/ST/STM32_Audio/Addons/PDM/Lib//libPDMFilter_CM4_GCC_wc32.a(pdm_filter.o)
 *(.data*)
 .data.GPIO_PIN
                0x0000000020000400       0x10 Drivers/BSP/STM32469I-Discovery/stm32469i_discovery.o
                0x0000000020000400                GPIO_PIN
 .data.GPIO_PORT
                0x0000000020000410       0x10 Drivers/BSP/STM32469I-Discovery/stm32469i_discovery.o
                0x0000000020000410                GPIO_PORT
 .data.AudioInVolume
                0x0000000020000420        0x2 Drivers/BSP/STM32469I-Discovery/stm32469i_discovery_audio.o
                0x0000000020000420                AudioInVolume
 *fill*         0x0000000020000422        0x2 
 .data.Channel_Demux
                0x0000000020000424       0x80 Drivers/BSP/STM32469I-Discovery/stm32469i_discovery_audio.o
                0x0000000020000424                Channel_Demux
 .data.uwTickFreq
                0x00000000200004a4        0x1 Drivers/STM32F4xx_HAL_Driver/Src/stm32f4xx_hal.o
                0x00000000200004a4                uwTickFreq
 *fill*         0x00000000200004a5        0x3 
 .data.uwTickPrio
                0x00000000200004a8        0x4 Drivers/STM32F4xx_HAL_Driver/Src/stm32f4xx_hal.o
                0x00000000200004a8                uwTickPrio
 .data.keyword_model_sizes
                0x00000000200004ac        0x4 Src/main.o
 .data.keyword_models
                0x00000000200004b0        0x4 Src/main.o
 .data.last_read_index