stm32f4xx_hal_pwr.c:92:6:HAL_PWR_DeInit	0	static
stm32f4xx_hal_pwr.c:105:6:HAL_PWR_EnableBkUpAccess	0	static
stm32f4xx_hal_pwr.c:117:6:HAL_PWR_DisableBkUpAccess	0	static
stm32f4xx_hal_pwr.c:252:6:HAL_PWR_ConfigPVD	8	static
stm32f4xx_hal_pwr.c:295:6:HAL_PWR_EnablePVD	0	static
stm32f4xx_hal_pwr.c:304:6:HAL_PWR_DisablePVD	0	static
stm32f4xx_hal_pwr.c:318:6:HAL_PWR_EnableWakeUpPin	8	static
stm32f4xx_hal_pwr.c:336:6:HAL_PWR_DisableWakeUpPin	8	static
stm32f4xx_hal_pwr.c:365:6:HAL_PWR_EnterSLEEPMode	8	static,ignoring_inline_asm
stm32f4xx_hal_pwr.c:408:6:HAL_PWR_EnterSTOPMode	16	static,ignoring_inline_asm
stm32f4xx_hal_pwr.c:447:6:HAL_PWR_EnterSTANDBYMode	0	static,ignoring_inline_asm
stm32f4xx_hal_pwr.c:485:13:HAL_PWR_PVDCallback	0	static
stm32f4xx_hal_pwr.c:468:6:HAL_PWR_PVD_IRQHandler	8	static
stm32f4xx_hal_pwr.c:500:6:HAL_PWR_EnableSleepOnExit	0	static
stm32f4xx_hal_pwr.c:512:6:HAL_PWR_DisableSleepOnExit	0	static
stm32f4xx_hal_pwr.c:524:6:HAL_PWR_EnableSEVOnPend	0	static
stm32f4xx_hal_pwr.c:536:6:HAL_PWR_DisableSEVOnPend	0	static
