stm32f4xx_hal.c:219:13:HAL_MspInit	0	static
stm32f4xx_hal.c:230:13:HAL_MspDeInit	0	static
stm32f4xx_hal.c:190:19:HAL_DeInit	8	static
stm32f4xx_hal.c:253:26:HAL_InitTick	16	static
stm32f4xx_hal.c:157:19:HAL_Init	8	static
stm32f4xx_hal.c:312:13:HAL_IncTick	0	static
stm32f4xx_hal.c:323:17:HAL_GetTick	0	static
stm32f4xx_hal.c:332:10:HAL_GetTickPrio	0	static
stm32f4xx_hal.c:341:19:HAL_SetTickFreq	16	static
stm32f4xx_hal.c:373:21:HAL_GetTickFreq	0	static
stm32f4xx_hal.c:389:13:HAL_Delay	16	static
stm32f4xx_hal.c:415:13:HAL_SuspendTick	0	static
stm32f4xx_hal.c:431:13:HAL_ResumeTick	0	static
stm32f4xx_hal.c:441:10:HAL_GetHalVersion	0	static
stm32f4xx_hal.c:450:10:HAL_GetREVID	0	static
stm32f4xx_hal.c:459:10:HAL_GetDEVID	0	static
stm32f4xx_hal.c:468:6:HAL_DBGMCU_EnableDBGSleepMode	0	static
stm32f4xx_hal.c:477:6:HAL_DBGMCU_DisableDBGSleepMode	0	static
stm32f4xx_hal.c:486:6:HAL_DBGMCU_EnableDBGStopMode	0	static
stm32f4xx_hal.c:495:6:HAL_DBGMCU_DisableDBGStopMode	0	static
stm32f4xx_hal.c:504:6:HAL_DBGMCU_EnableDBGStandbyMode	0	static
stm32f4xx_hal.c:513:6:HAL_DBGMCU_DisableDBGStandbyMode	0	static
stm32f4xx_hal.c:524:6:HAL_EnableCompensationCell	0	static
stm32f4xx_hal.c:535:6:HAL_DisableCompensationCell	0	static
stm32f4xx_hal.c:544:10:HAL_GetUIDw0	0	static
stm32f4xx_hal.c:553:10:HAL_GetUIDw1	0	static
stm32f4xx_hal.c:562:10:HAL_GetUIDw2	0	static
stm32f4xx_hal.c:579:6:HAL_EnableMemorySwappingBank	0	static
stm32f4xx_hal.c:594:6:HAL_DisableMemorySwappingBank	0	static
