stm32f4xx_hal_uart.c:3061:13:UART_SetConfig	16	static
stm32f4xx_hal_uart.c:2688:26:UART_WaitOnFlagUntilTimeout.constprop	24	static
stm32f4xx_hal_uart.c:669:13:HAL_UART_MspInit	0	static
stm32f4xx_hal_uart.c:317:19:HAL_UART_Init	16	static
stm32f4xx_hal_uart.c:394:19:HAL_HalfDuplex_Init	16	static
stm32f4xx_hal_uart.c:467:19:HAL_LIN_Init	16	static
stm32f4xx_hal_uart.c:548:19:HAL_MultiProcessor_Init	16	static
stm32f4xx_hal_uart.c:684:13:HAL_UART_MspDeInit	0	static
stm32f4xx_hal_uart.c:625:19:HAL_UART_DeInit	8	static
stm32f4xx_hal_uart.c:1024:19:HAL_UART_Transmit	40	static
stm32f4xx_hal_uart.c:1110:19:HAL_UART_Receive	40	static
stm32f4xx_hal_uart.c:1201:19:HAL_UART_Transmit_IT	8	static
stm32f4xx_hal_uart.c:1246:19:HAL_UART_Receive_IT	8	static
stm32f4xx_hal_uart.c:1297:19:HAL_UART_Transmit_DMA	16	static
stm32f4xx_hal_uart.c:1365:19:HAL_UART_Receive_DMA	24	static
stm32f4xx_hal_uart.c:1432:19:HAL_UART_DMAPause	4	static
stm32f4xx_hal_uart.c:1469:19:HAL_UART_DMAResume	8	static
stm32f4xx_hal_uart.c:1505:19:HAL_UART_DMAStop	8	static
stm32f4xx_hal_uart.c:1557:19:HAL_UART_Abort	8	static
stm32f4xx_hal_uart.c:1639:19:HAL_UART_AbortTransmit	8	static
stm32f4xx_hal_uart.c:1690:19:HAL_UART_AbortReceive	8	static
stm32f4xx_hal_uart.c:2165:13:HAL_UART_TxCpltCallback	0	static
stm32f4xx_hal_uart.c:2540:13:UART_DMATransmitCplt	8	static
stm32f4xx_hal_uart.c:2180:13:HAL_UART_TxHalfCpltCallback	0	static
stm32f4xx_hal_uart.c:2575:13:UART_DMATxHalfCplt	8	static
stm32f4xx_hal_uart.c:2195:13:HAL_UART_RxCpltCallback	0	static
stm32f4xx_hal_uart.c:2594:13:UART_DMAReceiveCplt	8	static
stm32f4xx_hal_uart.c:2990:26:UART_Receive_IT.part.1	8	static
stm32f4xx_hal_uart.c:2210:13:HAL_UART_RxHalfCpltCallback	0	static
stm32f4xx_hal_uart.c:2628:13:UART_DMARxHalfCplt	8	static
stm32f4xx_hal_uart.c:2225:13:HAL_UART_ErrorCallback	0	static
stm32f4xx_hal_uart.c:2647:13:UART_DMAError	8	static
stm32f4xx_hal_uart.c:2019:6:HAL_UART_IRQHandler	16	static
stm32f4xx_hal_uart.c:2751:13:UART_DMAAbortOnError	8	static
stm32f4xx_hal_uart.c:2239:13:HAL_UART_AbortCpltCallback	0	static
stm32f4xx_hal_uart.c:1744:19:HAL_UART_Abort_IT	8	static
stm32f4xx_hal_uart.c:2820:13:UART_DMARxAbortCallback	8	static
stm32f4xx_hal_uart.c:2775:13:UART_DMATxAbortCallback	8	static
stm32f4xx_hal_uart.c:2254:13:HAL_UART_AbortTransmitCpltCallback	0	static
stm32f4xx_hal_uart.c:1872:19:HAL_UART_AbortTransmit_IT	8	static
stm32f4xx_hal_uart.c:2865:13:UART_DMATxOnlyAbortCallback	8	static
stm32f4xx_hal_uart.c:2269:13:HAL_UART_AbortReceiveCpltCallback	0	static
stm32f4xx_hal_uart.c:1949:19:HAL_UART_AbortReceive_IT	8	static
stm32f4xx_hal_uart.c:2893:13:UART_DMARxOnlyAbortCallback	8	static
stm32f4xx_hal_uart.c:2308:19:HAL_LIN_SendBreak	16	static
stm32f4xx_hal_uart.c:2335:19:HAL_MultiProcessor_EnterMuteMode	16	static
stm32f4xx_hal_uart.c:2362:19:HAL_MultiProcessor_ExitMuteMode	16	static
stm32f4xx_hal_uart.c:2389:19:HAL_HalfDuplex_EnableTransmitter	4	static
stm32f4xx_hal_uart.c:2424:19:HAL_HalfDuplex_EnableReceiver	4	static
stm32f4xx_hal_uart.c:2481:23:HAL_UART_GetState	0	static
stm32f4xx_hal_uart.c:2496:10:HAL_UART_GetError	0	static
