stm32f4xx_hal_rcc_ex.c:868:19:HAL_RCCEx_PeriphCLKConfig	32	static
stm32f4xx_hal_rcc_ex.c:1153:6:HAL_RCCEx_GetPeriphCLKConfig	0	static
stm32f4xx_hal_rcc_ex.c:1203:10:HAL_RCCEx_GetPeriphCLKFreq	0	static
stm32f4xx_hal_rcc_ex.c:2768:6:HAL_RCCEx_SelectLSEMode	8	static
stm32f4xx_hal_rcc_ex.c:2805:19:HAL_RCCEx_EnablePLLI2S	16	static
stm32f4xx_hal_rcc_ex.c:2888:19:HAL_RCCEx_DisablePLLI2S	16	static
stm32f4xx_hal_rcc_ex.c:2918:19:HAL_RCCEx_EnablePLLSAI	16	static
stm32f4xx_hal_rcc_ex.c:2992:19:HAL_RCCEx_DisablePLLSAI	16	static
stm32f4xx_hal_rcc_ex.c:3145:19:HAL_RCC_DeInit	16	static
stm32f4xx_hal_rcc_ex.c:3335:19:HAL_RCC_OscConfig	32	static
stm32f4xx_hal_rcc_ex.c:3672:6:HAL_RCC_GetOscConfig	0	static
