stm32f4xx_hal_tim.c:5859:13:TIM_OC1_SetConfig	32	static
stm32f4xx_hal_tim.c:6010:13:TIM_OC3_SetConfig	32	static
stm32f4xx_hal_tim.c:6084:13:TIM_OC4_SetConfig	32	static
stm32f4xx_hal_tim.c:6144:26:TIM_SlaveTimer_SetConfig	16	static
stm32f4xx_hal_tim.c:353:13:HAL_TIM_Base_MspInit	0	static
stm32f4xx_hal_tim.c:368:13:HAL_TIM_Base_MspDeInit	0	static
stm32f4xx_hal_tim.c:317:19:HAL_TIM_Base_DeInit	8	static
stm32f4xx_hal_tim.c:384:19:HAL_TIM_Base_Start	8	static
stm32f4xx_hal_tim.c:413:19:HAL_TIM_Base_Stop	8	static
stm32f4xx_hal_tim.c:436:19:HAL_TIM_Base_Start_IT	8	static
stm32f4xx_hal_tim.c:462:19:HAL_TIM_Base_Stop_IT	8	static
stm32f4xx_hal_tim.c:483:19:HAL_TIM_Base_Start_DMA	24	static
stm32f4xx_hal_tim.c:542:19:HAL_TIM_Base_Stop_DMA	8	static
stm32f4xx_hal_tim.c:685:13:HAL_TIM_OC_MspInit	0	static
stm32f4xx_hal_tim.c:700:13:HAL_TIM_OC_MspDeInit	0	static
stm32f4xx_hal_tim.c:649:19:HAL_TIM_OC_DeInit	8	static
stm32f4xx_hal_tim.c:1258:13:HAL_TIM_PWM_MspInit	0	static
stm32f4xx_hal_tim.c:1273:13:HAL_TIM_PWM_MspDeInit	0	static
stm32f4xx_hal_tim.c:1222:19:HAL_TIM_PWM_DeInit	8	static
stm32f4xx_hal_tim.c:1832:13:HAL_TIM_IC_MspInit	0	static
stm32f4xx_hal_tim.c:1847:13:HAL_TIM_IC_MspDeInit	0	static
stm32f4xx_hal_tim.c:1796:19:HAL_TIM_IC_DeInit	8	static
stm32f4xx_hal_tim.c:2378:13:HAL_TIM_OnePulse_MspInit	0	static
stm32f4xx_hal_tim.c:2393:13:HAL_TIM_OnePulse_MspDeInit	0	static
stm32f4xx_hal_tim.c:2342:19:HAL_TIM_OnePulse_DeInit	8	static
stm32f4xx_hal_tim.c:2737:13:HAL_TIM_Encoder_MspInit	0	static
stm32f4xx_hal_tim.c:2752:13:HAL_TIM_Encoder_MspDeInit	0	static
stm32f4xx_hal_tim.c:2701:19:HAL_TIM_Encoder_DeInit	8	static
stm32f4xx_hal_tim.c:3813:19:HAL_TIM_DMABurst_WriteStart	24	static
stm32f4xx_hal_tim.c:3982:19:HAL_TIM_DMABurst_WriteStop	16	static
stm32f4xx_hal_tim.c:4078:19:HAL_TIM_DMABurst_ReadStart	24	static
stm32f4xx_hal_tim.c:4242:19:HAL_TIM_DMABurst_ReadStop	16	static
stm32f4xx_hal_tim.c:4320:19:HAL_TIM_GenerateEvent	16	static
stm32f4xx_hal_tim.c:4357:19:HAL_TIM_ConfigOCrefClear	16	static
stm32f4xx_hal_tim.c:4481:19:HAL_TIM_ConfigClockSource	16	static
stm32f4xx_hal_tim.c:4633:19:HAL_TIM_ConfigTI1Input	16	static
stm32f4xx_hal_tim.c:4665:19:HAL_TIM_SlaveConfigSynchro	16	static
stm32f4xx_hal_tim.c:4705:19:HAL_TIM_SlaveConfigSynchro_IT	16	static
stm32f4xx_hal_tim.c:4748:10:HAL_TIM_ReadCapturedValue	8	static
stm32f4xx_hal_tim.c:4832:13:HAL_TIM_PeriodElapsedCallback	0	static
stm32f4xx_hal_tim.c:5738:13:TIM_DMAPeriodElapsedCplt	8	static
stm32f4xx_hal_tim.c:4847:13:HAL_TIM_PeriodElapsedHalfCpltCallback	0	static
stm32f4xx_hal_tim.c:5756:13:TIM_DMAPeriodElapsedHalfCplt	8	static
stm32f4xx_hal_tim.c:4862:13:HAL_TIM_OC_DelayElapsedCallback	0	static
stm32f4xx_hal_tim.c:4877:13:HAL_TIM_IC_CaptureCallback	0	static
stm32f4xx_hal_tim.c:5656:6:TIM_DMACaptureCplt	8	static
stm32f4xx_hal_tim.c:4892:13:HAL_TIM_IC_CaptureHalfCpltCallback	0	static
stm32f4xx_hal_tim.c:5697:6:TIM_DMACaptureHalfCplt	8	static
stm32f4xx_hal_tim.c:4907:13:HAL_TIM_PWM_PulseFinishedCallback	0	static
stm32f4xx_hal_tim.c:5574:6:TIM_DMADelayPulseCplt	8	static
stm32f4xx_hal_tim.c:4922:13:HAL_TIM_PWM_PulseFinishedHalfCpltCallback	0	static
stm32f4xx_hal_tim.c:5615:6:TIM_DMADelayPulseHalfCplt	8	static
stm32f4xx_hal_tim.c:4937:13:HAL_TIM_TriggerCallback	0	static
stm32f4xx_hal_tim.c:3167:6:HAL_TIM_IRQHandler	8	static
stm32f4xx_hal_tim.c:5774:13:TIM_DMATriggerCplt	8	static
stm32f4xx_hal_tim.c:4952:13:HAL_TIM_TriggerHalfCpltCallback	0	static
stm32f4xx_hal_tim.c:5792:13:TIM_DMATriggerHalfCplt	8	static
stm32f4xx_hal_tim.c:4967:13:HAL_TIM_ErrorCallback	0	static
stm32f4xx_hal_tim.c:5556:6:TIM_DMAError	8	static
stm32f4xx_hal_tim.c:5484:22:HAL_TIM_Base_GetState	0	static
stm32f4xx_hal_tim.c:5494:22:HAL_TIM_OC_GetState	0	static
stm32f4xx_hal_tim.c:5504:22:HAL_TIM_PWM_GetState	0	static
stm32f4xx_hal_tim.c:5514:22:HAL_TIM_IC_GetState	0	static
stm32f4xx_hal_tim.c:5524:22:HAL_TIM_OnePulse_GetState	0	static
stm32f4xx_hal_tim.c:5534:22:HAL_TIM_Encoder_GetState	0	static
stm32f4xx_hal_tim.c:5811:6:TIM_Base_SetConfig	16	static
stm32f4xx_hal_tim.c:265:19:HAL_TIM_Base_Init	8	static
stm32f4xx_hal_tim.c:597:19:HAL_TIM_OC_Init	8	static
stm32f4xx_hal_tim.c:1170:19:HAL_TIM_PWM_Init	8	static
stm32f4xx_hal_tim.c:1744:19:HAL_TIM_IC_Init	8	static
stm32f4xx_hal_tim.c:2283:19:HAL_TIM_OnePulse_Init	16	static
stm32f4xx_hal_tim.c:2596:19:HAL_TIM_Encoder_Init	32	static
stm32f4xx_hal_tim.c:5934:6:TIM_OC2_SetConfig	32	static
stm32f4xx_hal_tim.c:3382:19:HAL_TIM_OC_ConfigChannel	16	static
stm32f4xx_hal_tim.c:3559:19:HAL_TIM_PWM_ConfigChannel	16	static
stm32f4xx_hal_tim.c:6275:6:TIM_TI1_SetConfig	12	static
stm32f4xx_hal_tim.c:3462:19:HAL_TIM_IC_ConfigChannel	24	static
stm32f4xx_hal_tim.c:3674:19:HAL_TIM_OnePulse_ConfigChannel	56	static
stm32f4xx_hal_tim.c:6569:6:TIM_ETR_SetConfig	0	static
stm32f4xx_hal_tim.c:6599:6:TIM_CCxChannelCmd	24	static
stm32f4xx_hal_tim.c:721:19:HAL_TIM_OC_Start	16	static
stm32f4xx_hal_tim.c:759:19:HAL_TIM_OC_Stop	16	static
stm32f4xx_hal_tim.c:791:19:HAL_TIM_OC_Start_IT	16	static
stm32f4xx_hal_tim.c:863:19:HAL_TIM_OC_Stop_IT	16	static
stm32f4xx_hal_tim.c:931:19:HAL_TIM_OC_Start_DMA	32	static
stm32f4xx_hal_tim.c:1073:19:HAL_TIM_OC_Stop_DMA	16	static
stm32f4xx_hal_tim.c:1294:19:HAL_TIM_PWM_Start	16	static
stm32f4xx_hal_tim.c:1332:19:HAL_TIM_PWM_Stop	16	static
stm32f4xx_hal_tim.c:1367:19:HAL_TIM_PWM_Start_IT	16	static
stm32f4xx_hal_tim.c:1438:19:HAL_TIM_PWM_Stop_IT	16	static
stm32f4xx_hal_tim.c:1506:19:HAL_TIM_PWM_Start_DMA	32	static
stm32f4xx_hal_tim.c:1647:19:HAL_TIM_PWM_Stop_DMA	16	static
stm32f4xx_hal_tim.c:1868:19:HAL_TIM_IC_Start	16	static
stm32f4xx_hal_tim.c:1900:19:HAL_TIM_IC_Stop	16	static
stm32f4xx_hal_tim.c:1926:19:HAL_TIM_IC_Start_IT	16	static
stm32f4xx_hal_tim.c:1991:19:HAL_TIM_IC_Stop_IT	16	static
stm32f4xx_hal_tim.c:2053:19:HAL_TIM_IC_Start_DMA	32	static
stm32f4xx_hal_tim.c:2188:19:HAL_TIM_IC_Stop_DMA	16	static
stm32f4xx_hal_tim.c:2412:19:HAL_TIM_OnePulse_Start	8	static
stm32f4xx_hal_tim.c:2448:19:HAL_TIM_OnePulse_Stop	8	static
stm32f4xx_hal_tim.c:2484:19:HAL_TIM_OnePulse_Start_IT	8	static
stm32f4xx_hal_tim.c:2526:19:HAL_TIM_OnePulse_Stop_IT	8	static
stm32f4xx_hal_tim.c:2772:19:HAL_TIM_Encoder_Start	16	static
stm32f4xx_hal_tim.c:2816:19:HAL_TIM_Encoder_Stop	16	static
stm32f4xx_hal_tim.c:2862:19:HAL_TIM_Encoder_Start_IT	16	static
stm32f4xx_hal_tim.c:2912:19:HAL_TIM_Encoder_Stop_IT	16	static
stm32f4xx_hal_tim.c:2966:19:HAL_TIM_Encoder_Start_DMA	40	static
stm32f4xx_hal_tim.c:3101:19:HAL_TIM_Encoder_Stop_DMA	16	static
