stm32f4xx_hal_i2s.c:2051:26:I2S_WaitFlagStateUntilTimeout	32	static
stm32f4xx_hal_i2s.c:537:13:HAL_I2S_MspInit	0	static
stm32f4xx_hal_i2s.c:265:19:HAL_I2S_Init	24	static
stm32f4xx_hal_i2s.c:553:13:HAL_I2S_MspDeInit	0	static
stm32f4xx_hal_i2s.c:493:19:HAL_I2S_DeInit	8	static
stm32f4xx_hal_i2s.c:840:19:HAL_I2S_Transmit	40	static
stm32f4xx_hal_i2s.c:959:19:HAL_I2S_Receive	24	static
stm32f4xx_hal_i2s.c:1057:19:HAL_I2S_Transmit_IT	8	static
stm32f4xx_hal_i2s.c:1123:19:HAL_I2S_Receive_IT	8	static
stm32f4xx_hal_i2s.c:1187:19:HAL_I2S_Transmit_DMA	16	static
stm32f4xx_hal_i2s.c:1278:19:HAL_I2S_Receive_DMA	24	static
stm32f4xx_hal_i2s.c:1367:19:HAL_I2S_DMAPause	4	static
stm32f4xx_hal_i2s.c:1407:19:HAL_I2S_DMAResume	4	static
stm32f4xx_hal_i2s.c:1461:19:HAL_I2S_DMAStop	48	static
stm32f4xx_hal_i2s.c:1659:6:HAL_I2S_IRQHandler	0	static
stm32f4xx_hal_i2s.c:1671:13:HAL_I2S_TxHalfCpltCallback	0	static
stm32f4xx_hal_i2s.c:1829:13:I2S_DMATxHalfCplt	8	static
stm32f4xx_hal_i2s.c:1687:13:HAL_I2S_TxCpltCallback	0	static
stm32f4xx_hal_i2s.c:1802:13:I2S_DMATxCplt	8	static
stm32f4xx_hal_i2s.c:1703:13:HAL_I2S_RxHalfCpltCallback	0	static
stm32f4xx_hal_i2s.c:1873:13:I2S_DMARxHalfCplt	8	static
stm32f4xx_hal_i2s.c:1719:13:HAL_I2S_RxCpltCallback	0	static
stm32f4xx_hal_i2s.c:1847:13:I2S_DMARxCplt	8	static
stm32f4xx_hal_i2s.c:1735:13:HAL_I2S_ErrorCallback	0	static
stm32f4xx_hal_i2s.c:1974:13:I2S_IRQHandler	24	static
stm32f4xx_hal_i2s.c:1891:13:I2S_DMAError	8	static
stm32f4xx_hal_i2s.c:1770:22:HAL_I2S_GetState	0	static
stm32f4xx_hal_i2s.c:1781:10:HAL_I2S_GetError	0	static
