stm32f4xx_hal_i2s_ex.c:946:13:I2SEx_TxRxDMAError	4	static
stm32f4xx_hal_i2s_ex.c:1094:26:I2SEx_FullDuplexWaitFlagStateUntilTimeout.constprop	32	static
stm32f4xx_hal_i2s_ex.c:205:19:HAL_I2SEx_TransmitReceive	56	static
stm32f4xx_hal_i2s_ex.c:423:19:HAL_I2SEx_TransmitReceive_IT	8	static
stm32f4xx_hal_i2s_ex.c:533:19:HAL_I2SEx_TransmitReceive_DMA	40	static
stm32f4xx_hal_i2s_ex.c:815:13:HAL_I2SEx_TxRxHalfCpltCallback	0	static
stm32f4xx_hal_i2s_ex.c:858:13:I2SEx_TxRxDMAHalfCplt	8	static
stm32f4xx_hal_i2s_ex.c:830:13:HAL_I2SEx_TxRxCpltCallback	0	static
stm32f4xx_hal_i2s_ex.c:876:13:I2SEx_TxRxDMACplt	16	static
stm32f4xx_hal_i2s_ex.c:669:6:HAL_I2SEx_FullDuplex_IRQHandler	40	static
