wm8994.c:879:10:wm8994_SetOutputMode	8	static
wm8994.c:966:10:wm8994_SetFrequency	8	static
wm8994.c:1026:10:wm8994_Reset	8	static
wm8994.c:638:6:wm8994_DeInit	0	static
wm8994.c:649:10:wm8994_ReadID	8	static
wm8994.c:844:10:wm8994_SetMute.part.0	8	static
wm8994.c:844:10:wm8994_SetMute	8	static
wm8994.c:663:10:wm8994_Play	0	static
wm8994.c:698:10:wm8994_Resume	0	static
wm8994.c:679:10:wm8994_Pause	8	static
wm8994.c:768:10:wm8994_SetVolume	24	static
wm8994.c:137:10:wm8994_Init	32	static
wm8994.c:722:10:wm8994_Stop	16	static
