stm32f7xx_hal.c:197:13:HAL_MspInit	0	static
stm32f7xx_hal.c:208:13:HAL_MspDeInit	0	static
stm32f7xx_hal.c:168:19:HAL_DeInit	8	static
stm32f7xx_hal.c:231:26:HAL_InitTick	8	static
stm32f7xx_hal.c:138:19:HAL_Init	8	static
stm32f7xx_hal.c:290:13:HAL_IncTick	0	static
stm32f7xx_hal.c:301:17:HAL_GetTick	0	static
stm32f7xx_hal.c:310:10:HAL_GetTickPrio	0	static
stm32f7xx_hal.c:319:19:HAL_SetTickFreq	16	static
stm32f7xx_hal.c:351:21:HAL_GetTickFreq	0	static
stm32f7xx_hal.c:367:13:HAL_Delay	16	static
stm32f7xx_hal.c:393:13:HAL_SuspendTick	0	static
stm32f7xx_hal.c:409:13:HAL_ResumeTick	0	static
stm32f7xx_hal.c:419:10:HAL_GetHalVersion	0	static
stm32f7xx_hal.c:428:10:HAL_GetREVID	0	static
stm32f7xx_hal.c:437:10:HAL_GetDEVID	0	static
stm32f7xx_hal.c:446:10:HAL_GetUIDw0	0	static
stm32f7xx_hal.c:455:10:HAL_GetUIDw1	0	static
stm32f7xx_hal.c:464:10:HAL_GetUIDw2	0	static
stm32f7xx_hal.c:473:6:HAL_DBGMCU_EnableDBGSleepMode	0	static
stm32f7xx_hal.c:482:6:HAL_DBGMCU_DisableDBGSleepMode	0	static
stm32f7xx_hal.c:491:6:HAL_DBGMCU_EnableDBGStopMode	0	static
stm32f7xx_hal.c:500:6:HAL_DBGMCU_DisableDBGStopMode	0	static
stm32f7xx_hal.c:509:6:HAL_DBGMCU_EnableDBGStandbyMode	0	static
stm32f7xx_hal.c:518:6:HAL_DBGMCU_DisableDBGStandbyMode	0	static
stm32f7xx_hal.c:529:6:HAL_EnableCompensationCell	0	static
stm32f7xx_hal.c:540:6:HAL_DisableCompensationCell	0	static
stm32f7xx_hal.c:553:6:HAL_EnableFMCMemorySwapping	0	static
stm32f7xx_hal.c:566:6:HAL_DisableFMCMemorySwapping	0	static
stm32f7xx_hal.c:583:6:HAL_EnableMemorySwappingBank	0	static
stm32f7xx_hal.c:598:6:HAL_DisableMemorySwappingBank	0	static
