stm32f7xx_hal_dfsdm.c:3381:13:DFSDM_RegConvStart	0	static
stm32f7xx_hal_dfsdm.c:3422:13:DFSDM_RegConvStop	0	static
stm32f7xx_hal_dfsdm.c:3458:13:DFSDM_InjConvStart	4	static
stm32f7xx_hal_dfsdm.c:3502:13:DFSDM_InjConvStop	4	static
stm32f7xx_hal_dfsdm.c:3335:17:DFSDM_GetChannelFromInstance	0	static
stm32f7xx_hal_dfsdm.c:512:13:HAL_DFSDM_ChannelMspInit	0	static
stm32f7xx_hal_dfsdm.c:351:19:HAL_DFSDM_ChannelInit	24	static
stm32f7xx_hal_dfsdm.c:527:13:HAL_DFSDM_ChannelMspDeInit	0	static
stm32f7xx_hal_dfsdm.c:458:19:HAL_DFSDM_ChannelDeInit	16	static
stm32f7xx_hal_dfsdm.c:703:19:HAL_DFSDM_ChannelCkabStart	24	static
stm32f7xx_hal_dfsdm.c:756:19:HAL_DFSDM_ChannelPollForCkab	24	static
stm32f7xx_hal_dfsdm.c:806:19:HAL_DFSDM_ChannelCkabStop	8	static
stm32f7xx_hal_dfsdm.c:842:19:HAL_DFSDM_ChannelCkabStart_IT	24	static
stm32f7xx_hal_dfsdm.c:897:13:HAL_DFSDM_ChannelCkabCallback	0	static
stm32f7xx_hal_dfsdm.c:913:19:HAL_DFSDM_ChannelCkabStop_IT	8	static
stm32f7xx_hal_dfsdm.c:953:19:HAL_DFSDM_ChannelScdStart	4	static
stm32f7xx_hal_dfsdm.c:990:19:HAL_DFSDM_ChannelPollForScd	24	static
stm32f7xx_hal_dfsdm.c:1040:19:HAL_DFSDM_ChannelScdStop	8	static
stm32f7xx_hal_dfsdm.c:1077:19:HAL_DFSDM_ChannelScdStart_IT	8	static
stm32f7xx_hal_dfsdm.c:1116:13:HAL_DFSDM_ChannelScdCallback	0	static
stm32f7xx_hal_dfsdm.c:1132:19:HAL_DFSDM_ChannelScdStop_IT	8	static
stm32f7xx_hal_dfsdm.c:1167:9:HAL_DFSDM_ChannelGetAwdValue	0	static
stm32f7xx_hal_dfsdm.c:1179:19:HAL_DFSDM_ChannelModifyOffset	0	static
stm32f7xx_hal_dfsdm.c:1226:32:HAL_DFSDM_ChannelGetState	0	static
stm32f7xx_hal_dfsdm.c:1419:13:HAL_DFSDM_FilterMspInit	0	static
stm32f7xx_hal_dfsdm.c:1256:19:HAL_DFSDM_FilterInit	24	static
stm32f7xx_hal_dfsdm.c:1434:13:HAL_DFSDM_FilterMspDeInit	0	static
stm32f7xx_hal_dfsdm.c:1383:19:HAL_DFSDM_FilterDeInit	8	static
stm32f7xx_hal_dfsdm.c:1708:19:HAL_DFSDM_FilterConfigRegChannel	8	static
stm32f7xx_hal_dfsdm.c:1753:19:HAL_DFSDM_FilterConfigInjChannel	0	static
stm32f7xx_hal_dfsdm.c:1823:19:HAL_DFSDM_FilterRegularStart	8	static
stm32f7xx_hal_dfsdm.c:1917:19:HAL_DFSDM_FilterRegularStop	8	static
stm32f7xx_hal_dfsdm.c:1947:19:HAL_DFSDM_FilterRegularStart_IT	8	static
stm32f7xx_hal_dfsdm.c:1978:19:HAL_DFSDM_FilterRegularStop_IT	8	static
stm32f7xx_hal_dfsdm.c:2016:19:HAL_DFSDM_FilterRegularStart_DMA	24	static
stm32f7xx_hal_dfsdm.c:2093:19:HAL_DFSDM_FilterRegularMsbStart_DMA	24	static
stm32f7xx_hal_dfsdm.c:2164:19:HAL_DFSDM_FilterRegularStop_DMA	16	static
stm32f7xx_hal_dfsdm.c:2203:9:HAL_DFSDM_FilterGetRegularValue	0	static
stm32f7xx_hal_dfsdm.c:2231:19:HAL_DFSDM_FilterInjectedStart	8	static
stm32f7xx_hal_dfsdm.c:2335:19:HAL_DFSDM_FilterInjectedStop	8	static
stm32f7xx_hal_dfsdm.c:2365:19:HAL_DFSDM_FilterInjectedStart_IT	8	static
stm32f7xx_hal_dfsdm.c:2396:19:HAL_DFSDM_FilterInjectedStop_IT	8	static
stm32f7xx_hal_dfsdm.c:2434:19:HAL_DFSDM_FilterInjectedStart_DMA	24	static
stm32f7xx_hal_dfsdm.c:2509:19:HAL_DFSDM_FilterInjectedMsbStart_DMA	24	static
stm32f7xx_hal_dfsdm.c:2578:19:HAL_DFSDM_FilterInjectedStop_DMA	16	static
stm32f7xx_hal_dfsdm.c:2617:9:HAL_DFSDM_FilterGetInjectedValue	0	static
stm32f7xx_hal_dfsdm.c:2644:19:HAL_DFSDM_FilterAwdStart_IT	16	static
stm32f7xx_hal_dfsdm.c:2693:19:HAL_DFSDM_FilterAwdStop_IT	4	static
stm32f7xx_hal_dfsdm.c:2733:19:HAL_DFSDM_FilterExdStart	4	static
stm32f7xx_hal_dfsdm.c:2764:19:HAL_DFSDM_FilterExdStop	8	static
stm32f7xx_hal_dfsdm.c:2802:9:HAL_DFSDM_FilterGetExdMaxValue	0	static
stm32f7xx_hal_dfsdm.c:2830:9:HAL_DFSDM_FilterGetExdMinValue	0	static
stm32f7xx_hal_dfsdm.c:2857:10:HAL_DFSDM_FilterGetConvTimeValue	0	static
stm32f7xx_hal_dfsdm.c:3069:13:HAL_DFSDM_FilterRegConvCpltCallback	0	static
stm32f7xx_hal_dfsdm.c:3237:13:DFSDM_DMARegularConvCplt	8	static
stm32f7xx_hal_dfsdm.c:3084:13:HAL_DFSDM_FilterRegConvHalfCpltCallback	0	static
stm32f7xx_hal_dfsdm.c:3219:13:DFSDM_DMARegularHalfConvCplt	8	static
stm32f7xx_hal_dfsdm.c:3101:13:HAL_DFSDM_FilterInjConvCpltCallback	0	static
stm32f7xx_hal_dfsdm.c:3273:13:DFSDM_DMAInjectedConvCplt	8	static
stm32f7xx_hal_dfsdm.c:3116:13:HAL_DFSDM_FilterInjConvHalfCpltCallback	0	static
stm32f7xx_hal_dfsdm.c:3255:13:DFSDM_DMAInjectedHalfConvCplt	8	static
stm32f7xx_hal_dfsdm.c:3133:13:HAL_DFSDM_FilterAwdCallback	0	static
stm32f7xx_hal_dfsdm.c:3151:13:HAL_DFSDM_FilterErrorCallback	0	static
stm32f7xx_hal_dfsdm.c:1852:19:HAL_DFSDM_FilterPollForRegConversion	16	static
stm32f7xx_hal_dfsdm.c:3291:13:DFSDM_DMAError	8	static
stm32f7xx_hal_dfsdm.c:2260:19:HAL_DFSDM_FilterPollForInjConversion	24	static
stm32f7xx_hal_dfsdm.c:2880:6:HAL_DFSDM_IRQHandler	24	static
stm32f7xx_hal_dfsdm.c:3184:31:HAL_DFSDM_FilterGetState	0	static
stm32f7xx_hal_dfsdm.c:3195:10:HAL_DFSDM_FilterGetError	0	static
