stm32f7xx_hal_uart.c:3452:13:UART_TxISR_16BIT	0	static
stm32f7xx_hal_uart.c:3423:13:UART_TxISR_8BIT	0	static
stm32f7xx_hal_uart.c:649:13:HAL_UART_MspInit	0	static
stm32f7xx_hal_uart.c:664:13:HAL_UART_MspDeInit	0	static
stm32f7xx_hal_uart.c:604:19:HAL_UART_DeInit	16	static
stm32f7xx_hal_uart.c:1181:19:HAL_UART_Transmit_IT	8	static
stm32f7xx_hal_uart.c:1234:19:HAL_UART_Receive_IT	8	static
stm32f7xx_hal_uart.c:1293:19:HAL_UART_Transmit_DMA	24	static
stm32f7xx_hal_uart.c:1369:19:HAL_UART_Receive_DMA	24	static
stm32f7xx_hal_uart.c:1440:19:HAL_UART_DMAPause	8	static
stm32f7xx_hal_uart.c:1474:19:HAL_UART_DMAResume	0	static
stm32f7xx_hal_uart.c:1506:19:HAL_UART_DMAStop	16	static
stm32f7xx_hal_uart.c:1581:19:HAL_UART_Abort	16	static
stm32f7xx_hal_uart.c:1669:19:HAL_UART_AbortTransmit	8	static
stm32f7xx_hal_uart.c:1721:19:HAL_UART_AbortReceive	8	static
stm32f7xx_hal_uart.c:2294:13:HAL_UART_TxCpltCallback	0	static
stm32f7xx_hal_uart.c:3095:13:UART_DMATransmitCplt	8	static
stm32f7xx_hal_uart.c:2309:13:HAL_UART_TxHalfCpltCallback	0	static
stm32f7xx_hal_uart.c:3129:13:UART_DMATxHalfCplt	8	static
stm32f7xx_hal_uart.c:2324:13:HAL_UART_RxCpltCallback	0	static
stm32f7xx_hal_uart.c:3509:13:UART_RxISR_8BIT	16	static
stm32f7xx_hal_uart.c:3559:13:UART_RxISR_16BIT	16	static
stm32f7xx_hal_uart.c:3147:13:UART_DMAReceiveCplt	8	static
stm32f7xx_hal_uart.c:2339:13:HAL_UART_RxHalfCpltCallback	0	static
stm32f7xx_hal_uart.c:3182:13:UART_DMARxHalfCplt	8	static
stm32f7xx_hal_uart.c:2354:13:HAL_UART_ErrorCallback	0	static
stm32f7xx_hal_uart.c:3200:13:UART_DMAError	8	static
stm32f7xx_hal_uart.c:3240:13:UART_DMAAbortOnError	8	static
stm32f7xx_hal_uart.c:2369:13:HAL_UART_AbortCpltCallback	0	static
stm32f7xx_hal_uart.c:1781:19:HAL_UART_Abort_IT	16	static
stm32f7xx_hal_uart.c:3312:13:UART_DMARxAbortCallback	16	static
stm32f7xx_hal_uart.c:3263:13:UART_DMATxAbortCallback	16	static
stm32f7xx_hal_uart.c:2384:13:HAL_UART_AbortTransmitCpltCallback	0	static
stm32f7xx_hal_uart.c:1920:19:HAL_UART_AbortTransmit_IT	8	static
stm32f7xx_hal_uart.c:3363:13:UART_DMATxOnlyAbortCallback	8	static
stm32f7xx_hal_uart.c:2399:13:HAL_UART_AbortReceiveCpltCallback	0	static
stm32f7xx_hal_uart.c:2004:19:HAL_UART_AbortReceive_IT	16	static
stm32f7xx_hal_uart.c:3391:13:UART_DMARxOnlyAbortCallback	16	static
stm32f7xx_hal_uart.c:2415:13:HAL_UARTEx_WakeupCallback	0	static
stm32f7xx_hal_uart.c:2088:6:HAL_UART_IRQHandler	16	static
stm32f7xx_hal_uart.c:2463:6:HAL_UART_ReceiverTimeout_Config	0	static
stm32f7xx_hal_uart.c:2475:19:HAL_UART_EnableReceiverTimeout	8	static
stm32f7xx_hal_uart.c:2506:19:HAL_UART_DisableReceiverTimeout	8	static
stm32f7xx_hal_uart.c:2577:6:HAL_MultiProcessor_EnterMuteMode	0	static
stm32f7xx_hal_uart.c:2587:19:HAL_HalfDuplex_EnableTransmitter	8	static
stm32f7xx_hal_uart.c:2610:19:HAL_HalfDuplex_EnableReceiver	8	static
stm32f7xx_hal_uart.c:2634:19:HAL_LIN_SendBreak	8	static
stm32f7xx_hal_uart.c:2679:23:HAL_UART_GetState	0	static
stm32f7xx_hal_uart.c:2695:10:HAL_UART_GetError	0	static
stm32f7xx_hal_uart.c:2740:19:UART_SetConfig	24	static
stm32f7xx_hal_uart.c:2880:6:UART_AdvFeatureConfig	4	static
stm32f7xx_hal_uart.c:3006:19:UART_WaitOnFlagUntilTimeout	32	static
stm32f7xx_hal_uart.c:1011:19:HAL_UART_Transmit	40	static
stm32f7xx_hal_uart.c:1096:19:HAL_UART_Receive	48	static
stm32f7xx_hal_uart.c:2954:19:UART_CheckIdleState	24	static
stm32f7xx_hal_uart.c:287:19:HAL_UART_Init	8	static
stm32f7xx_hal_uart.c:360:19:HAL_HalfDuplex_Init	8	static
stm32f7xx_hal_uart.c:433:19:HAL_LIN_Init	16	static
stm32f7xx_hal_uart.c:530:19:HAL_MultiProcessor_Init	16	static
stm32f7xx_hal_uart.c:2537:19:HAL_MultiProcessor_EnableMuteMode	8	static
stm32f7xx_hal_uart.c:2557:19:HAL_MultiProcessor_DisableMuteMode	8	static
