stm32f7xx_ll_sdmmc.c:1303:17:SDMMC_GetCmdResp2	4	static
stm32f7xx_ll_sdmmc.c:1347:17:SDMMC_GetCmdResp3	4	static
stm32f7xx_ll_sdmmc.c:1168:17:SDMMC_GetCmdResp1	4	static
stm32f7xx_ll_sdmmc.c:212:19:SDMMC_Init	12	static
stm32f7xx_ll_sdmmc.c:265:10:SDMMC_ReadFIFO	0	static
stm32f7xx_ll_sdmmc.c:277:19:SDMMC_WriteFIFO	0	static
stm32f7xx_ll_sdmmc.c:309:19:SDMMC_PowerState_ON	8	static
stm32f7xx_ll_sdmmc.c:326:19:SDMMC_PowerState_OFF	0	static
stm32f7xx_ll_sdmmc.c:343:10:SDMMC_GetPowerState	0	static
stm32f7xx_ll_sdmmc.c:356:19:SDMMC_SendCommand	12	static
stm32f7xx_ll_sdmmc.c:386:9:SDMMC_GetCommandResponse	0	static
stm32f7xx_ll_sdmmc.c:403:10:SDMMC_GetResponse	0	static
stm32f7xx_ll_sdmmc.c:424:19:SDMMC_ConfigData	8	static
stm32f7xx_ll_sdmmc.c:459:10:SDMMC_GetDataCounter	0	static
stm32f7xx_ll_sdmmc.c:469:10:SDMMC_GetFIFOCount	0	static
stm32f7xx_ll_sdmmc.c:483:19:SDMMC_SetSDMMCReadWaitMode	0	static
stm32f7xx_ll_sdmmc.c:518:10:SDMMC_CmdBlockLength	8	static
stm32f7xx_ll_sdmmc.c:542:10:SDMMC_CmdReadSingleBlock	12	static
stm32f7xx_ll_sdmmc.c:566:10:SDMMC_CmdReadMultiBlock	12	static
stm32f7xx_ll_sdmmc.c:590:10:SDMMC_CmdWriteSingleBlock	8	static
stm32f7xx_ll_sdmmc.c:614:10:SDMMC_CmdWriteMultiBlock	12	static
stm32f7xx_ll_sdmmc.c:638:10:SDMMC_CmdSDEraseStartAdd	8	static
stm32f7xx_ll_sdmmc.c:662:10:SDMMC_CmdSDEraseEndAdd	12	static
stm32f7xx_ll_sdmmc.c:686:10:SDMMC_CmdEraseStartAdd	12	static
stm32f7xx_ll_sdmmc.c:710:10:SDMMC_CmdEraseEndAdd	12	static
stm32f7xx_ll_sdmmc.c:734:10:SDMMC_CmdErase	12	static
stm32f7xx_ll_sdmmc.c:758:10:SDMMC_CmdStopTransfer	8	static
stm32f7xx_ll_sdmmc.c:783:10:SDMMC_CmdSelDesel	12	static
stm32f7xx_ll_sdmmc.c:807:10:SDMMC_CmdGoIdleState	4	static
stm32f7xx_ll_sdmmc.c:830:10:SDMMC_CmdOperCond	4	static
stm32f7xx_ll_sdmmc.c:861:10:SDMMC_CmdAppCommand	12	static
stm32f7xx_ll_sdmmc.c:889:10:SDMMC_CmdAppOperCommand	8	static
stm32f7xx_ll_sdmmc.c:913:10:SDMMC_CmdBusWidth	12	static
stm32f7xx_ll_sdmmc.c:936:10:SDMMC_CmdSendSCR	12	static
stm32f7xx_ll_sdmmc.c:960:10:SDMMC_CmdSendCID	4	static
stm32f7xx_ll_sdmmc.c:985:10:SDMMC_CmdSendCSD	4	static
stm32f7xx_ll_sdmmc.c:1010:10:SDMMC_CmdSetRelAdd	12	static
stm32f7xx_ll_sdmmc.c:1035:10:SDMMC_CmdSendStatus	12	static
stm32f7xx_ll_sdmmc.c:1058:10:SDMMC_CmdStatusRegister	12	static
stm32f7xx_ll_sdmmc.c:1083:10:SDMMC_CmdOpCondition	4	static
stm32f7xx_ll_sdmmc.c:1107:10:SDMMC_CmdSwitch	0	static
