stm32f7xx_hal_cortex.c:143:6:HAL_NVIC_SetPriorityGrouping	4	static
stm32f7xx_hal_cortex.c:165:6:HAL_NVIC_SetPriority	8	static
stm32f7xx_hal_cortex.c:187:6:HAL_NVIC_EnableIRQ	0	static
stm32f7xx_hal_cortex.c:203:6:HAL_NVIC_DisableIRQ	0	static,ignoring_inline_asm
stm32f7xx_hal_cortex.c:216:6:HAL_NVIC_SystemReset	0	static,ignoring_inline_asm
stm32f7xx_hal_cortex.c:229:10:HAL_SYSTICK_Config	8	static
stm32f7xx_hal_cortex.c:258:6:HAL_MPU_Disable	0	static,ignoring_inline_asm
stm32f7xx_hal_cortex.c:281:6:HAL_MPU_Enable	0	static,ignoring_inline_asm
stm32f7xx_hal_cortex.c:300:6:HAL_MPU_ConfigRegion	12	static
stm32f7xx_hal_cortex.c:344:10:HAL_NVIC_GetPriorityGrouping	0	static
stm32f7xx_hal_cortex.c:371:6:HAL_NVIC_GetPriority	8	static
stm32f7xx_hal_cortex.c:386:6:HAL_NVIC_SetPendingIRQ	0	static
stm32f7xx_hal_cortex.c:404:10:HAL_NVIC_GetPendingIRQ	0	static
stm32f7xx_hal_cortex.c:420:6:HAL_NVIC_ClearPendingIRQ	0	static
stm32f7xx_hal_cortex.c:437:10:HAL_NVIC_GetActive	0	static
stm32f7xx_hal_cortex.c:454:6:HAL_SYSTICK_CLKSourceConfig	0	static
stm32f7xx_hal_cortex.c:481:13:HAL_SYSTICK_Callback	0	static
stm32f7xx_hal_cortex.c:472:6:HAL_SYSTICK_IRQHandler	8	static
