stm32f7xx_ll_fmc.c:132:20:FMC_NORSRAM_Init	24	static
stm32f7xx_ll_fmc.c:209:19:FMC_NORSRAM_DeInit	4	static
stm32f7xx_ll_fmc.c:246:19:FMC_NORSRAM_Timing_Init	12	static
stm32f7xx_ll_fmc.c:300:20:FMC_NORSRAM_Extended_Timing_Init	12	static
stm32f7xx_ll_fmc.c:368:19:FMC_NORSRAM_WriteOperation_Enable	0	static
stm32f7xx_ll_fmc.c:386:19:FMC_NORSRAM_WriteOperation_Disable	0	static
stm32f7xx_ll_fmc.c:455:19:FMC_NAND_Init	12	static
stm32f7xx_ll_fmc.c:500:19:FMC_NAND_CommonSpace_Timing_Init	8	static
stm32f7xx_ll_fmc.c:539:19:FMC_NAND_AttributeSpace_Timing_Init	8	static
stm32f7xx_ll_fmc.c:575:19:FMC_NAND_DeInit	8	static
stm32f7xx_ll_fmc.c:619:19:FMC_NAND_ECC_Enable	0	static
stm32f7xx_ll_fmc.c:638:19:FMC_NAND_ECC_Disable	0	static
stm32f7xx_ll_fmc.c:658:19:FMC_NAND_GetECC	24	static
stm32f7xx_ll_fmc.c:742:19:FMC_SDRAM_Init	24	static
stm32f7xx_ll_fmc.c:823:19:FMC_SDRAM_Timing_Init	24	static
stm32f7xx_ll_fmc.c:893:19:FMC_SDRAM_DeInit	8	static
stm32f7xx_ll_fmc.c:934:19:FMC_SDRAM_WriteProtection_Enable	0	static
stm32f7xx_ll_fmc.c:951:19:FMC_SDRAM_WriteProtection_Disable	0	static
stm32f7xx_ll_fmc.c:971:19:FMC_SDRAM_SendCommand	16	static
stm32f7xx_ll_fmc.c:1000:19:FMC_SDRAM_ProgramRefreshRate	0	static
stm32f7xx_ll_fmc.c:1018:19:FMC_SDRAM_SetAutoRefreshNumber	0	static
stm32f7xx_ll_fmc.c:1039:10:FMC_SDRAM_GetModeStatus	0	static
