stm32f7xx_hal_dma2d.c:1930:13:DMA2D_SetConfig	12	static
stm32f7xx_hal_dma2d.c:403:13:HAL_DMA2D_MspInit	0	static
stm32f7xx_hal_dma2d.c:237:19:HAL_DMA2D_Init	24	static
stm32f7xx_hal_dma2d.c:419:13:HAL_DMA2D_MspDeInit	0	static
stm32f7xx_hal_dma2d.c:673:19:HAL_DMA2D_Start	32	static
stm32f7xx_hal_dma2d.c:707:19:HAL_DMA2D_Start_IT	32	static
stm32f7xx_hal_dma2d.c:742:19:HAL_DMA2D_BlendingStart	32	static
stm32f7xx_hal_dma2d.c:777:19:HAL_DMA2D_BlendingStart_IT	32	static
stm32f7xx_hal_dma2d.c:810:19:HAL_DMA2D_Abort	16	static
stm32f7xx_hal_dma2d.c:859:19:HAL_DMA2D_Suspend	16	static
stm32f7xx_hal_dma2d.c:908:19:HAL_DMA2D_Resume	0	static
stm32f7xx_hal_dma2d.c:936:19:HAL_DMA2D_EnableCLUT	4	static
stm32f7xx_hal_dma2d.c:974:19:HAL_DMA2D_CLUTLoad	24	static
stm32f7xx_hal_dma2d.c:1028:19:HAL_DMA2D_CLUTLoad_IT	24	static
stm32f7xx_hal_dma2d.c:1086:19:HAL_DMA2D_CLUTLoading_Abort	16	static
stm32f7xx_hal_dma2d.c:313:19:HAL_DMA2D_DeInit	16	static
stm32f7xx_hal_dma2d.c:1143:19:HAL_DMA2D_CLUTLoading_Suspend	16	static
stm32f7xx_hal_dma2d.c:1204:19:HAL_DMA2D_CLUTLoading_Resume	0	static
stm32f7xx_hal_dma2d.c:1247:19:HAL_DMA2D_PollForTransfer	24	static
stm32f7xx_hal_dma2d.c:1545:13:HAL_DMA2D_LineEventCallback	0	static
stm32f7xx_hal_dma2d.c:1561:13:HAL_DMA2D_CLUTLoadingCpltCallback	0	static
stm32f7xx_hal_dma2d.c:1375:6:HAL_DMA2D_IRQHandler	24	static
stm32f7xx_hal_dma2d.c:1604:19:HAL_DMA2D_ConfigLayer	16	static
stm32f7xx_hal_dma2d.c:1705:19:HAL_DMA2D_ConfigCLUT	24	static
stm32f7xx_hal_dma2d.c:1759:19:HAL_DMA2D_ProgramLineEvent	8	static
stm32f7xx_hal_dma2d.c:1797:19:HAL_DMA2D_EnableDeadTime	8	static
stm32f7xx_hal_dma2d.c:1820:19:HAL_DMA2D_DisableDeadTime	8	static
stm32f7xx_hal_dma2d.c:1846:19:HAL_DMA2D_ConfigDeadTime	12	static
stm32f7xx_hal_dma2d.c:1891:24:HAL_DMA2D_GetState	0	static
stm32f7xx_hal_dma2d.c:1902:10:HAL_DMA2D_GetError	0	static
