stm32f7xx_hal_sd.c:2461:13:SD_DMATransmitCplt	0	static
stm32f7xx_hal_sd.c:3062:17:SD_FindSCR	64	static
stm32f7xx_hal_sd.c:500:13:HAL_SD_MspInit	0	static
stm32f7xx_hal_sd.c:515:13:HAL_SD_MspDeInit	0	static
stm32f7xx_hal_sd.c:459:19:HAL_SD_DeInit	8	static
stm32f7xx_hal_sd.c:556:19:HAL_SD_ReadBlocks	56	static
stm32f7xx_hal_sd.c:778:19:HAL_SD_WriteBlocks	64	static
stm32f7xx_hal_sd.c:973:19:HAL_SD_ReadBlocks_IT	48	static
stm32f7xx_hal_sd.c:1076:19:HAL_SD_WriteBlocks_IT	48	static
stm32f7xx_hal_sd.c:1180:19:HAL_SD_ReadBlocks_DMA	56	static
stm32f7xx_hal_sd.c:1304:19:HAL_SD_WriteBlocks_DMA	48	static
stm32f7xx_hal_sd.c:1426:19:HAL_SD_Erase	32	static
stm32f7xx_hal_sd.c:1719:21:HAL_SD_GetState	0	static
stm32f7xx_hal_sd.c:1730:10:HAL_SD_GetError	0	static
stm32f7xx_hal_sd.c:1740:13:HAL_SD_TxCpltCallback	0	static
stm32f7xx_hal_sd.c:1755:13:HAL_SD_RxCpltCallback	0	static
stm32f7xx_hal_sd.c:1770:13:HAL_SD_ErrorCallback	0	static
stm32f7xx_hal_sd.c:2474:13:SD_DMAReceiveCplt	16	static
stm32f7xx_hal_sd.c:1785:13:HAL_SD_AbortCallback	0	static
stm32f7xx_hal_sd.c:1996:19:HAL_SD_GetCardCID	12	static
stm32f7xx_hal_sd.c:2029:19:HAL_SD_GetCardCSD	20	static
stm32f7xx_hal_sd.c:403:19:HAL_SD_InitCard	120	static
stm32f7xx_hal_sd.c:335:19:HAL_SD_Init	8	static
stm32f7xx_hal_sd.c:2143:19:HAL_SD_GetCardStatus	120	static
stm32f7xx_hal_sd.c:2191:19:HAL_SD_GetCardInfo	8	static
stm32f7xx_hal_sd.c:2216:19:HAL_SD_ConfigWideBusOperation	64	static
stm32f7xx_hal_sd.c:2287:25:HAL_SD_GetCardState	8	static
stm32f7xx_hal_sd.c:2516:13:SD_DMAError	8	static
stm32f7xx_hal_sd.c:2560:13:SD_DMATxAbort	8	static
stm32f7xx_hal_sd.c:1528:6:HAL_SD_IRQHandler	32	static
stm32f7xx_hal_sd.c:2599:13:SD_DMARxAbort	0	static
stm32f7xx_hal_sd.c:2310:19:HAL_SD_Abort	8	static
stm32f7xx_hal_sd.c:2374:19:HAL_SD_Abort_IT	16	static
