stm32f7xx_hal_sai.c:2081:13:SAI_FillFifo	8	static
stm32f7xx_hal_sai.c:630:13:HAL_SAI_MspInit	0	static
stm32f7xx_hal_sai.c:361:19:HAL_SAI_Init	24	static
stm32f7xx_hal_sai.c:322:19:HAL_SAI_InitProtocol	16	static
stm32f7xx_hal_sai.c:646:13:HAL_SAI_MspDeInit	0	static
stm32f7xx_hal_sai.c:581:19:HAL_SAI_DeInit	16	static
stm32f7xx_hal_sai.c:887:19:HAL_SAI_Transmit	24	static
stm32f7xx_hal_sai.c:987:19:HAL_SAI_Receive	24	static
stm32f7xx_hal_sai.c:1084:19:HAL_SAI_Transmit_IT	16	static
stm32f7xx_hal_sai.c:1146:19:HAL_SAI_Receive_IT	8	static
stm32f7xx_hal_sai.c:1204:19:HAL_SAI_DMAPause	4	static
stm32f7xx_hal_sai.c:1224:19:HAL_SAI_DMAResume	0	static
stm32f7xx_hal_sai.c:1251:19:HAL_SAI_DMAStop	16	static
stm32f7xx_hal_sai.c:1310:19:HAL_SAI_Abort	16	static
stm32f7xx_hal_sai.c:1378:19:HAL_SAI_Transmit_DMA	24	static
stm32f7xx_hal_sai.c:1447:19:HAL_SAI_Receive_DMA	24	static
stm32f7xx_hal_sai.c:1516:19:HAL_SAI_EnableTxMuteMode	0	static
stm32f7xx_hal_sai.c:1535:19:HAL_SAI_DisableTxMuteMode	0	static
stm32f7xx_hal_sai.c:1553:19:HAL_SAI_EnableRxMuteMode	8	static
stm32f7xx_hal_sai.c:1576:19:HAL_SAI_DisableRxMuteMode	4	static
stm32f7xx_hal_sai.c:1781:13:HAL_SAI_TxCpltCallback	0	static
stm32f7xx_hal_sai.c:2230:13:SAI_Transmit_IT32Bit.part.0	16	static
stm32f7xx_hal_sai.c:2201:13:SAI_Transmit_IT16Bit	4	static
stm32f7xx_hal_sai.c:2173:13:SAI_Transmit_IT8Bit	4	static
stm32f7xx_hal_sai.c:2230:13:SAI_Transmit_IT32Bit	4	static
stm32f7xx_hal_sai.c:2351:13:SAI_DMATxCplt	8	static
stm32f7xx_hal_sai.c:1797:14:HAL_SAI_TxHalfCpltCallback	0	static
stm32f7xx_hal_sai.c:2380:13:SAI_DMATxHalfCplt	8	static
stm32f7xx_hal_sai.c:1813:13:HAL_SAI_RxCpltCallback	0	static
stm32f7xx_hal_sai.c:2320:13:SAI_Receive_IT32Bit	16	static
stm32f7xx_hal_sai.c:2289:13:SAI_Receive_IT16Bit	16	static
stm32f7xx_hal_sai.c:2259:13:SAI_Receive_IT8Bit	16	static
stm32f7xx_hal_sai.c:2397:13:SAI_DMARxCplt	16	static
stm32f7xx_hal_sai.c:1829:13:HAL_SAI_RxHalfCpltCallback	0	static
stm32f7xx_hal_sai.c:2425:13:SAI_DMARxHalfCplt	8	static
stm32f7xx_hal_sai.c:1845:13:HAL_SAI_ErrorCallback	0	static
stm32f7xx_hal_sai.c:2442:13:SAI_DMAError	8	static
stm32f7xx_hal_sai.c:1595:6:HAL_SAI_IRQHandler	24	static
stm32f7xx_hal_sai.c:2477:13:SAI_DMAAbort	8	static
stm32f7xx_hal_sai.c:1880:22:HAL_SAI_GetState	0	static
stm32f7xx_hal_sai.c:1891:10:HAL_SAI_GetError	0	static
