stm32f7xx_hal_i2c.c:6423:13:I2C_Disable_IRQ	0	static
stm32f7xx_hal_i2c.c:6265:26:I2C_IsAcknowledgeFailed.part.1	16	static
stm32f7xx_hal_i2c.c:6202:26:I2C_WaitOnRXNEFlagUntilTimeout	16	static
stm32f7xx_hal_i2c.c:6131:26:I2C_WaitOnTXISFlagUntilTimeout	16	static
stm32f7xx_hal_i2c.c:6168:26:I2C_WaitOnSTOPFlagUntilTimeout	24	static
stm32f7xx_hal_i2c.c:6101:26:I2C_WaitOnFlagUntilTimeout	24	static
stm32f7xx_hal_i2c.c:5122:26:I2C_RequestMemoryWrite	32	static
stm32f7xx_hal_i2c.c:5175:26:I2C_RequestMemoryRead	32	static
stm32f7xx_hal_i2c.c:624:13:HAL_I2C_MspInit	0	static
stm32f7xx_hal_i2c.c:469:19:HAL_I2C_Init	24	static
stm32f7xx_hal_i2c.c:640:13:HAL_I2C_MspDeInit	0	static
stm32f7xx_hal_i2c.c:578:19:HAL_I2C_DeInit	8	static
stm32f7xx_hal_i2c.c:1060:19:HAL_I2C_Master_Transmit	40	static
stm32f7xx_hal_i2c.c:1174:19:HAL_I2C_Master_Receive	40	static
stm32f7xx_hal_i2c.c:1287:19:HAL_I2C_Slave_Transmit	48	static
stm32f7xx_hal_i2c.c:1424:19:HAL_I2C_Slave_Receive	48	static
stm32f7xx_hal_i2c.c:1550:19:HAL_I2C_Master_Transmit_IT	16	static
stm32f7xx_hal_i2c.c:1619:19:HAL_I2C_Master_Receive_IT	16	static
stm32f7xx_hal_i2c.c:1686:19:HAL_I2C_Slave_Transmit_IT	16	static
stm32f7xx_hal_i2c.c:1735:19:HAL_I2C_Slave_Receive_IT	16	static
stm32f7xx_hal_i2c.c:1786:19:HAL_I2C_Master_Transmit_DMA	32	static
stm32f7xx_hal_i2c.c:1929:19:HAL_I2C_Master_Receive_DMA	32	static
stm32f7xx_hal_i2c.c:2070:19:HAL_I2C_Slave_Transmit_DMA	24	static
stm32f7xx_hal_i2c.c:2173:19:HAL_I2C_Slave_Receive_DMA	24	static
stm32f7xx_hal_i2c.c:2280:19:HAL_I2C_Mem_Write	48	static
stm32f7xx_hal_i2c.c:2415:19:HAL_I2C_Mem_Read	48	static
stm32f7xx_hal_i2c.c:2548:19:HAL_I2C_Mem_Write_IT	40	static
stm32f7xx_hal_i2c.c:2639:19:HAL_I2C_Mem_Read_IT	40	static
stm32f7xx_hal_i2c.c:2729:19:HAL_I2C_Mem_Write_DMA	40	static
stm32f7xx_hal_i2c.c:2873:19:HAL_I2C_Mem_Read_DMA	40	static
stm32f7xx_hal_i2c.c:3014:19:HAL_I2C_IsDeviceReady	48	static
stm32f7xx_hal_i2c.c:3156:19:HAL_I2C_Master_Seq_Transmit_IT	12	static
stm32f7xx_hal_i2c.c:3240:19:HAL_I2C_Master_Seq_Transmit_DMA	32	static
stm32f7xx_hal_i2c.c:3402:19:HAL_I2C_Master_Seq_Receive_IT	12	static
stm32f7xx_hal_i2c.c:3486:19:HAL_I2C_Master_Seq_Receive_DMA	32	static
stm32f7xx_hal_i2c.c:3646:19:HAL_I2C_Slave_Seq_Transmit_IT	24	static
stm32f7xx_hal_i2c.c:3741:19:HAL_I2C_Slave_Seq_Transmit_DMA	24	static
stm32f7xx_hal_i2c.c:3920:19:HAL_I2C_Slave_Seq_Receive_IT	24	static
stm32f7xx_hal_i2c.c:4015:19:HAL_I2C_Slave_Seq_Receive_DMA	32	static
stm32f7xx_hal_i2c.c:4190:19:HAL_I2C_EnableListen_IT	4	static
stm32f7xx_hal_i2c.c:4214:19:HAL_I2C_DisableListen_IT	16	static
stm32f7xx_hal_i2c.c:4247:19:HAL_I2C_Master_Abort_IT	16	static
stm32f7xx_hal_i2c.c:4297:6:HAL_I2C_EV_IRQHandler	4	static
stm32f7xx_hal_i2c.c:4365:13:HAL_I2C_MasterTxCpltCallback	0	static
stm32f7xx_hal_i2c.c:4381:13:HAL_I2C_MasterRxCpltCallback	0	static
stm32f7xx_hal_i2c.c:5317:13:I2C_ITMasterSeqCplt	16	static
stm32f7xx_hal_i2c.c:4396:13:HAL_I2C_SlaveTxCpltCallback	0	static
stm32f7xx_hal_i2c.c:4412:13:HAL_I2C_SlaveRxCpltCallback	0	static
stm32f7xx_hal_i2c.c:5370:13:I2C_ITSlaveSeqCplt	16	static
stm32f7xx_hal_i2c.c:5920:13:I2C_DMASlaveTransmitCplt	0	static
stm32f7xx_hal_i2c.c:5995:13:I2C_DMASlaveReceiveCplt	0	static
stm32f7xx_hal_i2c.c:4430:13:HAL_I2C_AddrCallback	0	static
stm32f7xx_hal_i2c.c:5222:13:I2C_ITAddrCplt.isra.9.part.10	24	static
stm32f7xx_hal_i2c.c:4448:13:HAL_I2C_ListenCpltCallback	0	static
stm32f7xx_hal_i2c.c:5682:13:I2C_ITListenCplt	8	static
stm32f7xx_hal_i2c.c:4464:13:HAL_I2C_MemTxCpltCallback	0	static
stm32f7xx_hal_i2c.c:4480:13:HAL_I2C_MemRxCpltCallback	0	static
stm32f7xx_hal_i2c.c:4496:13:HAL_I2C_ErrorCallback	0	static
stm32f7xx_hal_i2c.c:4512:13:HAL_I2C_AbortCpltCallback	0	static
stm32f7xx_hal_i2c.c:5733:13:I2C_ITError	16	static
stm32f7xx_hal_i2c.c:5545:13:I2C_ITSlaveCplt	16	static
stm32f7xx_hal_i2c.c:4732:26:I2C_Slave_ISR_IT	24	static
stm32f7xx_hal_i2c.c:5426:13:I2C_ITMasterCplt	16	static
stm32f7xx_hal_i2c.c:4595:26:I2C_Master_ISR_IT	32	static
stm32f7xx_hal_i2c.c:5000:26:I2C_Slave_ISR_DMA	24	static
stm32f7xx_hal_i2c.c:4865:26:I2C_Master_ISR_DMA	24	static
stm32f7xx_hal_i2c.c:6022:13:I2C_DMAError	16	static
stm32f7xx_hal_i2c.c:5872:13:I2C_DMAMasterTransmitCplt	8	static
stm32f7xx_hal_i2c.c:5947:13:I2C_DMAMasterReceiveCplt	8	static
stm32f7xx_hal_i2c.c:4316:6:HAL_I2C_ER_IRQHandler	8	static
stm32f7xx_hal_i2c.c:6060:13:I2C_DMAAbort	8	static
stm32f7xx_hal_i2c.c:4547:22:HAL_I2C_GetState	0	static
stm32f7xx_hal_i2c.c:4559:21:HAL_I2C_GetMode	0	static
stm32f7xx_hal_i2c.c:4570:10:HAL_I2C_GetError	0	static
