stm32f7xx_hal_i2s.c:1817:26:I2S_WaitFlagStateUntilTimeout	32	static
stm32f7xx_hal_i2s.c:473:13:HAL_I2S_MspInit	0	static
stm32f7xx_hal_i2s.c:253:19:HAL_I2S_Init	24	static
stm32f7xx_hal_i2s.c:489:13:HAL_I2S_MspDeInit	0	static
stm32f7xx_hal_i2s.c:429:19:HAL_I2S_DeInit	8	static
stm32f7xx_hal_i2s.c:751:19:HAL_I2S_Transmit	40	static
stm32f7xx_hal_i2s.c:869:19:HAL_I2S_Receive	24	static
stm32f7xx_hal_i2s.c:967:19:HAL_I2S_Transmit_IT	8	static
stm32f7xx_hal_i2s.c:1033:19:HAL_I2S_Receive_IT	8	static
stm32f7xx_hal_i2s.c:1097:19:HAL_I2S_Transmit_DMA	16	static
stm32f7xx_hal_i2s.c:1185:19:HAL_I2S_Receive_DMA	24	static
stm32f7xx_hal_i2s.c:1273:19:HAL_I2S_DMAPause	0	static
stm32f7xx_hal_i2s.c:1305:19:HAL_I2S_DMAResume	0	static
stm32f7xx_hal_i2s.c:1344:19:HAL_I2S_DMAStop	16	static
stm32f7xx_hal_i2s.c:1454:13:HAL_I2S_TxHalfCpltCallback	0	static
stm32f7xx_hal_i2s.c:1669:13:I2S_DMATxHalfCplt	8	static
stm32f7xx_hal_i2s.c:1470:13:HAL_I2S_TxCpltCallback	0	static
stm32f7xx_hal_i2s.c:1642:13:I2S_DMATxCplt	8	static
stm32f7xx_hal_i2s.c:1486:13:HAL_I2S_RxHalfCpltCallback	0	static
stm32f7xx_hal_i2s.c:1713:13:I2S_DMARxHalfCplt	8	static
stm32f7xx_hal_i2s.c:1502:13:HAL_I2S_RxCpltCallback	0	static
stm32f7xx_hal_i2s.c:1687:13:I2S_DMARxCplt	8	static
stm32f7xx_hal_i2s.c:1518:13:HAL_I2S_ErrorCallback	0	static
stm32f7xx_hal_i2s.c:1731:13:I2S_DMAError	16	static
stm32f7xx_hal_i2s.c:1393:6:HAL_I2S_IRQHandler	16	static
stm32f7xx_hal_i2s.c:1553:22:HAL_I2S_GetState	0	static
stm32f7xx_hal_i2s.c:1564:10:HAL_I2S_GetError	0	static
