stm32f7xx_hal_pwr.c:100:6:HAL_PWR_DeInit	0	static
stm32f7xx_hal_pwr.c:113:6:HAL_PWR_EnableBkUpAccess	0	static
stm32f7xx_hal_pwr.c:126:6:HAL_PWR_DisableBkUpAccess	0	static
stm32f7xx_hal_pwr.c:260:6:HAL_PWR_ConfigPVD	4	static
stm32f7xx_hal_pwr.c:303:6:HAL_PWR_EnablePVD	0	static
stm32f7xx_hal_pwr.c:313:6:HAL_PWR_DisablePVD	0	static
stm32f7xx_hal_pwr.c:336:6:HAL_PWR_EnableWakeUpPin	4	static
stm32f7xx_hal_pwr.c:360:6:HAL_PWR_DisableWakeUpPin	0	static
stm32f7xx_hal_pwr.c:387:6:HAL_PWR_EnterSLEEPMode	0	static,ignoring_inline_asm
stm32f7xx_hal_pwr.c:434:6:HAL_PWR_EnterSTOPMode	4	static,ignoring_inline_asm
stm32f7xx_hal_pwr.c:487:6:HAL_PWR_EnterSTANDBYMode	0	static,ignoring_inline_asm
stm32f7xx_hal_pwr.c:525:13:HAL_PWR_PVDCallback	0	static
stm32f7xx_hal_pwr.c:508:6:HAL_PWR_PVD_IRQHandler	8	static
stm32f7xx_hal_pwr.c:540:6:HAL_PWR_EnableSleepOnExit	0	static
stm32f7xx_hal_pwr.c:552:6:HAL_PWR_DisableSleepOnExit	0	static
stm32f7xx_hal_pwr.c:564:6:HAL_PWR_EnableSEVOnPend	0	static
stm32f7xx_hal_pwr.c:576:6:HAL_PWR_DisableSEVOnPend	0	static
